Component: ARM Compiler 5.06 update 6 (build 750) Tool: armlink [4d35ed]

==============================================================================

Section Cross References

    system_hhd32f1xx.o(i.SystemCoreClockUpdate) refers to system_hhd32f1xx.o(.data) for .data
    startup_hhd32f1xx_s.o(RESET) refers to startup_hhd32f1xx_s.o(STACK) for __initial_sp
    startup_hhd32f1xx_s.o(RESET) refers to startup_hhd32f1xx_s.o(.text) for Reset_Handler
    startup_hhd32f1xx_s.o(RESET) refers to hhd32f10x_it.o(i.NMI_Handler) for NMI_Handler
    startup_hhd32f1xx_s.o(RESET) refers to hhd32f10x_it.o(i.HardFault_Handler) for HardFault_Handler
    startup_hhd32f1xx_s.o(RESET) refers to hhd32f10x_it.o(i.BusFault_Handler) for BusFault_Handler
    startup_hhd32f1xx_s.o(RESET) refers to hhd32f10x_it.o(i.UsageFault_Handler) for UsageFault_Handler
    startup_hhd32f1xx_s.o(RESET) refers to hhd32f10x_it.o(i.SVC_Handler) for SVC_Handler
    startup_hhd32f1xx_s.o(RESET) refers to hhd32f10x_it.o(i.PendSV_Handler) for PendSV_Handler
    startup_hhd32f1xx_s.o(RESET) refers to hhd32f10x_it.o(i.SysTick_Handler) for SysTick_Handler
    startup_hhd32f1xx_s.o(RESET) refers to hhd_can.o(i.CAN1_IRQHandler) for CAN1_IRQHandler
    startup_hhd32f1xx_s.o(RESET) refers to hhd32f10x_it.o(i.ETH_IRQHandler) for ETH_IRQHandler
    startup_hhd32f1xx_s.o(RESET) refers to hhd_can.o(i.CAN2_IRQHandler) for CAN2_IRQHandler
    startup_hhd32f1xx_s.o(.text) refers to system_hhd32f1xx.o(i.SystemInit) for SystemInit
    startup_hhd32f1xx_s.o(.text) refers to entry.o(.ARM.Collect$$$$00000000) for __main
    netconf.o(i.Display_Periodic_Handle) refers to printf8.o(i.__0sprintf$8) for __2sprintf
    netconf.o(i.Display_Periodic_Handle) refers to netconf.o(.data) for .data
    netconf.o(i.Display_Periodic_Handle) refers to netconf.o(.bss) for .bss
    netconf.o(i.LwIP_Init) refers to mem.o(i.mem_init) for mem_init
    netconf.o(i.LwIP_Init) refers to memp.o(i.memp_init) for memp_init
    netconf.o(i.LwIP_Init) refers to inet.o(i.htonl) for htonl
    netconf.o(i.LwIP_Init) refers to ethernetif.o(i.Set_MAC_Address) for Set_MAC_Address
    netconf.o(i.LwIP_Init) refers to netif.o(i.netif_add) for netif_add
    netconf.o(i.LwIP_Init) refers to netif.o(i.netif_set_default) for netif_set_default
    netconf.o(i.LwIP_Init) refers to netif.o(i.netif_set_up) for netif_set_up
    netconf.o(i.LwIP_Init) refers to etharp.o(i.ethernet_input) for ethernet_input
    netconf.o(i.LwIP_Init) refers to ethernetif.o(i.ethernetif_init) for ethernetif_init
    netconf.o(i.LwIP_Init) refers to netconf.o(.bss) for .bss
    netconf.o(i.LwIP_Periodic_Handle) refers to tcp.o(i.tcp_tmr) for tcp_tmr
    netconf.o(i.LwIP_Periodic_Handle) refers to etharp.o(i.etharp_tmr) for etharp_tmr
    netconf.o(i.LwIP_Periodic_Handle) refers to netconf.o(.data) for .data
    netconf.o(i.LwIP_Pkt_Handle) refers to ethernetif.o(i.ethernetif_input) for ethernetif_input
    netconf.o(i.LwIP_Pkt_Handle) refers to netconf.o(.bss) for .bss
    hhd32f107.o(i.Ethernet_Configuration) refers to hhd_eth.o(i.ETH_DMAITConfig) for ETH_DMAITConfig
    hhd32f107.o(i.Ethernet_Configuration) refers to hhd_gpio.o(i.GPIO_ResetPin) for GPIO_ResetPin
    hhd32f107.o(i.Ethernet_Configuration) refers to hhd_gpio.o(i.GPIO_SetPin) for GPIO_SetPin
    hhd32f107.o(i.Ethernet_Configuration) refers to start.o(i.Delay) for Delay
    hhd32f107.o(i.Ethernet_Configuration) refers to hhd_eth.o(i.ETH_SoftwareReset) for ETH_SoftwareReset
    hhd32f107.o(i.Ethernet_Configuration) refers to hhd_eth.o(i.ETH_GetSoftwareResetStatus) for ETH_GetSoftwareResetStatus
    hhd32f107.o(i.Ethernet_Configuration) refers to hhd_eth.o(i.ETH_StructInit) for ETH_StructInit
    hhd32f107.o(i.Ethernet_Configuration) refers to hhd32f107.o(i.get_phyaddr) for get_phyaddr
    hhd32f107.o(i.Ethernet_Configuration) refers to hhd_eth.o(i.ETH_Init) for ETH_Init
    hhd32f107.o(i.get_phyaddr) refers to hhd_eth.o(i.ETH_ReadPHYRegister) for ETH_ReadPHYRegister
    hhd32f10x_it.o(i.ETH_IRQHandler) refers to netconf.o(i.LwIP_Pkt_Handle) for LwIP_Pkt_Handle
    hhd32f10x_it.o(i.ETH_IRQHandler) refers to hhd_eth.o(i.ETH_GetRxPktSize) for ETH_GetRxPktSize
    hhd32f10x_it.o(i.ETH_IRQHandler) refers to hhd_eth.o(i.ETH_DMAClearITPendingBit) for ETH_DMAClearITPendingBit
    hhd32f10x_it.o(i.SysTick_Handler) refers to start.o(i.Time_Update) for Time_Update
    load_server.o(i.frame_handler) refers to mt25q.o(i.mt25q_wirte) for mt25q_wirte
    load_server.o(i.frame_handler) refers to load_server.o(.data) for .data
    load_server.o(i.frame_handler) refers to load_server.o(.bss) for .bss
    load_server.o(i.info_deal) refers to memcmp.o(.text) for memcmp
    load_server.o(i.info_deal) refers to load_server.o(i.frame_handler) for frame_handler
    load_server.o(i.info_deal) refers to mt25q.o(i.mt25q_init) for mt25q_init
    load_server.o(i.info_deal) refers to mt25q.o(i.Flash_erase) for Flash_erase
    load_server.o(i.info_deal) refers to load_server.o(.data) for .data
[...]
    i.UsageFault_Handler                     0x00000d80   Section        0  hhd32f10x_it.o(i.UsageFault_Handler)
    i.WriteByte                              0x00000d84   Section        0  simulator_spi.o(i.WriteByte)
    i.__0printf$8                            0x00000e64   Section        0  printf8.o(i.__0printf$8)
    i.__0sprintf$8                           0x00000e84   Section        0  printf8.o(i.__0sprintf$8)
    i.__scatterload_copy                     0x00000eac   Section       14  handlers.o(i.__scatterload_copy)
    i.__scatterload_null                     0x00000eba   Section        2  handlers.o(i.__scatterload_null)
    i.__scatterload_zeroinit                 0x00000ebc   Section       14  handlers.o(i.__scatterload_zeroinit)
    i._printf_core                           0x00000ecc   Section        0  printf8.o(i._printf_core)
    _printf_core                             0x00000ecd   Thumb Code   996  printf8.o(i._printf_core)
    i._printf_post_padding                   0x000012dc   Section        0  printf8.o(i._printf_post_padding)
    _printf_post_padding                     0x000012dd   Thumb Code    36  printf8.o(i._printf_post_padding)
    i._printf_pre_padding                    0x00001300   Section        0  printf8.o(i._printf_pre_padding)
    _printf_pre_padding                      0x00001301   Thumb Code    46  printf8.o(i._printf_pre_padding)
    i._sputc                                 0x0000132e   Section        0  printf8.o(i._sputc)
    _sputc                                   0x0000132f   Thumb Code    10  printf8.o(i._sputc)
    i.application_init                       0x00001338   Section        0  start.o(i.application_init)
    i.can_init                               0x0000134c   Section        0  hhd_can.o(i.can_init)
    i.can_write_back                         0x000013cc   Section        0  hhd_can.o(i.can_write_back)
    i.etharp_arp_input                       0x0000140c   Section        0  etharp.o(i.etharp_arp_input)
    i.etharp_ip_input                        0x000014d6   Section        0  etharp.o(i.etharp_ip_input)
    i.etharp_output                          0x00001500   Section        0  etharp.o(i.etharp_output)
    i.etharp_query                           0x000015b8   Section        0  etharp.o(i.etharp_query)
    i.etharp_raw                             0x000016bc   Section        0  etharp.o(i.etharp_raw)
    etharp_raw                               0x000016bd   Thumb Code   158  etharp.o(i.etharp_raw)
    i.etharp_request                         0x0000175c   Section        0  etharp.o(i.etharp_request)
    i.etharp_send_ip                         0x00001780   Section        0  etharp.o(i.etharp_send_ip)
    etharp_send_ip                           0x00001781   Thumb Code    54  etharp.o(i.etharp_send_ip)
    i.ethernet_input                         0x000017b6   Section        0  etharp.o(i.ethernet_input)
    i.ethernetif_init                        0x0000180c   Section        0  ethernetif.o(i.ethernetif_init)
    i.ethernetif_input                       0x0000184c   Section        0  ethernetif.o(i.ethernetif_input)
    i.find_entry                             0x00001874   Section        0  etharp.o(i.find_entry)
    find_entry                               0x00001875   Thumb Code   308  etharp.o(i.find_entry)
    i.fputc                                  0x000019b0   Section        0  start.o(i.fputc)
    i.frame_handler                          0x000019c8   Section        0  load_server.o(i.frame_handler)
    i.free_etharp_q                          0x00001a48   Section        0  etharp.o(i.free_etharp_q)
    free_etharp_q                            0x00001a49   Thumb Code    30  etharp.o(i.free_etharp_q)
    i.get_phyaddr                            0x00001a66   Section        0  hhd32f107.o(i.get_phyaddr)
    i.htonl                                  0x00001a88   Section        0  inet.o(i.htonl)
    i.htons                                  0x00001a8c   Section        0  inet.o(i.htons)
    i.icmp_dest_unreach                      0x00001a90   Section        0  icmp.o(i.icmp_dest_unreach)
    i.icmp_input                             0x00001a98   Section        0  icmp.o(i.icmp_input)
    i.icmp_send_response                     0x00001bac   Section        0  icmp.o(i.icmp_send_response)
    icmp_send_response                       0x00001bad   Thumb Code   102  icmp.o(i.icmp_send_response)
    i.icmp_time_exceeded                     0x00001c12   Section        0  icmp.o(i.icmp_time_exceeded)
    i.inet_chksum                            0x00001c1a   Section        0  inet_chksum.o(i.inet_chksum)
    i.inet_chksum_pbuf                       0x00001c26   Section        0  inet_chksum.o(i.inet_chksum_pbuf)
    i.info_deal                              0x00001c70   Section        0  load_server.o(i.info_deal)
    i.ip_addr_isbroadcast                    0x00001ce4   Section        0  ip_addr.o(i.ip_addr_isbroadcast)
    i.ip_frag                                0x00001d14   Section        0  ip_frag.o(i.ip_frag)
    i.ip_input                               0x00001e44   Section        0  ip.o(i.ip_input)
    i.ip_output                              0x00001fa8   Section        0  ip.o(i.ip_output)
    i.ip_output_if                           0x00001fdc   Section        0  ip.o(i.ip_output_if)
    i.ip_reass                               0x000020a8   Section        0  ip_frag.o(i.ip_reass)
    i.ip_reass_chain_frag_into_datagram_and_validate 0x00002258   Section        0  ip_frag.o(i.ip_reass_chain_frag_into_datagram_and_validate)
    ip_reass_chain_frag_into_datagram_and_validate 0x00002259   Thumb Code   234  ip_frag.o(i.ip_reass_chain_frag_into_datagram_and_validate)
    i.ip_reass_dequeue_datagram              0x00002348   Section        0  ip_frag.o(i.ip_reass_dequeue_datagram)
    ip_reass_dequeue_datagram                0x00002349   Thumb Code    30  ip_frag.o(i.ip_reass_dequeue_datagram)
    i.ip_reass_free_complete_datagram        0x0000236c   Section        0  ip_frag.o(i.ip_reass_free_complete_datagram)
    ip_reass_free_complete_datagram          0x0000236d   Thumb Code   106  ip_frag.o(i.ip_reass_free_complete_datagram)
    i.ip_reass_remove_oldest_datagram        0x000023dc   Section        0  ip_frag.o(i.ip_reass_remove_oldest_datagram)
    ip_reass_remove_oldest_datagram          0x000023dd   Thumb Code   110  ip_frag.o(i.ip_reass_remove_oldest_datagram)
    i.ip_route                               0x00002450   Section        0  ip.o(i.ip_route)
    i.jtag_Server_init                       0x00002498   Section        0  lib_xvc_v1_0.o(i.jtag_Server_init)
    i.jtag_gpio_handle                       0x000024dc   Section        0  lib_xvc_v1_0.o(i.jtag_gpio_handle)
    i.load_server_init                       0x00002678   Section        0  load_server.o(i.load_server_init)
    i.low_level_init                         0x000026c0   Section        0  ethernetif.o(i.low_level_init)
    low_level_init                           0x000026c1   Thumb Code   122  ethernetif.o(i.low_level_init)
    i.low_level_input                        0x00002748   Section        0  ethernetif.o(i.low_level_input)
    low_level_input                          0x00002749   Thumb Code    92  ethernetif.o(i.low_level_input)
    i.low_level_output                       0x000027a8   Section        0  ethernetif.o(i.low_level_output)
    low_level_output                         0x000027a9   Thumb Code    44  ethernetif.o(i.low_level_output)
    i.lwip_standard_chksum                   0x000027d4   Section        0  inet_chksum.o(i.lwip_standard_chksum)
    lwip_standard_chksum                     0x000027d5   Thumb Code    60  inet_chksum.o(i.lwip_standard_chksum)
    i.main                                   0x00002810   Section        0  start.o(i.main)
    i.mem_free                               0x0000288c   Section        0  mem.o(i.mem_free)
    i.mem_init                               0x000028b8   Section        0  mem.o(i.mem_init)
    i.mem_malloc                             0x000028ec   Section        0  mem.o(i.mem_malloc)
    i.mem_realloc                            0x00002994   Section        0  mem.o(i.mem_realloc)
    i.memp_free                              0x00002a58   Section        0  memp.o(i.memp_free)
    i.memp_init                              0x00002a70   Section        0  memp.o(i.memp_init)
    i.memp_malloc                            0x00002ac8   Section        0  memp.o(i.memp_malloc)
    i.mt25q_disable_write                    0x00002ae8   Section        0  mt25q.o(i.mt25q_disable_write)
    i.mt25q_enable_write                     0x00002b08   Section        0  mt25q.o(i.mt25q_enable_write)
    i.mt25q_erase                            0x00002b28   Section        0  mt25q.o(i.mt25q_erase)
    i.mt25q_init                             0x00002b98   Section        0  mt25q.o(i.mt25q_init)
    i.mt25q_read_id                          0x00002bfc   Section        0  mt25q.o(i.mt25q_read_id)
    i.mt25q_read_status                      0x00002c3c   Section        0  mt25q.o(i.mt25q_read_status)
    i.mt25q_wirte                            0x00002c60   Section        0  mt25q.o(i.mt25q_wirte)
    i.mt25q_wirte_page                       0x00002cb4   Section        0  mt25q.o(i.mt25q_wirte_page)
    i.netif_add                              0x00002d48   Section        0  netif.o(i.netif_add)
    i.netif_is_up                            0x00002d90   Section        0  netif.o(i.netif_is_up)
    i.netif_set_addr                         0x00002d9a   Section        0  netif.o(i.netif_set_addr)
    i.netif_set_default                      0x00002dbc   Section        0  netif.o(i.netif_set_default)
    i.netif_set_gw                           0x00002dc8   Section        0  netif.o(i.netif_set_gw)
    i.netif_set_ipaddr                       0x00002dd0   Section        0  netif.o(i.netif_set_ipaddr)
    i.netif_set_netmask                      0x00002e38   Section        0  netif.o(i.netif_set_netmask)
    i.netif_set_up                           0x00002e40   Section        0  netif.o(i.netif_set_up)
    i.ntohl                                  0x00002e5c   Section        0  inet.o(i.ntohl)
    i.ntohs                                  0x00002e60   Section        0  inet.o(i.ntohs)
    i.pbuf_alloc                             0x00002e64   Section        0  pbuf.o(i.pbuf_alloc)
    i.pbuf_cat                               0x00002f70   Section        0  pbuf.o(i.pbuf_cat)
    i.pbuf_chain                             0x00002f98   Section        0  pbuf.o(i.pbuf_chain)
    i.pbuf_clen                              0x00002faa   Section        0  pbuf.o(i.pbuf_clen)
    i.pbuf_copy                              0x00002fbc   Section        0  pbuf.o(i.pbuf_copy)
    i.pbuf_copy_partial                      0x0000304c   Section        0  pbuf.o(i.pbuf_copy_partial)
    i.pbuf_free                              0x000030b4   Section        0  pbuf.o(i.pbuf_free)
    i.pbuf_header                            0x000030f8   Section        0  pbuf.o(i.pbuf_header)
    i.pbuf_realloc                           0x00003158   Section        0  pbuf.o(i.pbuf_realloc)
    i.pbuf_ref                               0x000031a6   Section        0  pbuf.o(i.pbuf_ref)
    i.peripheral_init                        0x000031b4   Section        0  start.o(i.peripheral_init)
    i.plug_holes                             0x00003218   Section        0  mem.o(i.plug_holes)
    plug_holes                               0x00003219   Thumb Code    78  mem.o(i.plug_holes)
    i.raw_input                              0x0000326c   Section        0  raw.o(i.raw_input)
    i.readWriteByte                          0x000032d4   Section        0  simulator_spi.o(i.readWriteByte)
    i.spi_Init                               0x00003404   Section        0  simulator_spi.o(i.spi_Init)
    i.tcp_abandon                            0x00003444   Section        0  tcp.o(i.tcp_abandon)
    i.tcp_accept                             0x000034d8   Section        0  tcp.o(i.tcp_accept)
    i.tcp_accept_null                        0x000034dc   Section        0  tcp.o(i.tcp_accept_null)
    tcp_accept_null                          0x000034dd   Thumb Code     6  tcp.o(i.tcp_accept_null)
    i.tcp_alloc                              0x000034e4   Section        0  tcp.o(i.tcp_alloc)
    i.tcp_arg                                0x000035e8   Section        0  tcp.o(i.tcp_arg)
    i.tcp_bind                               0x000035ec   Section        0  tcp.o(i.tcp_bind)
    i.tcp_close                              0x000036a8   Section        0  tcp.o(i.tcp_close)
    i.tcp_echoserver_accept                  0x00003748   Section        0  load_server.o(i.tcp_echoserver_accept)
    tcp_echoserver_accept                    0x00003749   Thumb Code    90  load_server.o(i.tcp_echoserver_accept)
    i.tcp_echoserver_accept                  0x000037b4   Section        0  lib_xvc_v1_0.o(i.tcp_echoserver_accept)
    tcp_echoserver_accept                    0x000037b5   Thumb Code    92  lib_xvc_v1_0.o(i.tcp_echoserver_accept)
    i.tcp_echoserver_connection_close        0x00003824   Section        0  load_server.o(i.tcp_echoserver_connection_close)
    tcp_echoserver_connection_close          0x00003825   Thumb Code    64  load_server.o(i.tcp_echoserver_connection_close)
    i.tcp_echoserver_connection_close        0x00003864   Section        0  lib_xvc_v1_0.o(i.tcp_echoserver_connection_close)
    tcp_echoserver_connection_close          0x00003865   Thumb Code    64  lib_xvc_v1_0.o(i.tcp_echoserver_connection_close)
    i.tcp_echoserver_error                   0x000038a4   Section        0  load_server.o(i.tcp_echoserver_error)
    tcp_echoserver_error                     0x000038a5   Thumb Code    10  load_server.o(i.tcp_echoserver_error)
    i.tcp_echoserver_error                   0x000038ae   Section        0  lib_xvc_v1_0.o(i.tcp_echoserver_error)
    tcp_echoserver_error                     0x000038af   Thumb Code    10  lib_xvc_v1_0.o(i.tcp_echoserver_error)
    i.tcp_echoserver_poll                    0x000038b8   Section        0  load_server.o(i.tcp_echoserver_poll)
    tcp_echoserver_poll                      0x000038b9   Thumb Code    62  load_server.o(i.tcp_echoserver_poll)
    i.tcp_echoserver_poll                    0x000038fc   Section        0  lib_xvc_v1_0.o(i.tcp_echoserver_poll)
    tcp_echoserver_poll                      0x000038fd   Thumb Code    50  lib_xvc_v1_0.o(i.tcp_echoserver_poll)
    i.tcp_echoserver_recv                    0x00003930   Section        0  load_server.o(i.tcp_echoserver_recv)
    tcp_echoserver_recv                      0x00003931   Thumb Code   216  load_server.o(i.tcp_echoserver_recv)
    i.tcp_echoserver_recv                    0x00003a14   Section        0  lib_xvc_v1_0.o(i.tcp_echoserver_recv)
    tcp_echoserver_recv                      0x00003a15   Thumb Code   462  lib_xvc_v1_0.o(i.tcp_echoserver_recv)
    i.tcp_echoserver_send                    0x00003c1c   Section        0  load_server.o(i.tcp_echoserver_send)
    tcp_echoserver_send                      0x00003c1d   Thumb Code    86  load_server.o(i.tcp_echoserver_send)
    i.tcp_echoserver_send                    0x00003c72   Section        0  lib_xvc_v1_0.o(i.tcp_echoserver_send)
    tcp_echoserver_send                      0x00003c73   Thumb Code    76  lib_xvc_v1_0.o(i.tcp_echoserver_send)
    i.tcp_echoserver_sent                    0x00003cc0   Section        0  load_server.o(i.tcp_echoserver_sent)
    tcp_echoserver_sent                      0x00003cc1   Thumb Code    50  load_server.o(i.tcp_echoserver_sent)
    i.tcp_echoserver_sent                    0x00003cf8   Section        0  lib_xvc_v1_0.o(i.tcp_echoserver_sent)
    tcp_echoserver_sent                      0x00003cf9   Thumb Code    34  lib_xvc_v1_0.o(i.tcp_echoserver_sent)
    i.tcp_eff_send_mss                       0x00003d1a   Section        0  tcp.o(i.tcp_eff_send_mss)
    i.tcp_enqueue                            0x00003d3a   Section        0  tcp_out.o(i.tcp_enqueue)
    i.tcp_err                                0x0000402a   Section        0  tcp.o(i.tcp_err)
    i.tcp_input                              0x00004030   Section        0  tcp_in.o(i.tcp_input)
    i.tcp_listen_input                       0x0000434c   Section        0  tcp_in.o(i.tcp_listen_input)
    tcp_listen_input                         0x0000434d   Thumb Code   222  tcp_in.o(i.tcp_listen_input)
    i.tcp_listen_with_backlog                0x00004434   Section        0  tcp.o(i.tcp_listen_with_backlog)
    i.tcp_new                                0x000044b8   Section        0  tcp.o(i.tcp_new)
    i.tcp_new_port                           0x000044c0   Section        0  tcp.o(i.tcp_new_port)
    tcp_new_port                             0x000044c1   Thumb Code    92  tcp.o(i.tcp_new_port)
    i.tcp_next_iss                           0x00004520   Section        0  tcp.o(i.tcp_next_iss)
    i.tcp_output                             0x00004530   Section        0  tcp_out.o(i.tcp_output)
    i.tcp_output_segment                     0x00004748   Section        0  tcp_out.o(i.tcp_output_segment)
    tcp_output_segment                       0x00004749   Thumb Code   168  tcp_out.o(i.tcp_output_segment)
    i.tcp_output_set_header                  0x000047f8   Section        0  tcp_out.o(i.tcp_output_set_header)
    tcp_output_set_header                    0x000047f9   Thumb Code   120  tcp_out.o(i.tcp_output_set_header)
    i.tcp_parseopt                           0x00004870   Section        0  tcp_in.o(i.tcp_parseopt)
    tcp_parseopt                             0x00004871   Thumb Code   124  tcp_in.o(i.tcp_parseopt)
    i.tcp_pcb_purge                          0x000048f0   Section        0  tcp.o(i.tcp_pcb_purge)
    i.tcp_pcb_remove                         0x00004920   Section        0  tcp.o(i.tcp_pcb_remove)
    i.tcp_poll                               0x00004980   Section        0  tcp.o(i.tcp_poll)
    i.tcp_process                            0x0000498c   Section        0  tcp_in.o(i.tcp_process)
    tcp_process                              0x0000498d   Thumb Code   814  tcp_in.o(i.tcp_process)
    i.tcp_receive                            0x00004cd0   Section        0  tcp_in.o(i.tcp_receive)
    tcp_receive                              0x00004cd1   Thumb Code  1130  tcp_in.o(i.tcp_receive)
    i.tcp_recv                               0x0000513a   Section        0  tcp.o(i.tcp_recv)
    i.tcp_recv_null                          0x00005140   Section        0  tcp.o(i.tcp_recv_null)
    tcp_recv_null                            0x00005141   Thumb Code    28  tcp.o(i.tcp_recv_null)
    i.tcp_recved                             0x0000515c   Section        0  tcp.o(i.tcp_recved)
    i.tcp_rexmit                             0x00005196   Section        0  tcp_out.o(i.tcp_rexmit)
    i.tcp_rst                                0x000051ea   Section        0  tcp_out.o(i.tcp_rst)
    i.tcp_seg_free                           0x00005282   Section        0  tcp.o(i.tcp_seg_free)
    i.tcp_segs_free                          0x000052a2   Section        0  tcp.o(i.tcp_segs_free)
    i.tcp_send_ctrl                          0x000052bc   Section        0  tcp_out.o(i.tcp_send_ctrl)
    i.tcp_sent                               0x000052d2   Section        0  tcp.o(i.tcp_sent)
    i.tcp_setprio                            0x000052d8   Section        0  tcp.o(i.tcp_setprio)
    i.tcp_update_rcv_ann_wnd                 0x000052dc   Section        0  tcp.o(i.tcp_update_rcv_ann_wnd)
    i.tcp_write                              0x00005306   Section        0  tcp_out.o(i.tcp_write)
    i.udp_input                              0x00005334   Section        0  udp.o(i.udp_input)
    i.update_arp_entry                       0x00005470   Section        0  etharp.o(i.update_arp_entry)
    update_arp_entry                         0x00005471   Thumb Code   162  etharp.o(i.update_arp_entry)
    .constdata                               0x00005518   Section       36  memp.o(.constdata)
    memp_sizes                               0x00005518   Data          18  memp.o(.constdata)
    memp_num                                 0x0000552a   Data          18  memp.o(.constdata)
    .constdata                               0x0000553c   Section        4  ip_addr.o(.constdata)
    .constdata                               0x00005540   Section       12  etharp.o(.constdata)
    .data                                    0x20000000   Section       16  system_hhd32f1xx.o(.data)
    .data                                    0x20000010   Section       24  load_server.o(.data)
    frame_count                              0x20000010   Data           2  load_server.o(.data)
    tcp_echoserver_pcb                       0x20000024   Data           4  load_server.o(.data)
    .data                                    0x20000028   Section     1004  start.o(.data)
    .data                                    0x20000414   Section        6  ethernetif.o(.data)
    .data                                    0x2000041c   Section       20  hhd_eth.o(.data)
    .data                                    0x20000430   Section       16  mem.o(.data)
    mem_sem                                  0x20000430   Data           1  mem.o(.data)
    ram                                      0x20000434   Data           4  mem.o(.data)
    ram_end                                  0x20000438   Data           4  mem.o(.data)
    lfree                                    0x2000043c   Data           4  mem.o(.data)
    .data                                    0x20000440   Section       12  netif.o(.data)
    netifnum                                 0x20000440   Data           1  netif.o(.data)
    .data                                    0x2000044c   Section        4  raw.o(.data)
    raw_pcbs                                 0x2000044c   Data           4  raw.o(.data)
    .data                                    0x20000450   Section       32  tcp.o(.data)
    tcp_timer                                0x20000450   Data           1  tcp.o(.data)
    port                                     0x20000452   Data           2  tcp.o(.data)
    iss                                      0x20000454   Data           4  tcp.o(.data)
    .data                                    0x20000470   Section       28  tcp_in.o(.data)
    flags                                    0x20000470   Data           1  tcp_in.o(.data)
    recv_flags                               0x20000471   Data           1  tcp_in.o(.data)
    tcplen                                   0x20000472   Data           2  tcp_in.o(.data)
    tcphdr                                   0x20000474   Data           4  tcp_in.o(.data)
    iphdr                                    0x20000478   Data           4  tcp_in.o(.data)
    seqno                                    0x2000047c   Data           4  tcp_in.o(.data)
    ackno                                    0x20000480   Data           4  tcp_in.o(.data)
    recv_data                                0x20000484   Data           4  tcp_in.o(.data)
    .data                                    0x2000048c   Section        4  udp.o(.data)
    .data                                    0x20000490   Section       12  ip.o(.data)
    ip_id                                    0x20000490   Data           2  ip.o(.data)
    current_netif                            0x20000494   Data           4  ip.o(.data)
    current_header                           0x20000498   Data           4  ip.o(.data)
    .data                                    0x2000049c   Section        8  ip_frag.o(.data)
    ip_reass_pbufcount                       0x2000049c   Data           2  ip_frag.o(.data)
    reassdatagrams                           0x200004a0   Data           4  ip_frag.o(.data)
    .data                                    0x200004a4   Section        1  etharp.o(.data)
    etharp_cached_entry                      0x200004a4   Data           1  etharp.o(.data)
    .data                                    0x200004a8   Section        8  lib_xvc_v1_0.o(.data)
    tcp_echoserver_pcb                       0x200004a8   Data           4  lib_xvc_v1_0.o(.data)
    es                                       0x200004ac   Data           4  lib_xvc_v1_0.o(.data)
    .data                                    0x200004b0   Section        4  stdout.o(.data)
    .bss                                     0x200004b4   Section       48  netconf.o(.bss)
    .bss                                     0x200004e4   Section     1044  load_server.o(.bss)
    .bss                                     0x200008f8   Section       20  start.o(.bss)
    .bss                                     0x2000090c   Section    21504  ethernetif.o(.bss)
    .bss                                     0x20005d0c   Section       15  hhd_can.o(.bss)
    .bss                                     0x20005d1b   Section    40980  mem.o(.bss)
    ram_heap                                 0x20005d1b   Data       40980  mem.o(.bss)
    .bss                                     0x2000fd30   Section    18615  memp.o(.bss)
    memp_tab                                 0x2000fd30   Data          36  memp.o(.bss)
    memp_memory                              0x2000fd54   Data       18579  memp.o(.bss)
    .bss                                     0x200145e8   Section       20  tcp_in.o(.bss)
    inseg                                    0x200145e8   Data          20  tcp_in.o(.bss)
    .bss                                     0x200145fc   Section     1504  ip_frag.o(.bss)
    buf                                      0x200145fc   Data        1504  ip_frag.o(.bss)
    .bss                                     0x20014bdc   Section      200  etharp.o(.bss)
    arp_table                                0x20014bdc   Data         200  etharp.o(.bss)
    .bss                                     0x20014ca4   Section     3084  lib_xvc_v1_0.o(.bss)
    shiftPackage                             0x20014ca4   Data        3084  lib_xvc_v1_0.o(.bss)
    STACK                                    0x200158b0   Section     8192  startup_hhd32f1xx_s.o(STACK)

    Global Symbols

    Symbol Name                              Value     Ov Type        Size  Object(Section)

    BuildAttributes$$THM_ISAv4$P$D$K$B$S$PE$A:L22UL41UL21$X:L11$S22US41US21$IEEE1$IW$USESV6$~STKCKD$USESV7$~SHL$OSPACE$ROPI$EBA8$MICROLIB$REQ8$PRES8$EABIv2 0x00000000   Number         0  anon$$obj.o ABSOLUTE
    __ARM_use_no_argv                        0x00000000   Number         0  start.o ABSOLUTE
    __Vectors                                0x00000000   Data           4  startup_hhd32f1xx_s.o(RESET)
    _printf_a                                0x00000000   Number         0  stubs.o ABSOLUTE
    _printf_c                                0x00000000   Number         0  stubs.o ABSOLUTE
    _printf_charcount                        0x00000000   Number         0  stubs.o ABSOLUTE
    _printf_d                                0x00000000   Number         0  stubs.o ABSOLUTE
    _printf_e                                0x00000000   Number         0  stubs.o ABSOLUTE
    _printf_f                                0x00000000   Number         0  stubs.o ABSOLUTE
    _printf_flags                            0x00000000   Number         0  stubs.o ABSOLUTE
    _printf_fp_dec                           0x00000000   Number         0  stubs.o ABSOLUTE
    _printf_fp_hex                           0x00000000   Number         0  stubs.o ABSOLUTE
    _printf_g                                0x00000000   Number         0  stubs.o ABSOLUTE
    _printf_i                                0x00000000   Number         0  stubs.o ABSOLUTE
    _printf_int_dec                          0x00000000   Number         0  stubs.o ABSOLUTE
    _printf_l                                0x00000000   Number         0  stubs.o ABSOLUTE
    _printf_lc                               0x00000000   Number         0  stubs.o ABSOLUTE
    _printf_ll                               0x00000000   Number         0  stubs.o ABSOLUTE
    _printf_lld                              0x00000000   Number         0  stubs.o ABSOLUTE
    _printf_lli                              0x00000000   Number         0  stubs.o ABSOLUTE
    _printf_llo                              0x00000000   Number         0  stubs.o ABSOLUTE
    _printf_llu                              0x00000000   Number         0  stubs.o ABSOLUTE
    _printf_llx                              0x00000000   Number         0  stubs.o ABSOLUTE
    _printf_longlong_dec                     0x00000000   Number         0  stubs.o ABSOLUTE
    _printf_longlong_hex                     0x00000000   Number         0  stubs.o ABSOLUTE
    _printf_longlong_oct                     0x00000000   Number         0  stubs.o ABSOLUTE
    _printf_ls                               0x00000000   Number         0  stubs.o ABSOLUTE
    _printf_mbtowc                           0x00000000   Number         0  stubs.o ABSOLUTE
    _printf_n                                0x00000000   Number         0  stubs.o ABSOLUTE
    _printf_o                                0x00000000   Number         0  stubs.o ABSOLUTE
    _printf_p                                0x00000000   Number         0  stubs.o ABSOLUTE
    _printf_percent                          0x00000000   Number         0  stubs.o ABSOLUTE
    _printf_pre_padding                      0x00000000   Number         0  stubs.o ABSOLUTE
    _printf_return_value                     0x00000000   Number         0  stubs.o ABSOLUTE
    _printf_s                                0x00000000   Number         0  stubs.o ABSOLUTE
    _printf_sizespec                         0x00000000   Number         0  stubs.o ABSOLUTE
    _printf_str                              0x00000000   Number         0  stubs.o ABSOLUTE
    _printf_truncate_signed                  0x00000000   Number         0  stubs.o ABSOLUTE
    _printf_truncate_unsigned                0x00000000   Number         0  stubs.o ABSOLUTE
    _printf_u                                0x00000000   Number         0  stubs.o ABSOLUTE
    _printf_wc                               0x00000000   Number         0  stubs.o ABSOLUTE
    _printf_wctomb                           0x00000000   Number         0  stubs.o ABSOLUTE
    _printf_widthprec                        0x00000000   Number         0  stubs.o ABSOLUTE
    _printf_x                                0x00000000   Number         0  stubs.o ABSOLUTE
    __cpp_initialize__aeabi_                  - Undefined Weak Reference
    __cxa_finalize                            - Undefined Weak Reference
    _clock_init                               - Undefined Weak Reference
    _microlib_exit                            - Undefined Weak Reference
    __Vectors_End                            0x00000148   Data           0  startup_hhd32f1xx_s.o(RESET)
    __Vectors_Size                           0x00000148   Number         0  startup_hhd32f1xx_s.o ABSOLUTE
    __main                                   0x00000149   Thumb Code     0  entry.o(.ARM.Collect$$$$00000000)
    _main_stk                                0x00000149   Thumb Code     0  entry2.o(.ARM.Collect$$$$00000001)
    _main_scatterload                        0x0000014d   Thumb Code     0  entry5.o(.ARM.Collect$$$$00000004)
    __main_after_scatterload                 0x00000151   Thumb Code     0  entry5.o(.ARM.Collect$$$$00000004)
    _main_clock                              0x00000151   Thumb Code     0  entry7b.o(.ARM.Collect$$$$00000008)
    _main_cpp_init                           0x00000151   Thumb Code     0  entry8b.o(.ARM.Collect$$$$0000000A)
    _main_init                               0x00000151   Thumb Code     0  entry9a.o(.ARM.Collect$$$$0000000B)
    __rt_final_cpp                           0x00000159   Thumb Code     0  entry10a.o(.ARM.Collect$$$$0000000D)
    __rt_final_exit                          0x00000159   Thumb Code     0  entry11a.o(.ARM.Collect$$$$0000000F)
    Reset_Handler                            0x0000015d   Thumb Code     8  startup_hhd32f1xx_s.o(.text)
    MemoryManagement_Handler                 0x00000169   Thumb Code     2  startup_hhd32f1xx_s.o(.text)
    DebugMonitor_Handler                     0x00000171   Thumb Code     2  startup_hhd32f1xx_s.o(.text)
    ADC1_2_IRQHandler                        0x00000177   Thumb Code     0  startup_hhd32f1xx_s.o(.text)
    ADC3_IRQHandler                          0x00000177   Thumb Code     0  startup_hhd32f1xx_s.o(.text)
    BOD_IRQHandler                           0x00000177   Thumb Code     0  startup_hhd32f1xx_s.o(.text)
    DAC_IRQHandler                           0x00000177   Thumb Code     0  startup_hhd32f1xx_s.o(.text)
    DMA1_CHANNEL1_IRQHandler                 0x00000177   Thumb Code     0  startup_hhd32f1xx_s.o(.text)
    DMA1_CHANNEL2_IRQHandler                 0x00000177   Thumb Code     0  startup_hhd32f1xx_s.o(.text)
    DMA1_CHANNEL3_IRQHandler                 0x00000177   Thumb Code     0  startup_hhd32f1xx_s.o(.text)
    DMA1_CHANNEL4_IRQHandler                 0x00000177   Thumb Code     0  startup_hhd32f1xx_s.o(.text)
    DMA1_CHANNEL5_IRQHandler                 0x00000177   Thumb Code     0  startup_hhd32f1xx_s.o(.text)
    DMA1_CHANNEL6_IRQHandler                 0x00000177   Thumb Code     0  startup_hhd32f1xx_s.o(.text)
    DMA1_CHANNEL7_IRQHandler                 0x00000177   Thumb Code     0  startup_hhd32f1xx_s.o(.text)
    DMA2_CHANNEL1_IRQHandler                 0x00000177   Thumb Code     0  startup_hhd32f1xx_s.o(.text)
    DMA2_CHANNEL2_IRQHandler                 0x00000177   Thumb Code     0  startup_hhd32f1xx_s.o(.text)
    DMA2_CHANNEL3_IRQHandler                 0x00000177   Thumb Code     0  startup_hhd32f1xx_s.o(.text)
    DMA2_CHANNEL4_5_IRQHandler               0x00000177   Thumb Code     0  startup_hhd32f1xx_s.o(.text)
    ETH_PMT_IRQHandler                       0x00000177   Thumb Code     0  startup_hhd32f1xx_s.o(.text)
    EXTI0_IRQHandler                         0x00000177   Thumb Code     0  startup_hhd32f1xx_s.o(.text)
    EXTI15_10_IRQHandler                     0x00000177   Thumb Code     0  startup_hhd32f1xx_s.o(.text)
    EXTI1_IRQHandler                         0x00000177   Thumb Code     0  startup_hhd32f1xx_s.o(.text)
    EXTI2_IRQHandler                         0x00000177   Thumb Code     0  startup_hhd32f1xx_s.o(.text)
    EXTI3_IRQHandler                         0x00000177   Thumb Code     0  startup_hhd32f1xx_s.o(.text)
    EXTI4_IRQHandler                         0x00000177   Thumb Code     0  startup_hhd32f1xx_s.o(.text)
    EXTI9_5_IRQHandler                       0x00000177   Thumb Code     0  startup_hhd32f1xx_s.o(.text)
    I2C1_IRQHandler                          0x00000177   Thumb Code     0  startup_hhd32f1xx_s.o(.text)
    I2C2_IRQHandler                          0x00000177   Thumb Code     0  startup_hhd32f1xx_s.o(.text)
    RTC_IRQHandler                           0x00000177   Thumb Code     0  startup_hhd32f1xx_s.o(.text)
    SPI1_IRQHandler                          0x00000177   Thumb Code     0  startup_hhd32f1xx_s.o(.text)
    SPI2_IRQHandler                          0x00000177   Thumb Code     0  startup_hhd32f1xx_s.o(.text)
    SPI3_IRQHandler                          0x00000177   Thumb Code     0  startup_hhd32f1xx_s.o(.text)
    SPI4_IRQHandler                          0x00000177   Thumb Code     0  startup_hhd32f1xx_s.o(.text)
    SPI5_IRQHandler                          0x00000177   Thumb Code     0  startup_hhd32f1xx_s.o(.text)
    TIM10_IRQHandler                         0x00000177   Thumb Code     0  startup_hhd32f1xx_s.o(.text)
    TIM11_IRQHandler                         0x00000177   Thumb Code     0  startup_hhd32f1xx_s.o(.text)
    TIM13_IRQHandler                         0x00000177   Thumb Code     0  startup_hhd32f1xx_s.o(.text)
    TIM14_IRQHandler                         0x00000177   Thumb Code     0  startup_hhd32f1xx_s.o(.text)
    TIM1FAULT_TIM9_IRQHandler                0x00000177   Thumb Code     0  startup_hhd32f1xx_s.o(.text)
    TIM1_IRQHandler                          0x00000177   Thumb Code     0  startup_hhd32f1xx_s.o(.text)
    TIM2_IRQHandler                          0x00000177   Thumb Code     0  startup_hhd32f1xx_s.o(.text)
    TIM3_IRQHandler                          0x00000177   Thumb Code     0  startup_hhd32f1xx_s.o(.text)
    TIM4_IRQHandler                          0x00000177   Thumb Code     0  startup_hhd32f1xx_s.o(.text)
    TIM5_IRQHandler                          0x00000177   Thumb Code     0  startup_hhd32f1xx_s.o(.text)
    TIM6_IRQHandler                          0x00000177   Thumb Code     0  startup_hhd32f1xx_s.o(.text)
    TIM7_IRQHandler                          0x00000177   Thumb Code     0  startup_hhd32f1xx_s.o(.text)
    TIM8FAULT_TIM12_IRQHandler               0x00000177   Thumb Code     0  startup_hhd32f1xx_s.o(.text)
    TIM8_IRQHandler                          0x00000177   Thumb Code     0  startup_hhd32f1xx_s.o(.text)
    UART1_IRQHandler                         0x00000177   Thumb Code     0  startup_hhd32f1xx_s.o(.text)
    UART2_IRQHandler                         0x00000177   Thumb Code     0  startup_hhd32f1xx_s.o(.text)
    UART3_IRQHandler                         0x00000177   Thumb Code     0  startup_hhd32f1xx_s.o(.text)
    UART4_IRQHandler                         0x00000177   Thumb Code     0  startup_hhd32f1xx_s.o(.text)
    UART5_IRQHandler                         0x00000177   Thumb Code     0  startup_hhd32f1xx_s.o(.text)
    USBWAKEUP_IRQHandler                     0x00000177   Thumb Code     0  startup_hhd32f1xx_s.o(.text)
    USB_IRQHandler                           0x00000177   Thumb Code     0  startup_hhd32f1xx_s.o(.text)
    WWDT_IRQHandler                          0x00000177   Thumb Code     0  startup_hhd32f1xx_s.o(.text)
    __aeabi_memcpy                           0x00000181   Thumb Code    36  memcpya.o(.text)
    __aeabi_memcpy4                          0x00000181   Thumb Code     0  memcpya.o(.text)
    __aeabi_memcpy8                          0x00000181   Thumb Code     0  memcpya.o(.text)
    __aeabi_memset                           0x000001a5   Thumb Code    14  memseta.o(.text)
    __aeabi_memset4                          0x000001a5   Thumb Code     0  memseta.o(.text)
    __aeabi_memset8                          0x000001a5   Thumb Code     0  memseta.o(.text)
    __aeabi_memclr                           0x000001b3   Thumb Code     4  memseta.o(.text)
    __aeabi_memclr4                          0x000001b3   Thumb Code     0  memseta.o(.text)
    __aeabi_memclr8                          0x000001b3   Thumb Code     0  memseta.o(.text)
    _memset$wrapper                          0x000001b7   Thumb Code    18  memseta.o(.text)
    strlen                                   0x000001c9   Thumb Code    14  strlen.o(.text)
    memcmp                                   0x000001d7   Thumb Code    26  memcmp.o(.text)
    __aeabi_uldivmod                         0x000001f1   Thumb Code    98  uldiv.o(.text)
    __scatterload                            0x00000255   Thumb Code    28  init.o(.text)
    __scatterload_rt2                        0x00000255   Thumb Code     0  init.o(.text)
    __aeabi_llsl                             0x00000279   Thumb Code    30  llshl.o(.text)
    _ll_shift_l                              0x00000279   Thumb Code     0  llshl.o(.text)
    __aeabi_llsr                             0x00000297   Thumb Code    32  llushr.o(.text)
    _ll_ushift_r                             0x00000297   Thumb Code     0  llushr.o(.text)
    __decompress                             0x000002b7   Thumb Code     0  __dczerorl2.o(.text)
    __decompress1                            0x000002b7   Thumb Code    86  __dczerorl2.o(.text)
    BusFault_Handler                         0x0000030d   Thumb Code     2  hhd32f10x_it.o(i.BusFault_Handler)
    CAN1_IRQHandler                          0x00000311   Thumb Code    62  hhd_can.o(i.CAN1_IRQHandler)
    CAN2_IRQHandler                          0x00000361   Thumb Code    62  hhd_can.o(i.CAN2_IRQHandler)
    CAN_EnableInt                            0x00000409   Thumb Code    30  hhd_can.o(i.CAN_EnableInt)
    Delay                                    0x00000431   Thumb Code    14  start.o(i.Delay)
    Delay_1ms                                0x00000445   Thumb Code    24  hhd32f107.o(i.Delay_1ms)
    ETH_DMAClearITPendingBit                 0x0000045d   Thumb Code     6  hhd_eth.o(i.ETH_DMAClearITPendingBit)
    ETH_DMAITConfig                          0x00000469   Thumb Code    18  hhd_eth.o(i.ETH_DMAITConfig)
    ETH_DMAReceptionCmd                      0x00000481   Thumb Code    22  hhd_eth.o(i.ETH_DMAReceptionCmd)
    ETH_DMARxDescChainInit                   0x0000049d   Thumb Code    68  hhd_eth.o(i.ETH_DMARxDescChainInit)
    ETH_DMARxDescReceiveITConfig             0x000004ed   Thumb Code    18  hhd_eth.o(i.ETH_DMARxDescReceiveITConfig)
    ETH_DMATransmissionCmd                   0x00000501   Thumb Code    22  hhd_eth.o(i.ETH_DMATransmissionCmd)
    ETH_DMATxDescChainInit                   0x0000051d   Thumb Code    62  hhd_eth.o(i.ETH_DMATxDescChainInit)
    ETH_DMATxDescChecksumInsertionConfig     0x00000565   Thumb Code     8  hhd_eth.o(i.ETH_DMATxDescChecksumInsertionConfig)
    ETH_FlushTransmitFIFO                    0x0000056d   Thumb Code    12  hhd_eth.o(i.ETH_FlushTransmitFIFO)
    ETH_GetCurrentTxBuffer                   0x0000057d   Thumb Code     8  ethernetif.o(i.ETH_GetCurrentTxBuffer)
    ETH_GetDMARxDescFrameLength              0x00000589   Thumb Code     8  hhd_eth.o(i.ETH_GetDMARxDescFrameLength)
    ETH_GetRxPktSize                         0x00000591   Thumb Code    30  hhd_eth.o(i.ETH_GetRxPktSize)
    ETH_GetSoftwareResetStatus               0x000005b5   Thumb Code    14  hhd_eth.o(i.ETH_GetSoftwareResetStatus)
    ETH_IRQHandler                           0x000005c9   Thumb Code    34  hhd32f10x_it.o(i.ETH_IRQHandler)
    ETH_Init                                 0x000005ed   Thumb Code   312  hhd_eth.o(i.ETH_Init)
    ETH_MACAddressConfig                     0x00000735   Thumb Code    22  hhd_eth.o(i.ETH_MACAddressConfig)
    ETH_MACReceptionCmd                      0x00000751   Thumb Code    22  hhd_eth.o(i.ETH_MACReceptionCmd)
    ETH_MACTransmissionCmd                   0x0000076d   Thumb Code    22  hhd_eth.o(i.ETH_MACTransmissionCmd)
    ETH_ReadPHYRegister                      0x00000789   Thumb Code    80  hhd_eth.o(i.ETH_ReadPHYRegister)
    ETH_RxPkt_ChainMode                      0x000007e1   Thumb Code    70  ethernetif.o(i.ETH_RxPkt_ChainMode)
    ETH_SoftwareReset                        0x00000831   Thumb Code    12  hhd_eth.o(i.ETH_SoftwareReset)
    ETH_Start                                0x00000841   Thumb Code    34  hhd_eth.o(i.ETH_Start)
    ETH_StructInit                           0x00000863   Thumb Code   130  hhd_eth.o(i.ETH_StructInit)
    ETH_TxPkt_ChainMode                      0x000008e5   Thumb Code    60  ethernetif.o(i.ETH_TxPkt_ChainMode)
    ETH_WritePHYRegister                     0x00000929   Thumb Code    76  hhd_eth.o(i.ETH_WritePHYRegister)
    Ethernet_Configuration                   0x0000097d   Thumb Code   228  hhd32f107.o(i.Ethernet_Configuration)
    Flash_erase                              0x00000a6d   Thumb Code    44  mt25q.o(i.Flash_erase)
    GPIO_ConfigPinsAsInput                   0x00000a99   Thumb Code     8  hhd_gpio.o(i.GPIO_ConfigPinsAsInput)
    GPIO_ConfigPinsAsOutput                  0x00000aa1   Thumb Code     8  hhd_gpio.o(i.GPIO_ConfigPinsAsOutput)
    GPIO_ResetPin                            0x00000aa9   Thumb Code     8  hhd_gpio.o(i.GPIO_ResetPin)
    GPIO_SetPin                              0x00000ab1   Thumb Code     8  hhd_gpio.o(i.GPIO_SetPin)
    HardFault_Handler                        0x00000ab9   Thumb Code     2  hhd32f10x_it.o(i.HardFault_Handler)
    IO_init                                  0x00000abb   Thumb Code    92  io_init.o(i.IO_init)
    Jtag_Init                                0x00000b19   Thumb Code    48  lib_xvc_v1_0.o(i.Jtag_Init)
    LwIP_Init                                0x00000b4d   Thumb Code    94  netconf.o(i.LwIP_Init)
    LwIP_Pkt_Handle                          0x00000bc5   Thumb Code     6  netconf.o(i.LwIP_Pkt_Handle)
    NMI_Handler                              0x00000bd1   Thumb Code     2  hhd32f10x_it.o(i.NMI_Handler)
    PHY_MII_COPPER                           0x00000c09   Thumb Code   112  hhd_eth.o(i.PHY_MII_COPPER)
    PendSV_Handler                           0x00000c79   Thumb Code     2  hhd32f10x_it.o(i.PendSV_Handler)
    RCC_APB2PeriphClockCmd                   0x00000c7d   Thumb Code    20  hhd_rcc.o(i.RCC_APB2PeriphClockCmd)
    SVC_Handler                              0x00000c95   Thumb Code     2  hhd32f10x_it.o(i.SVC_Handler)
    Set_MAC_Address                          0x00000c99   Thumb Code    34  ethernetif.o(i.Set_MAC_Address)
    SysTick_Handler                          0x00000cc1   Thumb Code     4  hhd32f10x_it.o(i.SysTick_Handler)
    SystemInit                               0x00000cc5   Thumb Code   154  system_hhd32f1xx.o(i.SystemInit)
    Time_Update                              0x00000d71   Thumb Code    10  start.o(i.Time_Update)
    UsageFault_Handler                       0x00000d81   Thumb Code     2  hhd32f10x_it.o(i.UsageFault_Handler)
    WriteByte                                0x00000d85   Thumb Code   218  simulator_spi.o(i.WriteByte)
    __0printf$8                              0x00000e65   Thumb Code    22  printf8.o(i.__0printf$8)
    __1printf$8                              0x00000e65   Thumb Code     0  printf8.o(i.__0printf$8)
    __2printf                                0x00000e65   Thumb Code     0  printf8.o(i.__0printf$8)
    __0sprintf$8                             0x00000e85   Thumb Code    34  printf8.o(i.__0sprintf$8)
    __1sprintf$8                             0x00000e85   Thumb Code     0  printf8.o(i.__0sprintf$8)
    __2sprintf                               0x00000e85   Thumb Code     0  printf8.o(i.__0sprintf$8)
    __scatterload_copy                       0x00000ead   Thumb Code    14  handlers.o(i.__scatterload_copy)
    __scatterload_null                       0x00000ebb   Thumb Code     2  handlers.o(i.__scatterload_null)
    __scatterload_zeroinit                   0x00000ebd   Thumb Code    14  handlers.o(i.__scatterload_zeroinit)
    application_init                         0x00001339   Thumb Code    18  start.o(i.application_init)
    can_init                                 0x0000134d   Thumb Code   118  hhd_can.o(i.can_init)
    can_write_back                           0x000013cd   Thumb Code    64  hhd_can.o(i.can_write_back)
    etharp_arp_input                         0x0000140d   Thumb Code   202  etharp.o(i.etharp_arp_input)
    etharp_ip_input                          0x000014d7   Thumb Code    40  etharp.o(i.etharp_ip_input)
    etharp_output                            0x00001501   Thumb Code   178  etharp.o(i.etharp_output)
    etharp_query                             0x000015b9   Thumb Code   256  etharp.o(i.etharp_query)
    etharp_request                           0x0000175d   Thumb Code    32  etharp.o(i.etharp_request)
    ethernet_input                           0x000017b7   Thumb Code    84  etharp.o(i.ethernet_input)
    ethernetif_init                          0x0000180d   Thumb Code    56  ethernetif.o(i.ethernetif_init)
    ethernetif_input                         0x0000184d   Thumb Code    38  ethernetif.o(i.ethernetif_input)
    fputc                                    0x000019b1   Thumb Code    18  start.o(i.fputc)
    frame_handler                            0x000019c9   Thumb Code   112  load_server.o(i.frame_handler)
    get_phyaddr                              0x00001a67   Thumb Code    34  hhd32f107.o(i.get_phyaddr)
    htonl                                    0x00001a89   Thumb Code     4  inet.o(i.htonl)
    htons                                    0x00001a8d   Thumb Code     4  inet.o(i.htons)
    icmp_dest_unreach                        0x00001a91   Thumb Code     8  icmp.o(i.icmp_dest_unreach)
    icmp_input                               0x00001a99   Thumb Code   276  icmp.o(i.icmp_input)
    icmp_time_exceeded                       0x00001c13   Thumb Code     8  icmp.o(i.icmp_time_exceeded)
    inet_chksum                              0x00001c1b   Thumb Code    12  inet_chksum.o(i.inet_chksum)
    inet_chksum_pbuf                         0x00001c27   Thumb Code    72  inet_chksum.o(i.inet_chksum_pbuf)
    info_deal                                0x00001c71   Thumb Code    86  load_server.o(i.info_deal)
    ip_addr_isbroadcast                      0x00001ce5   Thumb Code    48  ip_addr.o(i.ip_addr_isbroadcast)
    ip_frag                                  0x00001d15   Thumb Code   298  ip_frag.o(i.ip_frag)
    ip_input                                 0x00001e45   Thumb Code   348  ip.o(i.ip_input)
    ip_output                                0x00001fa9   Thumb Code    52  ip.o(i.ip_output)
    ip_output_if                             0x00001fdd   Thumb Code   200  ip.o(i.ip_output_if)
    ip_reass                                 0x000020a9   Thumb Code   428  ip_frag.o(i.ip_reass)
    ip_route                                 0x00002451   Thumb Code    62  ip.o(i.ip_route)
    jtag_Server_init                         0x00002499   Thumb Code    54  lib_xvc_v1_0.o(i.jtag_Server_init)
    jtag_gpio_handle                         0x000024dd   Thumb Code   402  lib_xvc_v1_0.o(i.jtag_gpio_handle)
    load_server_init                         0x00002679   Thumb Code    60  load_server.o(i.load_server_init)
    main                                     0x00002811   Thumb Code    88  start.o(i.main)
    mem_free                                 0x0000288d   Thumb Code    40  mem.o(i.mem_free)
    mem_init                                 0x000028b9   Thumb Code    44  mem.o(i.mem_init)
    mem_malloc                               0x000028ed   Thumb Code   162  mem.o(i.mem_malloc)
    mem_realloc                              0x00002995   Thumb Code   190  mem.o(i.mem_realloc)
    memp_free                                0x00002a59   Thumb Code    18  memp.o(i.memp_free)
    memp_init                                0x00002a71   Thumb Code    78  memp.o(i.memp_init)
    memp_malloc                              0x00002ac9   Thumb Code    28  memp.o(i.memp_malloc)
    mt25q_disable_write                      0x00002ae9   Thumb Code    28  mt25q.o(i.mt25q_disable_write)
    mt25q_enable_write                       0x00002b09   Thumb Code    28  mt25q.o(i.mt25q_enable_write)
    mt25q_erase                              0x00002b29   Thumb Code   106  mt25q.o(i.mt25q_erase)
    mt25q_init                               0x00002b99   Thumb Code    92  mt25q.o(i.mt25q_init)
    mt25q_read_id                            0x00002bfd   Thumb Code    58  mt25q.o(i.mt25q_read_id)
    mt25q_read_status                        0x00002c3d   Thumb Code    32  mt25q.o(i.mt25q_read_status)
    mt25q_wirte                              0x00002c61   Thumb Code    84  mt25q.o(i.mt25q_wirte)
    mt25q_wirte_page                         0x00002cb5   Thumb Code   144  mt25q.o(i.mt25q_wirte_page)
    netif_add                                0x00002d49   Thumb Code    68  netif.o(i.netif_add)
    netif_is_up                              0x00002d91   Thumb Code    10  netif.o(i.netif_is_up)
    netif_set_addr                           0x00002d9b   Thumb Code    32  netif.o(i.netif_set_addr)
    netif_set_default                        0x00002dbd   Thumb Code     6  netif.o(i.netif_set_default)
    netif_set_gw                             0x00002dc9   Thumb Code     8  netif.o(i.netif_set_gw)
    netif_set_ipaddr                         0x00002dd1   Thumb Code    96  netif.o(i.netif_set_ipaddr)
    netif_set_netmask                        0x00002e39   Thumb Code     8  netif.o(i.netif_set_netmask)
    netif_set_up                             0x00002e41   Thumb Code    28  netif.o(i.netif_set_up)
    ntohl                                    0x00002e5d   Thumb Code     4  inet.o(i.ntohl)
    ntohs                                    0x00002e61   Thumb Code     4  inet.o(i.ntohs)
    pbuf_alloc                               0x00002e65   Thumb Code   268  pbuf.o(i.pbuf_alloc)
    pbuf_cat                                 0x00002f71   Thumb Code    40  pbuf.o(i.pbuf_cat)
    pbuf_chain                               0x00002f99   Thumb Code    18  pbuf.o(i.pbuf_chain)
    pbuf_clen                                0x00002fab   Thumb Code    18  pbuf.o(i.pbuf_clen)
    pbuf_copy                                0x00002fbd   Thumb Code   144  pbuf.o(i.pbuf_copy)
    pbuf_copy_partial                        0x0000304d   Thumb Code   104  pbuf.o(i.pbuf_copy_partial)
    pbuf_free                                0x000030b5   Thumb Code    68  pbuf.o(i.pbuf_free)
    pbuf_header                              0x000030f9   Thumb Code    96  pbuf.o(i.pbuf_header)
    pbuf_realloc                             0x00003159   Thumb Code    78  pbuf.o(i.pbuf_realloc)
    pbuf_ref                                 0x000031a7   Thumb Code    12  pbuf.o(i.pbuf_ref)
    peripheral_init                          0x000031b5   Thumb Code    88  start.o(i.peripheral_init)
    raw_input                                0x0000326d   Thumb Code   100  raw.o(i.raw_input)
    readWriteByte                            0x000032d5   Thumb Code   300  simulator_spi.o(i.readWriteByte)
    spi_Init                                 0x00003405   Thumb Code    54  simulator_spi.o(i.spi_Init)
    tcp_abandon                              0x00003445   Thumb Code   142  tcp.o(i.tcp_abandon)
    tcp_accept                               0x000034d9   Thumb Code     4  tcp.o(i.tcp_accept)
    tcp_alloc                                0x000034e5   Thumb Code   248  tcp.o(i.tcp_alloc)
    tcp_arg                                  0x000035e9   Thumb Code     4  tcp.o(i.tcp_arg)
    tcp_bind                                 0x000035ed   Thumb Code   182  tcp.o(i.tcp_bind)
    tcp_close                                0x000036a9   Thumb Code   156  tcp.o(i.tcp_close)
    tcp_eff_send_mss                         0x00003d1b   Thumb Code    32  tcp.o(i.tcp_eff_send_mss)
    tcp_enqueue                              0x00003d3b   Thumb Code   752  tcp_out.o(i.tcp_enqueue)
    tcp_err                                  0x0000402b   Thumb Code     6  tcp.o(i.tcp_err)
    tcp_input                                0x00004031   Thumb Code   776  tcp_in.o(i.tcp_input)
    tcp_listen_with_backlog                  0x00004435   Thumb Code   122  tcp.o(i.tcp_listen_with_backlog)
    tcp_new                                  0x000044b9   Thumb Code     6  tcp.o(i.tcp_new)
    tcp_next_iss                             0x00004521   Thumb Code    12  tcp.o(i.tcp_next_iss)
    tcp_output                               0x00004531   Thumb Code   532  tcp_out.o(i.tcp_output)
    tcp_pcb_purge                            0x000048f1   Thumb Code    48  tcp.o(i.tcp_pcb_purge)
    tcp_pcb_remove                           0x00004921   Thumb Code    90  tcp.o(i.tcp_pcb_remove)
    tcp_poll                                 0x00004981   Thumb Code    10  tcp.o(i.tcp_poll)
    tcp_recv                                 0x0000513b   Thumb Code     6  tcp.o(i.tcp_recv)
    tcp_recved                               0x0000515d   Thumb Code    58  tcp.o(i.tcp_recved)
    tcp_rexmit                               0x00005197   Thumb Code    84  tcp_out.o(i.tcp_rexmit)
    tcp_rst                                  0x000051eb   Thumb Code   152  tcp_out.o(i.tcp_rst)
    tcp_seg_free                             0x00005283   Thumb Code    32  tcp.o(i.tcp_seg_free)
    tcp_segs_free                            0x000052a3   Thumb Code    26  tcp.o(i.tcp_segs_free)
    tcp_send_ctrl                            0x000052bd   Thumb Code    22  tcp_out.o(i.tcp_send_ctrl)
    tcp_sent                                 0x000052d3   Thumb Code     6  tcp.o(i.tcp_sent)
    tcp_setprio                              0x000052d9   Thumb Code     4  tcp.o(i.tcp_setprio)
    tcp_update_rcv_ann_wnd                   0x000052dd   Thumb Code    42  tcp.o(i.tcp_update_rcv_ann_wnd)
    tcp_write                                0x00005307   Thumb Code    46  tcp_out.o(i.tcp_write)
    udp_input                                0x00005335   Thumb Code   312  udp.o(i.udp_input)
    ip_addr_any                              0x0000553c   Data           4  ip_addr.o(.constdata)
    ethbroadcast                             0x00005540   Data           6  etharp.o(.constdata)
    ethzero                                  0x00005546   Data           6  etharp.o(.constdata)
    Region$$Table$$Base                      0x0000554c   Number         0  anon$$obj.o(Region$$Table)
    Region$$Table$$Limit                     0x0000556c   Number         0  anon$$obj.o(Region$$Table)
    SystemCoreClock                          0x20000000   Data           4  system_hhd32f1xx.o(.data)
    MainClock                                0x20000004   Data           4  system_hhd32f1xx.o(.data)
    APB1Clock                                0x20000008   Data           4  system_hhd32f1xx.o(.data)
    APB2Clock                                0x2000000c   Data           4  system_hhd32f1xx.o(.data)
    fileLen                                  0x20000014   Data           4  load_server.o(.data)
    startaddr                                0x20000018   Data           4  load_server.o(.data)
    file_count                               0x2000001c   Data           4  load_server.o(.data)
    ret                                      0x20000020   Data           4  load_server.o(.data)
    LocalTime                                0x20000028   Data           4  start.o(.data)
    pins_table                               0x2000002c   Data        1000  start.o(.data)
    MACaddr                                  0x20000414   Data           6  ethernetif.o(.data)
    DMATxDescToSet                           0x2000041c   Data           4  hhd_eth.o(.data)
    DMARxDescToGet                           0x20000420   Data           4  hhd_eth.o(.data)
    DMAPTPTxDescToSet                        0x20000424   Data           4  hhd_eth.o(.data)
    DMAPTPRxDescToGet                        0x20000428   Data           4  hhd_eth.o(.data)
    error_flag                               0x2000042c   Data           4  hhd_eth.o(.data)
    netif_list                               0x20000444   Data           4  netif.o(.data)
    netif_default                            0x20000448   Data           4  netif.o(.data)
    tcp_ticks                                0x20000458   Data           4  tcp.o(.data)
    tcp_bound_pcbs                           0x2000045c   Data           4  tcp.o(.data)
    tcp_listen_pcbs                          0x20000460   Data           4  tcp.o(.data)
    tcp_active_pcbs                          0x20000464   Data           4  tcp.o(.data)
    tcp_tw_pcbs                              0x20000468   Data           4  tcp.o(.data)
    tcp_tmp_pcb                              0x2000046c   Data           4  tcp.o(.data)
    tcp_input_pcb                            0x20000488   Data           4  tcp_in.o(.data)
    udp_pcbs                                 0x2000048c   Data           4  udp.o(.data)
    __stdout                                 0x200004b0   Data           4  stdout.o(.data)
    netif                                    0x200004b4   Data          48  netconf.o(.bss)
    data_buff                                0x200004e4   Data        1034  load_server.o(.bss)
    buff                                     0x200008ee   Data          10  load_server.o(.bss)
    TxMessage                                0x200008f8   Data          20  start.o(.bss)
    DMARxDscrTab                             0x2000090c   Data         160  ethernetif.o(.bss)
    DMATxDscrTab                             0x200009ac   Data          64  ethernetif.o(.bss)
    Rx_Buff                                  0x200009ec   Data       15200  ethernetif.o(.bss)
    Tx_Buff                                  0x2000454c   Data        6080  ethernetif.o(.bss)
    can_buff                                 0x20005d0c   Data          15  hhd_can.o(.bss)
    __initial_sp                             0x200178b0   Data           0  startup_hhd32f1xx_s.o(STACK)



==============================================================================

Memory Map of the image

  Image Entry point : 0x00000149

  Load Region LR_IROM1 (Base: 0x00000000, Size: 0x00005a20, Max: 0x00010000, ABSOLUTE, COMPRESSED[0x000056c8])

    Execution Region ER_IROM1 (Exec base: 0x00000000, Load base: 0x00000000, Size: 0x0000556c, Max: 0x00010000, ABSOLUTE)

    Exec Addr    Load Addr    Size         Type   Attr      Idx    E Section Name        Object

    0x00000000   0x00000000   0x00000148   Data   RO           93    RESET               startup_hhd32f1xx_s.o
    0x00000148   0x00000148   0x00000000   Code   RO         3534  * .ARM.Collect$$$$00000000  mc_w.l(entry.o)
    0x00000148   0x00000148   0x00000004   Code   RO         3808    .ARM.Collect$$$$00000001  mc_w.l(entry2.o)
    0x0000014c   0x0000014c   0x00000004   Code   RO         3811    .ARM.Collect$$$$00000004  mc_w.l(entry5.o)
    0x00000150   0x00000150   0x00000000   Code   RO         3813    .ARM.Collect$$$$00000008  mc_w.l(entry7b.o)
    0x00000150   0x00000150   0x00000000   Code   RO         3815    .ARM.Collect$$$$0000000A  mc_w.l(entry8b.o)
    0x00000150   0x00000150   0x00000008   Code   RO         3816    .ARM.Collect$$$$0000000B  mc_w.l(entry9a.o)
    0x00000158   0x00000158   0x00000000   Code   RO         3818    .ARM.Collect$$$$0000000D  mc_w.l(entry10a.o)
    0x00000158   0x00000158   0x00000000   Code   RO         3820    .ARM.Collect$$$$0000000F  mc_w.l(entry11a.o)
    0x00000158   0x00000158   0x00000004   Code   RO         3809    .ARM.Collect$$$$00002712  mc_w.l(entry2.o)
    0x0000015c   0x0000015c   0x00000024   Code   RO           94    .text               startup_hhd32f1xx_s.o
    0x00000180   0x00000180   0x00000024   Code   RO         3537    .text               mc_w.l(memcpya.o)
    0x000001a4   0x000001a4   0x00000024   Code   RO         3539    .text               mc_w.l(memseta.o)
    0x000001c8   0x000001c8   0x0000000e   Code   RO         3541    .text               mc_w.l(strlen.o)
    0x000001d6   0x000001d6   0x0000001a   Code   RO         3543    .text               mc_w.l(memcmp.o)
    0x000001f0   0x000001f0   0x00000062   Code   RO         3825    .text               mc_w.l(uldiv.o)
    0x00000252   0x00000252   0x00000002   PAD
    0x00000254   0x00000254   0x00000024   Code   RO         3838    .text               mc_w.l(init.o)
    0x00000278   0x00000278   0x0000001e   Code   RO         3840    .text               mc_w.l(llshl.o)
    0x00000296   0x00000296   0x00000020   Code   RO         3842    .text               mc_w.l(llushr.o)
    0x000002b6   0x000002b6   0x00000056   Code   RO         3856    .text               mc_w.l(__dczerorl2.o)
    0x0000030c   0x0000030c   0x00000002   Code   RO          266    i.BusFault_Handler  hhd32f10x_it.o
    0x0000030e   0x0000030e   0x00000002   PAD
    0x00000310   0x00000310   0x00000050   Code   RO          880    i.CAN1_IRQHandler   hhd_can.o
    0x00000360   0x00000360   0x000000a8   Code   RO          881    i.CAN2_IRQHandler   hhd_can.o
    0x00000408   0x00000408   0x00000028   Code   RO          885    i.CAN_EnableInt     hhd_can.o
    0x00000430   0x00000430   0x00000014   Code   RO          531    i.Delay             start.o
    0x00000444   0x00000444   0x00000018   Code   RO          226    i.Delay_1ms         hhd32f107.o
    0x0000045c   0x0000045c   0x0000000c   Code   RO         1788    i.ETH_DMAClearITPendingBit  hhd_eth.o
    0x00000468   0x00000468   0x00000018   Code   RO         1789    i.ETH_DMAITConfig   hhd_eth.o
    0x00000480   0x00000480   0x0000001c   Code   RO         1792    i.ETH_DMAReceptionCmd  hhd_eth.o
    0x0000049c   0x0000049c   0x00000050   Code   RO         1793    i.ETH_DMARxDescChainInit  hhd_eth.o
    0x000004ec   0x000004ec   0x00000012   Code   RO         1795    i.ETH_DMARxDescReceiveITConfig  hhd_eth.o
    0x000004fe   0x000004fe   0x00000002   PAD
    0x00000500   0x00000500   0x0000001c   Code   RO         1798    i.ETH_DMATransmissionCmd  hhd_eth.o
    0x0000051c   0x0000051c   0x00000048   Code   RO         1801    i.ETH_DMATxDescChainInit  hhd_eth.o
    0x00000564   0x00000564   0x00000008   Code   RO         1802    i.ETH_DMATxDescChecksumInsertionConfig  hhd_eth.o
    0x0000056c   0x0000056c   0x00000010   Code   RO         1815    i.ETH_FlushTransmitFIFO  hhd_eth.o
    0x0000057c   0x0000057c   0x0000000c   Code   RO          631    i.ETH_GetCurrentTxBuffer  ethernetif.o
    0x00000588   0x00000588   0x00000008   Code   RO         1826    i.ETH_GetDMARxDescFrameLength  hhd_eth.o
    0x00000590   0x00000590   0x00000024   Code   RO         1842    i.ETH_GetRxPktSize  hhd_eth.o
    0x000005b4   0x000005b4   0x00000014   Code   RO         1843    i.ETH_GetSoftwareResetStatus  hhd_eth.o
    0x000005c8   0x000005c8   0x00000022   Code   RO          268    i.ETH_IRQHandler    hhd32f10x_it.o
    0x000005ea   0x000005ea   0x00000002   PAD
    0x000005ec   0x000005ec   0x00000148   Code   RO         1851    i.ETH_Init          hhd_eth.o
    0x00000734   0x00000734   0x0000001c   Code   RO         1854    i.ETH_MACAddressConfig  hhd_eth.o
    0x00000750   0x00000750   0x0000001c   Code   RO         1859    i.ETH_MACReceptionCmd  hhd_eth.o
    0x0000076c   0x0000076c   0x0000001c   Code   RO         1860    i.ETH_MACTransmissionCmd  hhd_eth.o
    0x00000788   0x00000788   0x00000058   Code   RO         1871    i.ETH_ReadPHYRegister  hhd_eth.o
    0x000007e0   0x000007e0   0x00000050   Code   RO          632    i.ETH_RxPkt_ChainMode  ethernetif.o
    0x00000830   0x00000830   0x00000010   Code   RO         1882    i.ETH_SoftwareReset  hhd_eth.o
    0x00000840   0x00000840   0x00000022   Code   RO         1883    i.ETH_Start         hhd_eth.o
    0x00000862   0x00000862   0x00000082   Code   RO         1884    i.ETH_StructInit    hhd_eth.o
    0x000008e4   0x000008e4   0x00000044   Code   RO          633    i.ETH_TxPkt_ChainMode  ethernetif.o
    0x00000928   0x00000928   0x00000054   Code   RO         1886    i.ETH_WritePHYRegister  hhd_eth.o
    0x0000097c   0x0000097c   0x000000f0   Code   RO          227    i.Ethernet_Configuration  hhd32f107.o
    0x00000a6c   0x00000a6c   0x0000002c   Code   RO          467    i.Flash_erase       mt25q.o
    0x00000a98   0x00000a98   0x00000008   Code   RO         1046    i.GPIO_ConfigPinsAsInput  hhd_gpio.o
    0x00000aa0   0x00000aa0   0x00000008   Code   RO         1047    i.GPIO_ConfigPinsAsOutput  hhd_gpio.o
    0x00000aa8   0x00000aa8   0x00000008   Code   RO         1054    i.GPIO_ResetPin     hhd_gpio.o
    0x00000ab0   0x00000ab0   0x00000008   Code   RO         1056    i.GPIO_SetPin       hhd_gpio.o
    0x00000ab8   0x00000ab8   0x00000002   Code   RO          269    i.HardFault_Handler  hhd32f10x_it.o
    0x00000aba   0x00000aba   0x0000005c   Code   RO          708    i.IO_init           io_init.o
    0x00000b16   0x00000b16   0x00000002   PAD
    0x00000b18   0x00000b18   0x00000034   Code   RO         3510    i.Jtag_Init         LIB_v1_0.lib(lib_xvc_v1_0.o)
    0x00000b4c   0x00000b4c   0x00000078   Code   RO           99    i.LwIP_Init         netconf.o
    0x00000bc4   0x00000bc4   0x0000000c   Code   RO          101    i.LwIP_Pkt_Handle   netconf.o
    0x00000bd0   0x00000bd0   0x00000002   Code   RO          271    i.NMI_Handler       hhd32f10x_it.o
    0x00000bd2   0x00000bd2   0x00000016   Code   RO          892    i.NVIC_EnableIRQ    hhd_can.o
    0x00000be8   0x00000be8   0x00000020   Code   RO          533    i.NVIC_SetPriority  start.o
    0x00000c08   0x00000c08   0x00000070   Code   RO         1887    i.PHY_MII_COPPER    hhd_eth.o
    0x00000c78   0x00000c78   0x00000002   Code   RO          272    i.PendSV_Handler    hhd32f10x_it.o
    0x00000c7a   0x00000c7a   0x00000002   PAD
    0x00000c7c   0x00000c7c   0x00000018   Code   RO         1153    i.RCC_APB2PeriphClockCmd  hhd_rcc.o
    0x00000c94   0x00000c94   0x00000002   Code   RO          273    i.SVC_Handler       hhd32f10x_it.o
    0x00000c96   0x00000c96   0x00000002   PAD
    0x00000c98   0x00000c98   0x00000028   Code   RO          634    i.Set_MAC_Address   ethernetif.o
    0x00000cc0   0x00000cc0   0x00000004   Code   RO          274    i.SysTick_Handler   hhd32f10x_it.o
    0x00000cc4   0x00000cc4   0x000000ac   Code   RO           18    i.SystemInit        system_hhd32f1xx.o
    0x00000d70   0x00000d70   0x00000010   Code   RO          535    i.Time_Update       start.o
    0x00000d80   0x00000d80   0x00000002   Code   RO          275    i.UsageFault_Handler  hhd32f10x_it.o
    0x00000d82   0x00000d82   0x00000002   PAD
    0x00000d84   0x00000d84   0x000000e0   Code   RO          424    i.WriteByte         simulator_spi.o
    0x00000e64   0x00000e64   0x00000020   Code   RO         3754    i.__0printf$8       mc_w.l(printf8.o)
    0x00000e84   0x00000e84   0x00000028   Code   RO         3756    i.__0sprintf$8      mc_w.l(printf8.o)
    0x00000eac   0x00000eac   0x0000000e   Code   RO         3850    i.__scatterload_copy  mc_w.l(handlers.o)
    0x00000eba   0x00000eba   0x00000002   Code   RO         3851    i.__scatterload_null  mc_w.l(handlers.o)
    0x00000ebc   0x00000ebc   0x0000000e   Code   RO         3852    i.__scatterload_zeroinit  mc_w.l(handlers.o)
    0x00000eca   0x00000eca   0x00000002   PAD
    0x00000ecc   0x00000ecc   0x00000410   Code   RO         3761    i._printf_core      mc_w.l(printf8.o)
    0x000012dc   0x000012dc   0x00000024   Code   RO         3762    i._printf_post_padding  mc_w.l(printf8.o)
    0x00001300   0x00001300   0x0000002e   Code   RO         3763    i._printf_pre_padding  mc_w.l(printf8.o)
    0x0000132e   0x0000132e   0x0000000a   Code   RO         3765    i._sputc            mc_w.l(printf8.o)
    0x00001338   0x00001338   0x00000012   Code   RO          536    i.application_init  start.o
    0x0000134a   0x0000134a   0x00000002   PAD
    0x0000134c   0x0000134c   0x00000080   Code   RO          893    i.can_init          hhd_can.o
    0x000013cc   0x000013cc   0x00000040   Code   RO          895    i.can_write_back    hhd_can.o
    0x0000140c   0x0000140c   0x000000ca   Code   RO         3424    i.etharp_arp_input  etharp.o
    0x000014d6   0x000014d6   0x00000028   Code   RO         3426    i.etharp_ip_input   etharp.o
    0x000014fe   0x000014fe   0x00000002   PAD
    0x00001500   0x00001500   0x000000b8   Code   RO         3427    i.etharp_output     etharp.o
    0x000015b8   0x000015b8   0x00000104   Code   RO         3428    i.etharp_query      etharp.o
    0x000016bc   0x000016bc   0x0000009e   Code   RO         3429    i.etharp_raw        etharp.o
    0x0000175a   0x0000175a   0x00000002   PAD
    0x0000175c   0x0000175c   0x00000024   Code   RO         3430    i.etharp_request    etharp.o
    0x00001780   0x00001780   0x00000036   Code   RO         3431    i.etharp_send_ip    etharp.o
    0x000017b6   0x000017b6   0x00000054   Code   RO         3433    i.ethernet_input    etharp.o
    0x0000180a   0x0000180a   0x00000002   PAD
    0x0000180c   0x0000180c   0x00000040   Code   RO          636    i.ethernetif_init   ethernetif.o
    0x0000184c   0x0000184c   0x00000026   Code   RO          637    i.ethernetif_input  ethernetif.o
    0x00001872   0x00001872   0x00000002   PAD
    0x00001874   0x00001874   0x0000013c   Code   RO         3434    i.find_entry        etharp.o
    0x000019b0   0x000019b0   0x00000018   Code   RO          538    i.fputc             start.o
    0x000019c8   0x000019c8   0x00000080   Code   RO          335    i.frame_handler     load_server.o
    0x00001a48   0x00001a48   0x0000001e   Code   RO         3435    i.free_etharp_q     etharp.o
    0x00001a66   0x00001a66   0x00000022   Code   RO          230    i.get_phyaddr       hhd32f107.o
    0x00001a88   0x00001a88   0x00000004   Code   RO         3226    i.htonl             inet.o
    0x00001a8c   0x00001a8c   0x00000004   Code   RO         3227    i.htons             inet.o
    0x00001a90   0x00001a90   0x00000008   Code   RO         3197    i.icmp_dest_unreach  icmp.o
    0x00001a98   0x00001a98   0x00000114   Code   RO         3198    i.icmp_input        icmp.o
    0x00001bac   0x00001bac   0x00000066   Code   RO         3199    i.icmp_send_response  icmp.o
    0x00001c12   0x00001c12   0x00000008   Code   RO         3200    i.icmp_time_exceeded  icmp.o
    0x00001c1a   0x00001c1a   0x0000000c   Code   RO         3274    i.inet_chksum       inet_chksum.o
    0x00001c26   0x00001c26   0x00000048   Code   RO         3275    i.inet_chksum_pbuf  inet_chksum.o
    0x00001c6e   0x00001c6e   0x00000002   PAD
    0x00001c70   0x00001c70   0x00000074   Code   RO          336    i.info_deal         load_server.o
    0x00001ce4   0x00001ce4   0x00000030   Code   RO         3354    i.ip_addr_isbroadcast  ip_addr.o
    0x00001d14   0x00001d14   0x00000130   Code   RO         3377    i.ip_frag           ip_frag.o
    0x00001e44   0x00001e44   0x00000164   Code   RO         3312    i.ip_input          ip.o
    0x00001fa8   0x00001fa8   0x00000034   Code   RO         3313    i.ip_output         ip.o
    0x00001fdc   0x00001fdc   0x000000cc   Code   RO         3314    i.ip_output_if      ip.o
    0x000020a8   0x000020a8   0x000001b0   Code   RO         3378    i.ip_reass          ip_frag.o
    0x00002258   0x00002258   0x000000f0   Code   RO         3379    i.ip_reass_chain_frag_into_datagram_and_validate  ip_frag.o
    0x00002348   0x00002348   0x00000024   Code   RO         3380    i.ip_reass_dequeue_datagram  ip_frag.o
    0x0000236c   0x0000236c   0x00000070   Code   RO         3381    i.ip_reass_free_complete_datagram  ip_frag.o
    0x000023dc   0x000023dc   0x00000074   Code   RO         3382    i.ip_reass_remove_oldest_datagram  ip_frag.o
    0x00002450   0x00002450   0x00000048   Code   RO         3315    i.ip_route          ip.o
    0x00002498   0x00002498   0x00000044   Code   RO         3512    i.jtag_Server_init  LIB_v1_0.lib(lib_xvc_v1_0.o)
    0x000024dc   0x000024dc   0x0000019c   Code   RO         3513    i.jtag_gpio_handle  LIB_v1_0.lib(lib_xvc_v1_0.o)
    0x00002678   0x00002678   0x00000048   Code   RO          337    i.load_server_init  load_server.o
    0x000026c0   0x000026c0   0x00000088   Code   RO          638    i.low_level_init    ethernetif.o
    0x00002748   0x00002748   0x00000060   Code   RO          639    i.low_level_input   ethernetif.o
    0x000027a8   0x000027a8   0x0000002c   Code   RO          640    i.low_level_output  ethernetif.o
    0x000027d4   0x000027d4   0x0000003c   Code   RO         3277    i.lwip_standard_chksum  inet_chksum.o
    0x00002810   0x00002810   0x0000007c   Code   RO          539    i.main              start.o
    0x0000288c   0x0000288c   0x0000002c   Code   RO         2515    i.mem_free          mem.o
    0x000028b8   0x000028b8   0x00000034   Code   RO         2516    i.mem_init          mem.o
    0x000028ec   0x000028ec   0x000000a8   Code   RO         2517    i.mem_malloc        mem.o
    0x00002994   0x00002994   0x000000c4   Code   RO         2518    i.mem_realloc       mem.o
    0x00002a58   0x00002a58   0x00000018   Code   RO         2558    i.memp_free         memp.o
    0x00002a70   0x00002a70   0x00000058   Code   RO         2559    i.memp_init         memp.o
    0x00002ac8   0x00002ac8   0x00000020   Code   RO         2560    i.memp_malloc       memp.o
    0x00002ae8   0x00002ae8   0x00000020   Code   RO          468    i.mt25q_disable_write  mt25q.o
    0x00002b08   0x00002b08   0x00000020   Code   RO          469    i.mt25q_enable_write  mt25q.o
    0x00002b28   0x00002b28   0x00000070   Code   RO          470    i.mt25q_erase       mt25q.o
    0x00002b98   0x00002b98   0x00000064   Code   RO          471    i.mt25q_init        mt25q.o
    0x00002bfc   0x00002bfc   0x00000040   Code   RO          473    i.mt25q_read_id     mt25q.o
    0x00002c3c   0x00002c3c   0x00000024   Code   RO          474    i.mt25q_read_status  mt25q.o
    0x00002c60   0x00002c60   0x00000054   Code   RO          475    i.mt25q_wirte       mt25q.o
    0x00002cb4   0x00002cb4   0x00000094   Code   RO          476    i.mt25q_wirte_page  mt25q.o
    0x00002d48   0x00002d48   0x00000048   Code   RO         2600    i.netif_add         netif.o
    0x00002d90   0x00002d90   0x0000000a   Code   RO         2602    i.netif_is_up       netif.o
    0x00002d9a   0x00002d9a   0x00000020   Code   RO         2604    i.netif_set_addr    netif.o
    0x00002dba   0x00002dba   0x00000002   PAD
    0x00002dbc   0x00002dbc   0x0000000c   Code   RO         2605    i.netif_set_default  netif.o
    0x00002dc8   0x00002dc8   0x00000008   Code   RO         2607    i.netif_set_gw      netif.o
    0x00002dd0   0x00002dd0   0x00000068   Code   RO         2608    i.netif_set_ipaddr  netif.o
    0x00002e38   0x00002e38   0x00000008   Code   RO         2609    i.netif_set_netmask  netif.o
    0x00002e40   0x00002e40   0x0000001c   Code   RO         2610    i.netif_set_up      netif.o
    0x00002e5c   0x00002e5c   0x00000004   Code   RO         3231    i.ntohl             inet.o
    0x00002e60   0x00002e60   0x00000004   Code   RO         3232    i.ntohs             inet.o
    0x00002e64   0x00002e64   0x0000010c   Code   RO         2675    i.pbuf_alloc        pbuf.o
    0x00002f70   0x00002f70   0x00000028   Code   RO         2676    i.pbuf_cat          pbuf.o
    0x00002f98   0x00002f98   0x00000012   Code   RO         2677    i.pbuf_chain        pbuf.o
    0x00002faa   0x00002faa   0x00000012   Code   RO         2678    i.pbuf_clen         pbuf.o
    0x00002fbc   0x00002fbc   0x00000090   Code   RO         2680    i.pbuf_copy         pbuf.o
    0x0000304c   0x0000304c   0x00000068   Code   RO         2681    i.pbuf_copy_partial  pbuf.o
    0x000030b4   0x000030b4   0x00000044   Code   RO         2683    i.pbuf_free         pbuf.o
    0x000030f8   0x000030f8   0x00000060   Code   RO         2684    i.pbuf_header       pbuf.o
    0x00003158   0x00003158   0x0000004e   Code   RO         2685    i.pbuf_realloc      pbuf.o
    0x000031a6   0x000031a6   0x0000000c   Code   RO         2686    i.pbuf_ref          pbuf.o
    0x000031b2   0x000031b2   0x00000002   PAD
    0x000031b4   0x000031b4   0x00000064   Code   RO          540    i.peripheral_init   start.o
    0x00003218   0x00003218   0x00000054   Code   RO         2519    i.plug_holes        mem.o
    0x0000326c   0x0000326c   0x00000068   Code   RO         2764    i.raw_input         raw.o
    0x000032d4   0x000032d4   0x00000130   Code   RO          426    i.readWriteByte     simulator_spi.o
    0x00003404   0x00003404   0x00000040   Code   RO          427    i.spi_Init          simulator_spi.o
    0x00003444   0x00003444   0x00000094   Code   RO         2830    i.tcp_abandon       tcp.o
    0x000034d8   0x000034d8   0x00000004   Code   RO         2831    i.tcp_accept        tcp.o
    0x000034dc   0x000034dc   0x00000006   Code   RO         2832    i.tcp_accept_null   tcp.o
    0x000034e2   0x000034e2   0x00000002   PAD
    0x000034e4   0x000034e4   0x00000104   Code   RO         2833    i.tcp_alloc         tcp.o
    0x000035e8   0x000035e8   0x00000004   Code   RO         2834    i.tcp_arg           tcp.o
    0x000035ec   0x000035ec   0x000000bc   Code   RO         2835    i.tcp_bind          tcp.o
    0x000036a8   0x000036a8   0x000000a0   Code   RO         2836    i.tcp_close         tcp.o
    0x00003748   0x00003748   0x0000006c   Code   RO          338    i.tcp_echoserver_accept  load_server.o
    0x000037b4   0x000037b4   0x00000070   Code   RO         3514    i.tcp_echoserver_accept  LIB_v1_0.lib(lib_xvc_v1_0.o)
    0x00003824   0x00003824   0x00000040   Code   RO          339    i.tcp_echoserver_connection_close  load_server.o
    0x00003864   0x00003864   0x00000040   Code   RO         3515    i.tcp_echoserver_connection_close  LIB_v1_0.lib(lib_xvc_v1_0.o)
    0x000038a4   0x000038a4   0x0000000a   Code   RO          340    i.tcp_echoserver_error  load_server.o
    0x000038ae   0x000038ae   0x0000000a   Code   RO         3516    i.tcp_echoserver_error  LIB_v1_0.lib(lib_xvc_v1_0.o)
    0x000038b8   0x000038b8   0x00000044   Code   RO          341    i.tcp_echoserver_poll  load_server.o
    0x000038fc   0x000038fc   0x00000032   Code   RO         3517    i.tcp_echoserver_poll  LIB_v1_0.lib(lib_xvc_v1_0.o)
    0x0000392e   0x0000392e   0x00000002   PAD
    0x00003930   0x00003930   0x000000e4   Code   RO          342    i.tcp_echoserver_recv  load_server.o
    0x00003a14   0x00003a14   0x00000208   Code   RO         3518    i.tcp_echoserver_recv  LIB_v1_0.lib(lib_xvc_v1_0.o)
    0x00003c1c   0x00003c1c   0x00000056   Code   RO          343    i.tcp_echoserver_send  load_server.o
    0x00003c72   0x00003c72   0x0000004c   Code   RO         3519    i.tcp_echoserver_send  LIB_v1_0.lib(lib_xvc_v1_0.o)
    0x00003cbe   0x00003cbe   0x00000002   PAD
    0x00003cc0   0x00003cc0   0x00000038   Code   RO          344    i.tcp_echoserver_sent  load_server.o
    0x00003cf8   0x00003cf8   0x00000022   Code   RO         3520    i.tcp_echoserver_sent  LIB_v1_0.lib(lib_xvc_v1_0.o)
    0x00003d1a   0x00003d1a   0x00000020   Code   RO         2838    i.tcp_eff_send_mss  tcp.o
    0x00003d3a   0x00003d3a   0x000002f0   Code   RO         3049    i.tcp_enqueue       tcp_out.o
    0x0000402a   0x0000402a   0x00000006   Code   RO         2839    i.tcp_err           tcp.o
    0x00004030   0x00004030   0x0000031c   Code   RO         3006    i.tcp_input         tcp_in.o
    0x0000434c   0x0000434c   0x000000e8   Code   RO         3007    i.tcp_listen_input  tcp_in.o
    0x00004434   0x00004434   0x00000084   Code   RO         2841    i.tcp_listen_with_backlog  tcp.o
    0x000044b8   0x000044b8   0x00000006   Code   RO         2842    i.tcp_new           tcp.o
    0x000044be   0x000044be   0x00000002   PAD
    0x000044c0   0x000044c0   0x00000060   Code   RO         2843    i.tcp_new_port      tcp.o
    0x00004520   0x00004520   0x00000010   Code   RO         2844    i.tcp_next_iss      tcp.o
    0x00004530   0x00004530   0x00000218   Code   RO         3051    i.tcp_output        tcp_out.o
    0x00004748   0x00004748   0x000000b0   Code   RO         3052    i.tcp_output_segment  tcp_out.o
    0x000047f8   0x000047f8   0x00000078   Code   RO         3053    i.tcp_output_set_header  tcp_out.o
    0x00004870   0x00004870   0x00000080   Code   RO         3008    i.tcp_parseopt      tcp_in.o
    0x000048f0   0x000048f0   0x00000030   Code   RO         2845    i.tcp_pcb_purge     tcp.o
    0x00004920   0x00004920   0x00000060   Code   RO         2846    i.tcp_pcb_remove    tcp.o
    0x00004980   0x00004980   0x0000000a   Code   RO         2847    i.tcp_poll          tcp.o
    0x0000498a   0x0000498a   0x00000002   PAD
    0x0000498c   0x0000498c   0x00000344   Code   RO         3009    i.tcp_process       tcp_in.o
    0x00004cd0   0x00004cd0   0x0000046a   Code   RO         3010    i.tcp_receive       tcp_in.o
    0x0000513a   0x0000513a   0x00000006   Code   RO         2848    i.tcp_recv          tcp.o
    0x00005140   0x00005140   0x0000001c   Code   RO         2849    i.tcp_recv_null     tcp.o
    0x0000515c   0x0000515c   0x0000003a   Code   RO         2850    i.tcp_recved        tcp.o
    0x00005196   0x00005196   0x00000054   Code   RO         3054    i.tcp_rexmit        tcp_out.o
    0x000051ea   0x000051ea   0x00000098   Code   RO         3056    i.tcp_rst           tcp_out.o
    0x00005282   0x00005282   0x00000020   Code   RO         2851    i.tcp_seg_free      tcp.o
    0x000052a2   0x000052a2   0x0000001a   Code   RO         2852    i.tcp_segs_free     tcp.o
    0x000052bc   0x000052bc   0x00000016   Code   RO         3057    i.tcp_send_ctrl     tcp_out.o
    0x000052d2   0x000052d2   0x00000006   Code   RO         2853    i.tcp_sent          tcp.o
    0x000052d8   0x000052d8   0x00000004   Code   RO         2854    i.tcp_setprio       tcp.o
    0x000052dc   0x000052dc   0x0000002a   Code   RO         2857    i.tcp_update_rcv_ann_wnd  tcp.o
    0x00005306   0x00005306   0x0000002e   Code   RO         3058    i.tcp_write         tcp_out.o
    0x00005334   0x00005334   0x0000013c   Code   RO         3122    i.udp_input         udp.o
    0x00005470   0x00005470   0x000000a8   Code   RO         3436    i.update_arp_entry  etharp.o
    0x00005518   0x00005518   0x00000024   Data   RO         2562    .constdata          memp.o
    0x0000553c   0x0000553c   0x00000004   Data   RO         3355    .constdata          ip_addr.o
    0x00005540   0x00005540   0x0000000c   Data   RO         3438    .constdata          etharp.o
    0x0000554c   0x0000554c   0x00000020   Data   RO         3848    Region$$Table       anon$$obj.o


    Execution Region RW_IRAM1 (Exec base: 0x20000000, Load base: 0x0000556c, Size: 0x000178b0, Max: 0x00020000, ABSOLUTE, COMPRESSED[0x0000015c])

    Exec Addr    Load Addr    Size         Type   Attr      Idx    E Section Name        Object

    0x20000000   COMPRESSED   0x00000010   Data   RW           19    .data               system_hhd32f1xx.o
    0x20000010   COMPRESSED   0x00000018   Data   RW          347    .data               load_server.o
    0x20000028   COMPRESSED   0x000003ec   Data   RW          542    .data               start.o
    0x20000414   COMPRESSED   0x00000006   Data   RW          646    .data               ethernetif.o
    0x2000041a   COMPRESSED   0x00000002   PAD
    0x2000041c   COMPRESSED   0x00000014   Data   RW         1892    .data               hhd_eth.o
    0x20000430   COMPRESSED   0x00000010   Data   RW         2521    .data               mem.o
    0x20000440   COMPRESSED   0x0000000c   Data   RW         2611    .data               netif.o
    0x2000044c   COMPRESSED   0x00000004   Data   RW         2770    .data               raw.o
    0x20000450   COMPRESSED   0x00000020   Data   RW         2859    .data               tcp.o
    0x20000470   COMPRESSED   0x0000001c   Data   RW         3012    .data               tcp_in.o
    0x2000048c   COMPRESSED   0x00000004   Data   RW         3129    .data               udp.o
    0x20000490   COMPRESSED   0x0000000c   Data   RW         3316    .data               ip.o
    0x2000049c   COMPRESSED   0x00000008   Data   RW         3385    .data               ip_frag.o
    0x200004a4   COMPRESSED   0x00000001   Data   RW         3439    .data               etharp.o
    0x200004a5   COMPRESSED   0x00000003   PAD
    0x200004a8   COMPRESSED   0x00000008   Data   RW         3522    .data               LIB_v1_0.lib(lib_xvc_v1_0.o)
    0x200004b0   COMPRESSED   0x00000004   Data   RW         3822    .data               mc_w.l(stdout.o)
    0x200004b4        -       0x00000030   Zero   RW          102    .bss                netconf.o
    0x200004e4        -       0x00000414   Zero   RW          345    .bss                load_server.o
    0x200008f8        -       0x00000014   Zero   RW          541    .bss                start.o
    0x2000090c        -       0x00005400   Zero   RW          641    .bss                ethernetif.o
    0x20005d0c        -       0x0000000f   Zero   RW          896    .bss                hhd_can.o
    0x20005d1b        -       0x0000a014   Zero   RW         2520    .bss                mem.o
    0x2000fd2f   COMPRESSED   0x00000001   PAD
    0x2000fd30        -       0x000048b7   Zero   RW         2561    .bss                memp.o
    0x200145e7   COMPRESSED   0x00000001   PAD
    0x200145e8        -       0x00000014   Zero   RW         3011    .bss                tcp_in.o
    0x200145fc        -       0x000005e0   Zero   RW         3384    .bss                ip_frag.o
    0x20014bdc        -       0x000000c8   Zero   RW         3437    .bss                etharp.o
    0x20014ca4        -       0x00000c0c   Zero   RW         3521    .bss                LIB_v1_0.lib(lib_xvc_v1_0.o)
    0x200158b0        -       0x00002000   Zero   RW           91    STACK               startup_hhd32f1xx_s.o


==============================================================================

Image component sizes


      Code (inc. data)   RO Data    RW Data    ZI Data      Debug   Object Name

         0          0          0          0          0       4540   core_cm3.o
      1532         28         12          1        200      12707   etharp.o
       578         54          0          6      21504       8076   ethernetif.o
       298         12          0          0          0       2351   hhd32f107.o
        50          0          0          0          0       3472   hhd32f10x_it.o
       502        144          0          0         15      21551   hhd_can.o
      1226        116          0         20          0      15382   hhd_eth.o
        32          0          0          0          0       2589   hhd_gpio.o
        24          4          0          0          0        605   hhd_rcc.o
       394          0          0          0          0       3510   icmp.o
        16          0          0          0          0       2914   inet.o
       144          0          0          0          0       5649   inet_chksum.o
         0          0          0          0          0        680   init.o
        92          0          0          0          0       1222   io_init.o
       684         22          0         12          0       4841   ip.o
        48          0          4          0          0       5441   ip_addr.o
      1240         34          0          8       1504       7613   ip_frag.o
       936        100          0         24       1044       8754   load_server.o
       544         30          0         16      40980       4973   mem.o
       144         20         36          0      18615       3850   memp.o
       652         36          0          0          0       5865   mt25q.o
       132         32          0          0         48      24842   netconf.o
       274         18          0         12          0       7045   netif.o
       846          0          0          0          0       8429   pbuf.o
       104          4          0          4          0       1664   raw.o
       592         20          0          0          0       1775   simulator_spi.o
       334         66          0       1004         20      22097   start.o
        36          8        328          0       8192        920   startup_hhd32f1xx_s.o
       172         18          0         16          0      88541   system_hhd32f1xx.o
      1414         60          0         32          0      24334   tcp.o
      3122         76          0         28         20      14636   tcp_in.o
      1888         12          0          0          0       8774   tcp_out.o
       316          4          0          4          0       3356   udp.o

    ----------------------------------------------------------------------
     18402        918        412       1192      92144     332998   Object Totals
         0          0         32          0          0          0   (incl. Generated)
        36          0          0          5          2          0   (incl. Padding)

    ----------------------------------------------------------------------

      Code (inc. data)   RO Data    RW Data    ZI Data      Debug   Library Member Name

      1398        106          0          8       3084        828   lib_xvc_v1_0.o
        86          0          0          0          0          0   __dczerorl2.o
         0          0          0          0          0          0   entry.o
         0          0          0          0          0          0   entry10a.o
         0          0          0          0          0          0   entry11a.o
         8          4          0          0          0          0   entry2.o
         4          0          0          0          0          0   entry5.o
         0          0          0          0          0          0   entry7b.o
         0          0          0          0          0          0   entry8b.o
         8          4          0          0          0          0   entry9a.o
        30          0          0          0          0          0   handlers.o
        36          8          0          0          0         68   init.o
        30          0          0          0          0         68   llshl.o
        32          0          0          0          0         68   llushr.o
        26          0          0          0          0         80   memcmp.o
        36          0          0          0          0         68   memcpya.o
        36          0          0          0          0        108   memseta.o
      1204         60          0          0          0        504   printf8.o
         0          0          0          4          0          0   stdout.o
        14          0          0          0          0         68   strlen.o
        98          0          0          0          0         92   uldiv.o

    ----------------------------------------------------------------------
      3054        182          0         12       3084       1952   Library Totals
         8          0          0          0          0          0   (incl. Padding)

    ----------------------------------------------------------------------

      Code (inc. data)   RO Data    RW Data    ZI Data      Debug   Library Name

      1398        106          0          8       3084        828   LIB_v1_0.lib
      1648         76          0          4          0       1124   mc_w.l

    ----------------------------------------------------------------------
      3054        182          0         12       3084       1952   Library Totals

    ----------------------------------------------------------------------

==============================================================================


      Code (inc. data)   RO Data    RW Data    ZI Data      Debug   

     21456       1100        412       1204      95228     324834   Grand Totals
     21456       1100        412        348      95228     324834   ELF Image Totals (compressed)
     21456       1100        412        348          0          0   ROM Totals

==============================================================================

    Total RO  Size (Code + RO Data)                21868 (  21.36kB)
    Total RW  Size (RW Data + ZI Data)             96432 (  94.17kB)
    Total ROM Size (Code + RO Data + RW Data)      22216 (  21.70kB)

==============================================================================

