Component: ARM Compiler 5.06 update 6 (build 750) Tool: armlink [4d35ed]

==============================================================================

Section Cross References

    board.o(i.SysTick_Handler) refers to irq.o(i.rt_interrupt_enter) for rt_interrupt_enter
    board.o(i.SysTick_Handler) refers to clock.o(i.rt_tick_increase) for rt_tick_increase
    board.o(i.SysTick_Handler) refers to irq.o(i.rt_interrupt_leave) for rt_interrupt_leave
    board.o(i.rt_hw_board_init) refers to board.o(i._SysTick_Config) for _SysTick_Config
    board.o(i.rt_hw_board_init) refers to main.o(i.base_init) for base_init
    board.o(i.rt_hw_board_init) refers to components.o(i.rt_components_board_init) for rt_components_board_init
    board.o(i.rt_hw_board_init) refers to mem.o(i.rt_system_heap_init) for rt_system_heap_init
    board.o(i.rt_hw_board_init) refers to system_hhd32f1xx.o(.data) for SystemCoreClock
    context_rvds.o(.text) refers to cpuport.o(i.rt_hw_hard_fault_exception) for rt_hw_hard_fault_exception
    context_rvds.o(.text) refers to cpuport.o(.data) for rt_thread_switch_interrupt_flag
    context_rvds.o(.text) refers to cpuport.o(.data) for rt_interrupt_from_thread
    context_rvds.o(.text) refers to cpuport.o(.data) for rt_interrupt_to_thread
    startup_hhd32f1xx_s.o(STACK) refers (Special) to heapauxi.o(.text) for __use_two_region_memory
    startup_hhd32f1xx_s.o(HEAP) refers (Special) to heapauxi.o(.text) for __use_two_region_memory
    startup_hhd32f1xx_s.o(RESET) refers (Special) to heapauxi.o(.text) for __use_two_region_memory
    startup_hhd32f1xx_s.o(RESET) refers to startup_hhd32f1xx_s.o(STACK) for __initial_sp
    startup_hhd32f1xx_s.o(RESET) refers to startup_hhd32f1xx_s.o(.text) for Reset_Handler
    startup_hhd32f1xx_s.o(RESET) refers to hhd32f10x_it.o(i.NMI_Handler) for NMI_Handler
    startup_hhd32f1xx_s.o(RESET) refers to context_rvds.o(.text) for HardFault_Handler
    startup_hhd32f1xx_s.o(RESET) refers to hhd32f10x_it.o(i.BusFault_Handler) for BusFault_Handler
    startup_hhd32f1xx_s.o(RESET) refers to hhd32f10x_it.o(i.UsageFault_Handler) for UsageFault_Handler
    startup_hhd32f1xx_s.o(RESET) refers to hhd32f10x_it.o(i.SVC_Handler) for SVC_Handler
    startup_hhd32f1xx_s.o(RESET) refers to board.o(i.SysTick_Handler) for SysTick_Handler
    startup_hhd32f1xx_s.o(RESET) refers to hhd32f10x_it.o(i.EXTI0_IRQHandler) for EXTI0_IRQHandler
    startup_hhd32f1xx_s.o(RESET) refers to hhd32f10x_it.o(i.EXTI1_IRQHandler) for EXTI1_IRQHandler
    startup_hhd32f1xx_s.o(RESET) refers to hhd32f10x_it.o(i.EXTI2_IRQHandler) for EXTI2_IRQHandler
    startup_hhd32f1xx_s.o(RESET) refers to hhd32f10x_it.o(i.EXTI3_IRQHandler) for EXTI3_IRQHandler
    startup_hhd32f1xx_s.o(RESET) refers to hhd32f10x_it.o(i.EXTI4_IRQHandler) for EXTI4_IRQHandler
    startup_hhd32f1xx_s.o(RESET) refers to hhd32f10x_it.o(i.CAN1_IRQHandler) for CAN1_IRQHandler
    startup_hhd32f1xx_s.o(RESET) refers to hhd32f10x_it.o(i.EXTI9_5_IRQHandler) for EXTI9_5_IRQHandler
    startup_hhd32f1xx_s.o(RESET) refers to hhd32f10x_it.o(i.EXTI15_10_IRQHandler) for EXTI15_10_IRQHandler
    startup_hhd32f1xx_s.o(RESET) refers to hhd32f10x_it.o(i.ETH_IRQHandler) for ETH_IRQHandler
    startup_hhd32f1xx_s.o(.text) refers (Special) to heapauxi.o(.text) for __use_two_region_memory
    startup_hhd32f1xx_s.o(.text) refers to system_hhd32f1xx.o(i.SystemInit) for SystemInit
    startup_hhd32f1xx_s.o(.text) refers to __main.o(!!!main) for __main
    startup_hhd32f1xx_s.o(.text) refers to startup_hhd32f1xx_s.o(HEAP) for Heap_Mem
    startup_hhd32f1xx_s.o(.text) refers to startup_hhd32f1xx_s.o(STACK) for Stack_Mem
    hhd32f10x_it.o(i.CAN1_IRQHandler) refers to can_task.o(i.can_entry) for can_entry
    hhd32f10x_it.o(i.CAN1_IRQHandler) refers to hhd_can.o(i.CAN_SetCMD) for CAN_SetCMD
    hhd32f10x_it.o(i.ETH_IRQHandler) refers to irq.o(i.rt_interrupt_enter) for rt_interrupt_enter
    hhd32f10x_it.o(i.ETH_IRQHandler) refers to ethernetif.o(i.eth_device_ready) for eth_device_ready
    hhd32f10x_it.o(i.ETH_IRQHandler) refers to hhd_eth.o(i.ETH_DMAClearITPendingBit) for ETH_DMAClearITPendingBit
    hhd32f10x_it.o(i.ETH_IRQHandler) refers to irq.o(i.rt_interrupt_leave) for rt_interrupt_leave
    hhd32f10x_it.o(i.ETH_IRQHandler) refers to netconf.o(.bss) for stm32_eth_device
    hhd32f10x_it.o(i.EXTI0_IRQHandler) refers to can_task.o(i.spi_irq) for spi_irq
    hhd32f10x_it.o(i.EXTI15_10_IRQHandler) refers to can_task.o(i.spi_irq) for spi_irq
    hhd32f10x_it.o(i.EXTI1_IRQHandler) refers to can_task.o(i.spi_irq) for spi_irq
    hhd32f10x_it.o(i.EXTI2_IRQHandler) refers to can_task.o(i.spi_irq) for spi_irq
    hhd32f10x_it.o(i.EXTI3_IRQHandler) refers to can_task.o(i.spi_irq) for spi_irq
    hhd32f10x_it.o(i.EXTI4_IRQHandler) refers to can_task.o(i.spi_irq) for spi_irq
    hhd32f10x_it.o(i.EXTI9_5_IRQHandler) refers to can_task.o(i.spi_irq) for spi_irq
    demo_main.o(i.main) refers to io_init.o(i.IO_init) for IO_init
[...]
    memp_malloc                              0x00004765   Thumb Code    44  memp.o(i.memp_malloc)
    mt25q_init                               0x00004795   Thumb Code   196  mt25q.o(i.mt25q_init)
    mt25q_read                               0x00004865   Thumb Code   140  mt25q.o(i.mt25q_read)
    mt25q_wirte                              0x000048f5   Thumb Code   102  mt25q.o(i.mt25q_wirte)
    mt25q_wirte_page                         0x0000495d   Thumb Code   260  mt25q.o(i.mt25q_wirte_page)
    netbuf_delete                            0x00004a65   Thumb Code    36  netbuf.o(i.netbuf_delete)
    netbuf_free                              0x00004a89   Thumb Code    28  netbuf.o(i.netbuf_free)
    netbuf_ref                               0x00004aa5   Thumb Code    68  netbuf.o(i.netbuf_ref)
    netconn_accept                           0x00004ae9   Thumb Code    58  api_lib.o(i.netconn_accept)
    netconn_alloc                            0x00004b23   Thumb Code   130  api_msg.o(i.netconn_alloc)
    netconn_bind                             0x00004ba5   Thumb Code    42  api_lib.o(i.netconn_bind)
    netconn_delete                           0x00004bd5   Thumb Code    40  api_lib.o(i.netconn_delete)
    netconn_free                             0x00004c01   Thumb Code   108  api_msg.o(i.netconn_free)
    netconn_getaddr                          0x00004c6d   Thumb Code    48  api_lib.o(i.netconn_getaddr)
    netconn_listen_with_backlog              0x00004ca1   Thumb Code    36  api_lib.o(i.netconn_listen_with_backlog)
    netconn_new_with_proto_and_callback      0x00004cc9   Thumb Code    68  api_lib.o(i.netconn_new_with_proto_and_callback)
    netconn_recv                             0x00004d11   Thumb Code   274  api_lib.o(i.netconn_recv)
    netconn_send                             0x00004e29   Thumb Code    38  api_lib.o(i.netconn_send)
    netconn_write                            0x00004e55   Thumb Code    58  api_lib.o(i.netconn_write)
    netif_add                                0x00004e95   Thumb Code   202  netif.o(i.netif_add)
    netif_is_up                              0x00004f83   Thumb Code    10  netif.o(i.netif_is_up)
    netif_set_addr                           0x00004f8d   Thumb Code   122  netif.o(i.netif_set_addr)
    netif_set_default                        0x00005011   Thumb Code     6  netif.o(i.netif_set_default)
    netif_set_link_down                      0x0000501d   Thumb Code    22  netif.o(i.netif_set_link_down)
    netif_set_link_up                        0x00005033   Thumb Code    60  netif.o(i.netif_set_link_up)
    netif_set_up                             0x0000506f   Thumb Code    68  netif.o(i.netif_set_up)
    netifapi_netif_common                    0x000050b5   Thumb Code    28  netifapi.o(i.netifapi_netif_common)
    netifapi_netif_set_addr                  0x000050d5   Thumb Code    34  netifapi.o(i.netifapi_netif_set_addr)
    ntohl                                    0x000050fd   Thumb Code     4  inet.o(i.ntohl)
    ntohs                                    0x00005101   Thumb Code     4  inet.o(i.ntohs)
    pbuf_alloc                               0x00005105   Thumb Code   430  pbuf.o(i.pbuf_alloc)
    pbuf_cat                                 0x000052bd   Thumb Code    40  pbuf.o(i.pbuf_cat)
    pbuf_chain                               0x000052e5   Thumb Code    66  pbuf.o(i.pbuf_chain)
    pbuf_clen                                0x00005327   Thumb Code    18  pbuf.o(i.pbuf_clen)
    pbuf_copy                                0x00005339   Thumb Code   148  pbuf.o(i.pbuf_copy)
    pbuf_copy_partial                        0x000053cd   Thumb Code   112  pbuf.o(i.pbuf_copy_partial)
    pbuf_free                                0x0000543d   Thumb Code    80  pbuf.o(i.pbuf_free)
    pbuf_header                              0x000054c5   Thumb Code   112  pbuf.o(i.pbuf_header)
    pbuf_realloc                             0x00005535   Thumb Code    60  pbuf.o(i.pbuf_realloc)
    pbuf_ref                                 0x00005571   Thumb Code    28  pbuf.o(i.pbuf_ref)
    raw_bind                                 0x00005765   Thumb Code    12  raw.o(i.raw_bind)
    raw_input                                0x00005771   Thumb Code   118  raw.o(i.raw_input)
    raw_new                                  0x000057ed   Thumb Code    46  raw.o(i.raw_new)
    raw_recv                                 0x00005821   Thumb Code     6  raw.o(i.raw_recv)
    raw_remove                               0x00005829   Thumb Code    40  raw.o(i.raw_remove)
    raw_send                                 0x00005855   Thumb Code   196  raw.o(i.raw_send)
    raw_sendto                               0x00005919   Thumb Code   190  raw.o(i.raw_sendto)
    readByte                                 0x000059d9   Thumb Code   222  simulator_spi.o(i.readByte)
    readWriteByte                            0x00005abd   Thumb Code   400  simulator_spi.o(i.readWriteByte)
    rt_application_init                      0x00005dbd   Thumb Code    36  components.o(i.rt_application_init)
    rt_components_board_init                 0x00005ded   Thumb Code    24  components.o(i.rt_components_board_init)
    rt_device_control                        0x00005e0d   Thumb Code    14  device.o(i.rt_device_control)
    rt_device_init                           0x00005e1b   Thumb Code    44  device.o(i.rt_device_init)
    rt_device_register                       0x00005e47   Thumb Code   140  device.o(i.rt_device_register)
    rt_enter_critical                        0x00005ed5   Thumb Code    22  scheduler.o(i.rt_enter_critical)
    rt_exit_critical                         0x00005ef1   Thumb Code   128  scheduler.o(i.rt_exit_critical)
    rt_free                                  0x00005f7d   Thumb Code   164  mem.o(i.rt_free)
    rt_hw_board_init                         0x00006029   Thumb Code    38  board.o(i.rt_hw_board_init)
    rt_hw_hard_fault_exception               0x0000605d   Thumb Code    18  cpuport.o(i.rt_hw_hard_fault_exception)
    rt_hw_hhd_eth_init                       0x00006075   Thumb Code   126  netconf.o(i.rt_hw_hhd_eth_init)
    rt_hw_stack_init                         0x00006125   Thumb Code    60  cpuport.o(i.rt_hw_stack_init)
    rt_interrupt_enter                       0x00006165   Thumb Code    22  irq.o(i.rt_interrupt_enter)
    rt_interrupt_get_nest                    0x00006181   Thumb Code     6  irq.o(i.rt_interrupt_get_nest)
    rt_interrupt_leave                       0x0000618d   Thumb Code    22  irq.o(i.rt_interrupt_leave)
    rt_malloc                                0x000061a9   Thumb Code   270  mem.o(i.rt_malloc)
    rt_mb_control                            0x000062c1   Thumb Code   168  ipc.o(i.rt_mb_control)
    rt_mb_create                             0x00006369   Thumb Code    74  ipc.o(i.rt_mb_create)
    rt_mb_delete                             0x000063b5   Thumb Code   106  ipc.o(i.rt_mb_delete)
    rt_mb_init                               0x0000641f   Thumb Code    56  ipc.o(i.rt_mb_init)
    rt_mb_recv                               0x00006459   Thumb Code   346  ipc.o(i.rt_mb_recv)
    rt_mb_send                               0x000065b3   Thumb Code     6  ipc.o(i.rt_mb_send)
    rt_mb_send_wait                          0x000065b9   Thumb Code   336  ipc.o(i.rt_mb_send_wait)
    rt_memcpy                                0x00006709   Thumb Code   114  kservice.o(i.rt_memcpy)
    rt_memset                                0x0000677d   Thumb Code    52  kservice.o(i.rt_memset)
    rt_object_allocate                       0x000067b1   Thumb Code    80  object.o(i.rt_object_allocate)
    rt_object_delete                         0x00006801   Thumb Code    42  object.o(i.rt_object_delete)
    rt_object_detach                         0x0000682b   Thumb Code    36  object.o(i.rt_object_detach)
    rt_object_get_information                0x00006851   Thumb Code   110  object.o(i.rt_object_get_information)
    rt_object_init                           0x000068c5   Thumb Code    60  object.o(i.rt_object_init)
    rt_object_is_systemobject                0x00006901   Thumb Code    12  object.o(i.rt_object_is_systemobject)
    rt_schedule                              0x0000690d   Thumb Code    96  scheduler.o(i.rt_schedule)
    rt_schedule_insert_thread                0x00006979   Thumb Code    72  scheduler.o(i.rt_schedule_insert_thread)
    rt_schedule_remove_thread                0x000069c9   Thumb Code    70  scheduler.o(i.rt_schedule_remove_thread)
    rt_sem_create                            0x00006a19   Thumb Code    34  ipc.o(i.rt_sem_create)
    rt_sem_delete                            0x00006a3d   Thumb Code    64  ipc.o(i.rt_sem_delete)
    rt_sem_detach                            0x00006a7d   Thumb Code    64  ipc.o(i.rt_sem_detach)
    rt_sem_init                              0x00006abd   Thumb Code    32  ipc.o(i.rt_sem_init)
    rt_sem_release                           0x00006add   Thumb Code    54  ipc.o(i.rt_sem_release)
    rt_sem_take                              0x00006b15   Thumb Code   208  ipc.o(i.rt_sem_take)
    rt_set_errno                             0x00006be5   Thumb Code    28  kservice.o(i.rt_set_errno)
    rt_show_version                          0x00006c05   Thumb Code     2  kservice.o(i.rt_show_version)
    rt_snprintf                              0x00006c07   Thumb Code    18  kservice.o(i.rt_snprintf)
    rt_stm32_eth_rx                          0x00006ca5   Thumb Code   156  netconf.o(i.rt_stm32_eth_rx)
    rt_stm32_eth_tx                          0x00006d49   Thumb Code   100  netconf.o(i.rt_stm32_eth_tx)
    rt_strncmp                               0x00006dc3   Thumb Code    38  kservice.o(i.rt_strncmp)
    rt_strncpy                               0x00006de9   Thumb Code    98  kservice.o(i.rt_strncpy)
    rt_system_heap_init                      0x00006e4d   Thumb Code    86  mem.o(i.rt_system_heap_init)
    rt_system_scheduler_init                 0x00006eb5   Thumb Code    50  scheduler.o(i.rt_system_scheduler_init)
    rt_system_scheduler_start                0x00006ef5   Thumb Code    32  scheduler.o(i.rt_system_scheduler_start)
    rt_system_timer_init                     0x00006f1d   Thumb Code     8  timer.o(i.rt_system_timer_init)
    rt_system_timer_thread_init              0x00006f29   Thumb Code    46  timer.o(i.rt_system_timer_thread_init)
    rt_thread_create                         0x00006f71   Thumb Code   154  thread.o(i.rt_thread_create)
    rt_thread_delay                          0x00007015   Thumb Code   114  thread.o(i.rt_thread_delay)
    rt_thread_exit                           0x0000708d   Thumb Code    88  thread.o(i.rt_thread_exit)
    rt_thread_idle_init                      0x0000716d   Thumb Code    40  idle.o(i.rt_thread_idle_init)
    rt_thread_init                           0x000071a9   Thumb Code   128  thread.o(i.rt_thread_init)
    rt_thread_resume                         0x00007231   Thumb Code    72  thread.o(i.rt_thread_resume)
    rt_thread_self                           0x00007279   Thumb Code     6  thread.o(i.rt_thread_self)
    rt_thread_startup                        0x00007285   Thumb Code    88  thread.o(i.rt_thread_startup)
    rt_thread_suspend                        0x000072e1   Thumb Code    68  thread.o(i.rt_thread_suspend)
    rt_thread_timeout                        0x00007325   Thumb Code    40  thread.o(i.rt_thread_timeout)
    rt_thread_yield                          0x000073f1   Thumb Code    92  thread.o(i.rt_thread_yield)
    rt_tick_get                              0x00007455   Thumb Code     6  clock.o(i.rt_tick_get)
    rt_tick_increase                         0x00007461   Thumb Code    38  clock.o(i.rt_tick_increase)
    rt_timer_check                           0x0000748d   Thumb Code   120  timer.o(i.rt_timer_check)
    rt_timer_control                         0x00007509   Thumb Code    50  timer.o(i.rt_timer_control)
    rt_timer_detach                          0x0000753b   Thumb Code    42  timer.o(i.rt_timer_detach)
    rt_timer_init                            0x00007565   Thumb Code    50  timer.o(i.rt_timer_init)
    rt_timer_start                           0x00007599   Thumb Code   210  timer.o(i.rt_timer_start)
    rt_timer_stop                            0x0000767d   Thumb Code    58  timer.o(i.rt_timer_stop)
    rt_vsnprintf                             0x000076b9   Thumb Code   860  kservice.o(i.rt_vsnprintf)
    spi_Init                                 0x00007a6d   Thumb Code    52  simulator_spi.o(i.spi_Init)
    spi_irq                                  0x00007aa9   Thumb Code    24  can_task.o(i.spi_irq)
    spi_user_entry                           0x00007acd   Thumb Code    42  can_task.o(i.spi_user_entry)
    sys_arch_mbox_fetch                      0x00007afd   Thumb Code    62  sys_arch.o(i.sys_arch_mbox_fetch)
    sys_arch_mbox_tryfetch                   0x00007b3b   Thumb Code    28  sys_arch.o(i.sys_arch_mbox_tryfetch)
    sys_arch_protect                         0x00007b57   Thumb Code    16  sys_arch.o(i.sys_arch_protect)
    sys_arch_sem_wait                        0x00007b67   Thumb Code    52  sys_arch.o(i.sys_arch_sem_wait)
    sys_arch_timeouts                        0x00007b9b   Thumb Code    28  sys_arch.o(i.sys_arch_timeouts)
    sys_arch_unprotect                       0x00007bb7   Thumb Code    18  sys_arch.o(i.sys_arch_unprotect)
    sys_init                                 0x00007bc9   Thumb Code     2  sys_arch.o(i.sys_init)
    sys_mbox_fetch                           0x00007bcb   Thumb Code    98  sys.o(i.sys_mbox_fetch)
    sys_mbox_free                            0x00007c2d   Thumb Code     4  sys_arch.o(i.sys_mbox_free)
    sys_mbox_new                             0x00007c31   Thumb Code    44  sys_arch.o(i.sys_mbox_new)
    sys_mbox_post                            0x00007c71   Thumb Code     8  sys_arch.o(i.sys_mbox_post)
    sys_mbox_trypost                         0x00007c79   Thumb Code    16  sys_arch.o(i.sys_mbox_trypost)
    sys_sem_free                             0x00007c89   Thumb Code     4  sys_arch.o(i.sys_sem_free)
    sys_sem_new                              0x00007c8d   Thumb Code    44  sys_arch.o(i.sys_sem_new)
    sys_sem_signal                           0x00007cc9   Thumb Code     4  sys_arch.o(i.sys_sem_signal)
    sys_sem_wait                             0x00007ccd   Thumb Code    88  sys.o(i.sys_sem_wait)
    sys_thread_new                           0x00007d25   Thumb Code    74  sys_arch.o(i.sys_thread_new)
    sys_timeout                              0x00007d6f   Thumb Code   118  sys.o(i.sys_timeout)
    sys_untimeout                            0x00007de5   Thumb Code    78  sys.o(i.sys_untimeout)
    task_led                                 0x00007e35   Thumb Code    54  demo_main.o(i.task_led)
    tcp_abandon                              0x00007e75   Thumb Code   264  tcp.o(i.tcp_abandon)
    tcp_accept                               0x00007f85   Thumb Code     4  tcp.o(i.tcp_accept)
    tcp_alloc                                0x00007f91   Thumb Code   246  tcp.o(i.tcp_alloc)
    tcp_arg                                  0x00008095   Thumb Code     4  tcp.o(i.tcp_arg)
    tcp_bind                                 0x00008099   Thumb Code   332  tcp.o(i.tcp_bind)
    tcp_close                                0x000081e9   Thumb Code   180  tcp.o(i.tcp_close)
    tcp_eff_send_mss                         0x00008727   Thumb Code    38  tcp.o(i.tcp_eff_send_mss)
    tcp_enqueue                              0x0000874d   Thumb Code   866  tcp_out.o(i.tcp_enqueue)
    tcp_err                                  0x00008aaf   Thumb Code     6  tcp.o(i.tcp_err)
    tcp_fasttmr                              0x00008ab5   Thumb Code   210  tcp.o(i.tcp_fasttmr)
    tcp_input                                0x00008b8d   Thumb Code  1332  tcp_in.o(i.tcp_input)
    tcp_keepalive                            0x000090c5   Thumb Code   176  tcp_out.o(i.tcp_keepalive)
    tcp_listen_with_backlog                  0x00009175   Thumb Code   132  tcp.o(i.tcp_listen_with_backlog)
    tcp_new                                  0x00009205   Thumb Code     6  tcp.o(i.tcp_new)
    tcp_output                               0x0000920d   Thumb Code   644  tcp_out.o(i.tcp_output)
    tcp_pcb_purge                            0x0000949d   Thumb Code   144  tcp.o(i.tcp_pcb_purge)
    tcp_pcb_remove                           0x0000952d   Thumb Code    90  tcp.o(i.tcp_pcb_remove)
    tcp_poll                                 0x0000958d   Thumb Code    10  tcp.o(i.tcp_poll)
    tcp_recv                                 0x0000a24d   Thumb Code     6  tcp.o(i.tcp_recv)
    tcp_recv_null                            0x0000a253   Thumb Code   128  tcp.o(i.tcp_recv_null)
    tcp_recved                               0x0000a2d3   Thumb Code   108  tcp.o(i.tcp_recved)
    tcp_rexmit                               0x0000a33f   Thumb Code    78  tcp_out.o(i.tcp_rexmit)
    tcp_rexmit_fast                          0x0000a38d   Thumb Code   158  tcp_out.o(i.tcp_rexmit_fast)
    tcp_rexmit_rto                           0x0000a42b   Thumb Code    46  tcp_out.o(i.tcp_rexmit_rto)
    tcp_rst                                  0x0000a459   Thumb Code   188  tcp_out.o(i.tcp_rst)
    tcp_seg_copy                             0x0000a515   Thumb Code    44  tcp.o(i.tcp_seg_copy)
    tcp_seg_free                             0x0000a541   Thumb Code    32  tcp.o(i.tcp_seg_free)
    tcp_segs_free                            0x0000a561   Thumb Code    50  tcp.o(i.tcp_segs_free)
    tcp_send_ctrl                            0x0000a593   Thumb Code    28  tcp_out.o(i.tcp_send_ctrl)
    tcp_send_empty_ack                       0x0000a5af   Thumb Code   192  tcp_out.o(i.tcp_send_empty_ack)
    tcp_sent                                 0x0000a66f   Thumb Code     6  tcp.o(i.tcp_sent)
    tcp_setprio                              0x0000a675   Thumb Code     4  tcp.o(i.tcp_setprio)
    tcp_slowtmr                              0x0000a679   Thumb Code   644  tcp.o(i.tcp_slowtmr)
    tcp_timer_needed                         0x0000a90d   Thumb Code    38  tcpip.o(i.tcp_timer_needed)
    tcp_tmr                                  0x0000a945   Thumb Code    30  tcp.o(i.tcp_tmr)
    tcp_update_rcv_ann_wnd                   0x0000a969   Thumb Code    58  tcp.o(i.tcp_update_rcv_ann_wnd)
    tcp_write                                0x0000a9a3   Thumb Code    66  tcp_out.o(i.tcp_write)
    tcp_zero_window_probe                    0x0000a9e5   Thumb Code   274  tcp_out.o(i.tcp_zero_window_probe)
    tcpip_apimsg                             0x0000aaf9   Thumb Code    52  tcpip.o(i.tcpip_apimsg)
    tcpip_callback_with_block                0x0000ab31   Thumb Code    92  tcpip.o(i.tcpip_callback_with_block)
    tcpip_init                               0x0000ab91   Thumb Code    44  tcpip.o(i.tcpip_init)
    tcpip_input                              0x0000ac71   Thumb Code    82  tcpip.o(i.tcpip_input)
    tcpip_netifapi                           0x0000acc9   Thumb Code    80  tcpip.o(i.tcpip_netifapi)
    udp_bind                                 0x0000af91   Thumb Code    98  udp.o(i.udp_bind)
    udp_input                                0x0000aff9   Thumb Code   392  udp.o(i.udp_input)
    udp_new                                  0x0000b185   Thumb Code    38  udp.o(i.udp_new)
    udp_recv                                 0x0000b1ab   Thumb Code     6  udp.o(i.udp_recv)
    udp_remove                               0x0000b1b1   Thumb Code    40  udp.o(i.udp_remove)
    udp_send                                 0x0000b1dd   Thumb Code    42  udp.o(i.udp_send)
    udp_sendto                               0x0000b207   Thumb Code    42  udp.o(i.udp_sendto)
    udp_sendto_if                            0x0000b231   Thumb Code   346  udp.o(i.udp_sendto_if)
    __lowest_bit_bitmap                      0x0000b4d7   Data         256  kservice.o(.constdata)
    ethbroadcast                             0x0000b5f9   Data           6  etharp.o(.constdata)
    ethzero                                  0x0000b5ff   Data           6  etharp.o(.constdata)
    tcp_persist_backoff                      0x0000b63e   Data           7  tcp.o(.constdata)
    tcp_backoff                              0x0000b645   Data          13  tcp.o(.constdata)
    ip_addr_any                              0x0000b652   Data           4  ip_addr.o(.constdata)
    __rt_init_rti_start                      0x0000b70c   Data           4  components.o(.rti_fn.0)
    __rt_init_rti_board_start                0x0000b710   Data           4  components.o(.rti_fn.0.end)
    __rt_init_rti_board_end                  0x0000b714   Data           4  components.o(.rti_fn.1.end)
    __rt_init_rti_end                        0x0000b718   Data           4  components.o(.rti_fn.6.end)
    Region$$Table$$Base                      0x0000b71c   Number         0  anon$$obj.o(Region$$Table)
    Region$$Table$$Limit                     0x0000b73c   Number         0  anon$$obj.o(Region$$Table)
    sem_spi                                  0x2000026c   Data           4  can_task.o(.data)
    mb_can                                   0x20000270   Data           4  can_task.o(.data)
    RxMessage                                0x20000274   Data           4  can_task.o(.data)
    SystemCoreClock                          0x2000027c   Data           4  system_hhd32f1xx.o(.data)
    MainClock                                0x20000280   Data           4  system_hhd32f1xx.o(.data)
    APB1Clock                                0x20000284   Data           4  system_hhd32f1xx.o(.data)
    APB2Clock                                0x20000288   Data           4  system_hhd32f1xx.o(.data)
    pins_table                               0x2000028c   Data         380  main.o(.data)
    can_timeout                              0x20000408   Data           4  hhd_can.o(.data)
    DMATxDescToSet                           0x2000040c   Data           4  hhd_eth.o(.data)
    DMARxDescToGet                           0x20000410   Data           4  hhd_eth.o(.data)
    DMAPTPTxDescToSet                        0x20000414   Data           4  hhd_eth.o(.data)
    DMAPTPRxDescToGet                        0x20000418   Data           4  hhd_eth.o(.data)
    rt_interrupt_nest                        0x20000420   Data           1  irq.o(.data)
    rt_interrupt_from_thread                 0x2000042c   Data           4  cpuport.o(.data)
    rt_interrupt_to_thread                   0x20000430   Data           4  cpuport.o(.data)
    rt_thread_switch_interrupt_flag          0x20000434   Data           4  cpuport.o(.data)
    Mark                                     0x20000450   Data           1  sys_arch_init.o(.data)
    fpga                                     0x20000454   Data           1  load_server_bsd.o(.data)
    fileLen                                  0x20000458   Data           4  load_server_bsd.o(.data)
    startaddr                                0x2000045c   Data           4  load_server_bsd.o(.data)
    file_count                               0x20000460   Data           4  load_server_bsd.o(.data)
    sock                                     0x20000464   Data           4  load_server_bsd.o(.data)
    connected                                0x20000468   Data           4  load_server_bsd.o(.data)
    erase_sem                                0x2000046c   Data           4  load_server_bsd.o(.data)
    moreLen                                  0x20000470   Data           4  lib_xvc_v1_0.o(.data)
    rt_current_priority                      0x200004fc   Data           1  scheduler.o(.data)
    rt_current_thread                        0x20000500   Data           4  scheduler.o(.data)
    rt_thread_ready_priority_group           0x20000504   Data           4  scheduler.o(.data)
    rt_thread_defunct                        0x20000508   Data           8  scheduler.o(.data)
    netif_list                               0x20000528   Data           4  netif.o(.data)
    netif_default                            0x2000052c   Data           4  netif.o(.data)
    mt25q_id                                 0x20000544   Data           4  mt25q.o(.data)
    tcp_ticks                                0x20000554   Data           4  tcp.o(.data)
    tcp_bound_pcbs                           0x20000558   Data           4  tcp.o(.data)
    tcp_listen_pcbs                          0x2000055c   Data           4  tcp.o(.data)
    tcp_active_pcbs                          0x20000560   Data           4  tcp.o(.data)
    tcp_tw_pcbs                              0x20000564   Data           4  tcp.o(.data)
    tcp_tmp_pcb                              0x20000568   Data           4  tcp.o(.data)
    tcp_state_str                            0x2000056c   Data          44  tcp.o(.data)
    current_netif                            0x2000059c   Data           4  ip.o(.data)
    current_header                           0x200005a0   Data           4  ip.o(.data)
    tcp_input_pcb                            0x200005d4   Data           4  tcp_in.o(.data)
    udp_pcbs                                 0x200005d8   Data           4  udp.o(.data)
    stm32_eth_device                         0x200041dc   Data         140  netconf.o(.bss)
    data_buff                                0x20004848   Data        2048  load_server_bsd.o(.bss)
    test_read                                0x20005048   Data        2048  load_server_bsd.o(.bss)
    rt_thread_priority_table                 0x20006274   Data         256  scheduler.o(.bss)
    _random_number_data                      0x2000ca58   Data         228  rand.o(.bss)
    __libspace_start                         0x2000cb3c   Data          96  libspace.o(.bss)
    __temporary_stack_top$libspace           0x2000cb9c   Data           0  libspace.o(.bss)
    Image$$RW_IRAM1$$ZI$$Limit               0x2000fba0   Number         0  anon$$obj.o ABSOLUTE



==============================================================================

Memory Map of the image

  Image Entry point : 0x00000149

  Load Region LR_IROM1 (Base: 0x00000000, Size: 0x0000bd18, Max: 0x00040000, ABSOLUTE, COMPRESSED[0x0000b908])

    Execution Region ER_IROM1 (Exec base: 0x00000000, Load base: 0x00000000, Size: 0x0000b73c, Max: 0x00040000, ABSOLUTE)

    Exec Addr    Load Addr    Size         Type   Attr      Idx    E Section Name        Object

    0x00000000   0x00000000   0x00000148   Data   RO          149    RESET               startup_hhd32f1xx_s.o
    0x00000148   0x00000148   0x00000008   Code   RO         4888  * !!!main             c_w.l(__main.o)
    0x00000150   0x00000150   0x00000034   Code   RO         5058    !!!scatter          c_w.l(__scatter.o)
    0x00000184   0x00000184   0x0000005a   Code   RO         5056    !!dczerorl2         c_w.l(__dczerorl2.o)
    0x000001de   0x000001de   0x00000002   PAD
    0x000001e0   0x000001e0   0x0000001c   Code   RO         5060    !!handler_zi        c_w.l(__scatter_zi.o)
    0x000001fc   0x000001fc   0x00000000   Code   RO         4874    .ARM.Collect$$_printf_percent$$00000000  c_w.l(_printf_percent.o)
    0x000001fc   0x000001fc   0x00000006   Code   RO         4873    .ARM.Collect$$_printf_percent$$00000009  c_w.l(_printf_d.o)
    0x00000202   0x00000202   0x00000004   Code   RO         4897    .ARM.Collect$$_printf_percent$$00000017  c_w.l(_printf_percent_end.o)
    0x00000206   0x00000206   0x00000002   Code   RO         4979    .ARM.Collect$$libinit$$00000000  c_w.l(libinit.o)
    0x00000208   0x00000208   0x00000000   Code   RO         4901    .ARM.Collect$$libinit$$00000002  c_w.l(libinit2.o)
    0x00000208   0x00000208   0x00000000   Code   RO         4903    .ARM.Collect$$libinit$$00000004  c_w.l(libinit2.o)
    0x00000208   0x00000208   0x00000000   Code   RO         4906    .ARM.Collect$$libinit$$0000000A  c_w.l(libinit2.o)
    0x00000208   0x00000208   0x00000000   Code   RO         4908    .ARM.Collect$$libinit$$0000000C  c_w.l(libinit2.o)
    0x00000208   0x00000208   0x00000004   Code   RO         4909    .ARM.Collect$$libinit$$0000000D  c_w.l(libinit2.o)
    0x0000020c   0x0000020c   0x00000000   Code   RO         4910    .ARM.Collect$$libinit$$0000000E  c_w.l(libinit2.o)
    0x0000020c   0x0000020c   0x00000000   Code   RO         4913    .ARM.Collect$$libinit$$00000011  c_w.l(libinit2.o)
    0x0000020c   0x0000020c   0x00000000   Code   RO         4915    .ARM.Collect$$libinit$$00000013  c_w.l(libinit2.o)
    0x0000020c   0x0000020c   0x00000000   Code   RO         4917    .ARM.Collect$$libinit$$00000015  c_w.l(libinit2.o)
    0x0000020c   0x0000020c   0x00000000   Code   RO         4919    .ARM.Collect$$libinit$$00000017  c_w.l(libinit2.o)
    0x0000020c   0x0000020c   0x00000000   Code   RO         4921    .ARM.Collect$$libinit$$00000019  c_w.l(libinit2.o)
    0x0000020c   0x0000020c   0x00000000   Code   RO         4923    .ARM.Collect$$libinit$$0000001B  c_w.l(libinit2.o)
    0x0000020c   0x0000020c   0x00000000   Code   RO         4925    .ARM.Collect$$libinit$$0000001D  c_w.l(libinit2.o)
    0x0000020c   0x0000020c   0x00000000   Code   RO         4927    .ARM.Collect$$libinit$$0000001F  c_w.l(libinit2.o)
    0x0000020c   0x0000020c   0x00000000   Code   RO         4929    .ARM.Collect$$libinit$$00000021  c_w.l(libinit2.o)
    0x0000020c   0x0000020c   0x00000000   Code   RO         4931    .ARM.Collect$$libinit$$00000023  c_w.l(libinit2.o)
    0x0000020c   0x0000020c   0x00000000   Code   RO         4933    .ARM.Collect$$libinit$$00000025  c_w.l(libinit2.o)
    0x0000020c   0x0000020c   0x00000000   Code   RO         4937    .ARM.Collect$$libinit$$0000002C  c_w.l(libinit2.o)
    0x0000020c   0x0000020c   0x00000000   Code   RO         4939    .ARM.Collect$$libinit$$0000002E  c_w.l(libinit2.o)
    0x0000020c   0x0000020c   0x00000000   Code   RO         4941    .ARM.Collect$$libinit$$00000030  c_w.l(libinit2.o)
    0x0000020c   0x0000020c   0x00000000   Code   RO         4943    .ARM.Collect$$libinit$$00000032  c_w.l(libinit2.o)
    0x0000020c   0x0000020c   0x00000002   Code   RO         4944    .ARM.Collect$$libinit$$00000033  c_w.l(libinit2.o)
    0x0000020e   0x0000020e   0x00000002   Code   RO         5017    .ARM.Collect$$libshutdown$$00000000  c_w.l(libshutdown.o)
    0x00000210   0x00000210   0x00000000   Code   RO         5023    .ARM.Collect$$libshutdown$$00000002  c_w.l(libshutdown2.o)
    0x00000210   0x00000210   0x00000000   Code   RO         5025    .ARM.Collect$$libshutdown$$00000004  c_w.l(libshutdown2.o)
    0x00000210   0x00000210   0x00000000   Code   RO         5028    .ARM.Collect$$libshutdown$$00000007  c_w.l(libshutdown2.o)
    0x00000210   0x00000210   0x00000000   Code   RO         5031    .ARM.Collect$$libshutdown$$0000000A  c_w.l(libshutdown2.o)
    0x00000210   0x00000210   0x00000000   Code   RO         5033    .ARM.Collect$$libshutdown$$0000000C  c_w.l(libshutdown2.o)
    0x00000210   0x00000210   0x00000000   Code   RO         5036    .ARM.Collect$$libshutdown$$0000000F  c_w.l(libshutdown2.o)
    0x00000210   0x00000210   0x00000002   Code   RO         5037    .ARM.Collect$$libshutdown$$00000010  c_w.l(libshutdown2.o)
    0x00000212   0x00000212   0x00000000   Code   RO         4890    .ARM.Collect$$rtentry$$00000000  c_w.l(__rtentry.o)
    0x00000212   0x00000212   0x00000000   Code   RO         4946    .ARM.Collect$$rtentry$$00000002  c_w.l(__rtentry2.o)
    0x00000212   0x00000212   0x00000006   Code   RO         4958    .ARM.Collect$$rtentry$$00000004  c_w.l(__rtentry4.o)
    0x00000218   0x00000218   0x00000000   Code   RO         4948    .ARM.Collect$$rtentry$$00000009  c_w.l(__rtentry2.o)
    0x00000218   0x00000218   0x00000004   Code   RO         4949    .ARM.Collect$$rtentry$$0000000A  c_w.l(__rtentry2.o)
    0x0000021c   0x0000021c   0x00000000   Code   RO         4951    .ARM.Collect$$rtentry$$0000000C  c_w.l(__rtentry2.o)
    0x0000021c   0x0000021c   0x00000008   Code   RO         4952    .ARM.Collect$$rtentry$$0000000D  c_w.l(__rtentry2.o)
    0x00000224   0x00000224   0x00000002   Code   RO         4985    .ARM.Collect$$rtexit$$00000000  c_w.l(rtexit.o)
    0x00000226   0x00000226   0x00000000   Code   RO         4997    .ARM.Collect$$rtexit$$00000002  c_w.l(rtexit2.o)
    0x00000226   0x00000226   0x00000004   Code   RO         4998    .ARM.Collect$$rtexit$$00000003  c_w.l(rtexit2.o)
    0x0000022a   0x0000022a   0x00000006   Code   RO         4999    .ARM.Collect$$rtexit$$00000004  c_w.l(rtexit2.o)
    0x00000230   0x00000230   0x00000034   Code   RO         4875    .emb_text           c_w.l(rand.o)
    0x00000264   0x00000264   0x000000f0   Code   RO          142    .text               context_rvds.o
    0x00000354   0x00000354   0x00000040   Code   RO          150    .text               startup_hhd32f1xx_s.o
    0x00000394   0x00000394   0x00000028   Code   RO         4847    .text               c_w.l(noretval__2sprintf.o)
    0x000003bc   0x000003bc   0x00000068   Code   RO         4849    .text               c_w.l(__printf.o)
    0x00000424   0x00000424   0x00000078   Code   RO         4851    .text               c_w.l(_printf_dec.o)
    0x0000049c   0x0000049c   0x0000003c   Code   RO         4876    .text               c_w.l(rand.o)
    0x000004d8   0x000004d8   0x00000058   Code   RO         4880    .text               c_w.l(memcmp.o)
    0x00000530   0x00000530   0x0000008a   Code   RO         4882    .text               c_w.l(rt_memcpy_v6.o)
    0x000005ba   0x000005ba   0x0000004e   Code   RO         4884    .text               c_w.l(rt_memclr_w.o)
    0x00000608   0x00000608   0x00000006   Code   RO         4886    .text               c_w.l(heapauxi.o)
    0x0000060e   0x0000060e   0x000000b2   Code   RO         4891    .text               c_w.l(_printf_intcommon.o)
    0x000006c0   0x000006c0   0x00000030   Code   RO         4893    .text               c_w.l(_printf_char_common.o)
    0x000006f0   0x000006f0   0x0000000a   Code   RO         4895    .text               c_w.l(_sputc.o)
    0x000006fa   0x000006fa   0x00000064   Code   RO         4898    .text               c_w.l(rt_memcpy_w.o)
    0x0000075e   0x0000075e   0x0000004a   Code   RO         4966    .text               c_w.l(sys_stackheap_outer.o)
    0x000007a8   0x000007a8   0x00000012   Code   RO         4968    .text               c_w.l(exit.o)
    0x000007ba   0x000007ba   0x00000002   PAD
    0x000007bc   0x000007bc   0x00000008   Code   RO         4982    .text               c_w.l(libspace.o)
    0x000007c4   0x000007c4   0x00000002   Code   RO         4993    .text               c_w.l(use_no_semi.o)
    0x000007c6   0x000007c6   0x00000000   Code   RO         4995    .text               c_w.l(indicate_semi.o)
    0x000007c6   0x000007c6   0x00000002   PAD
    0x000007c8   0x000007c8   0x0000000c   Code   RO         5009    .text               c_w.l(sys_exit.o)
    0x000007d4   0x000007d4   0x00000050   Code   RO         1560    i.$Sub$$main        HHD32F107.lib(components.o)
    0x00000824   0x00000824   0x00000004   Code   RO          154    i.BusFault_Handler  hhd32f10x_it.o
    0x00000828   0x00000828   0x0000001c   Code   RO          155    i.CAN1_IRQHandler   hhd32f10x_it.o
    0x00000844   0x00000844   0x0000008c   Code   RO          724    i.CAN_Receive       HHD32F107.lib(hhd_can.o)
    0x000008d0   0x000008d0   0x00000008   Code   RO          725    i.CAN_SetCMD        HHD32F107.lib(hhd_can.o)
    0x000008d8   0x000008d8   0x000000e0   Code   RO          727    i.CAN_Transmit      HHD32F107.lib(hhd_can.o)
    0x000009b8   0x000009b8   0x00000004   Code   RO          541    i.Delay             HHD32F107.lib(main.o)
    0x000009bc   0x000009bc   0x0000001c   Code   RO          408    i.Delay_1ms         HHD32F107.lib(hhd32f107.o)
    0x000009d8   0x000009d8   0x0000000c   Code   RO          899    i.ETH_DMAClearITPendingBit  HHD32F107.lib(hhd_eth.o)
    0x000009e4   0x000009e4   0x00000018   Code   RO          900    i.ETH_DMAITConfig   HHD32F107.lib(hhd_eth.o)
    0x000009fc   0x000009fc   0x0000005c   Code   RO          904    i.ETH_DMARxDescChainInit  HHD32F107.lib(hhd_eth.o)
    0x00000a58   0x00000a58   0x00000012   Code   RO          906    i.ETH_DMARxDescReceiveITConfig  HHD32F107.lib(hhd_eth.o)
    0x00000a6a   0x00000a6a   0x00000002   PAD
    0x00000a6c   0x00000a6c   0x00000054   Code   RO          912    i.ETH_DMATxDescChainInit  HHD32F107.lib(hhd_eth.o)
    0x00000ac0   0x00000ac0   0x00000014   Code   RO          954    i.ETH_GetSoftwareResetStatus  HHD32F107.lib(hhd_eth.o)
    0x00000ad4   0x00000ad4   0x00000040   Code   RO          157    i.ETH_IRQHandler    hhd32f10x_it.o
    0x00000b14   0x00000b14   0x0000022c   Code   RO          962    i.ETH_Init          HHD32F107.lib(hhd_eth.o)
    0x00000d40   0x00000d40   0x0000001a   Code   RO          965    i.ETH_MACAddressConfig  HHD32F107.lib(hhd_eth.o)
    0x00000d5a   0x00000d5a   0x00000002   PAD
    0x00000d5c   0x00000d5c   0x0000005c   Code   RO          982    i.ETH_ReadPHYRegister  HHD32F107.lib(hhd_eth.o)
    0x00000db8   0x00000db8   0x00000010   Code   RO          993    i.ETH_SoftwareReset  HHD32F107.lib(hhd_eth.o)
    0x00000dc8   0x00000dc8   0x00000038   Code   RO          994    i.ETH_Start         HHD32F107.lib(hhd_eth.o)
    0x00000e00   0x00000e00   0x00000082   Code   RO          995    i.ETH_StructInit    HHD32F107.lib(hhd_eth.o)
    0x00000e82   0x00000e82   0x00000002   PAD
    0x00000e84   0x00000e84   0x0000005c   Code   RO          997    i.ETH_WritePHYRegister  HHD32F107.lib(hhd_eth.o)
    0x00000ee0   0x00000ee0   0x00000008   Code   RO          158    i.EXTI0_IRQHandler  hhd32f10x_it.o
    0x00000ee8   0x00000ee8   0x00000008   Code   RO          159    i.EXTI15_10_IRQHandler  hhd32f10x_it.o
    0x00000ef0   0x00000ef0   0x00000008   Code   RO          160    i.EXTI1_IRQHandler  hhd32f10x_it.o
    0x00000ef8   0x00000ef8   0x00000008   Code   RO          161    i.EXTI2_IRQHandler  hhd32f10x_it.o
    0x00000f00   0x00000f00   0x00000008   Code   RO          162    i.EXTI3_IRQHandler  hhd32f10x_it.o
    0x00000f08   0x00000f08   0x00000008   Code   RO          163    i.EXTI4_IRQHandler  hhd32f10x_it.o
    0x00000f10   0x00000f10   0x00000008   Code   RO          164    i.EXTI9_5_IRQHandler  hhd32f10x_it.o
    0x00000f18   0x00000f18   0x00000108   Code   RO          409    i.Ethernet_Configuration  HHD32F107.lib(hhd32f107.o)
    0x00001020   0x00001020   0x00000038   Code   RO          487    i.FPGA_cmd_clean    HHD32F107.lib(fpga_manager.o)
    0x00001058   0x00001058   0x00000038   Code   RO          489    i.FPGA_cmd_select_flash  HHD32F107.lib(fpga_manager.o)
    0x00001090   0x00001090   0x00000038   Code   RO          490    i.FPGA_cmd_select_fpga  HHD32F107.lib(fpga_manager.o)
    0x000010c8   0x000010c8   0x0000010c   Code   RO         3560    i.Flash_erase       HHD32F107.lib(mt25q.o)
    0x000011d4   0x000011d4   0x00000014   Code   RO          801    i.GPIO_ClrIntflag   HHD32F107.lib(hhd_gpio.o)
    0x000011e8   0x000011e8   0x0000000a   Code   RO          802    i.GPIO_ConfigPinsAsInput  HHD32F107.lib(hhd_gpio.o)
    0x000011f2   0x000011f2   0x00000008   Code   RO          803    i.GPIO_ConfigPinsAsOutput  HHD32F107.lib(hhd_gpio.o)
    0x000011fa   0x000011fa   0x00000002   PAD
    0x000011fc   0x000011fc   0x000001a0   Code   RO          805    i.GPIO_EnableInt    HHD32F107.lib(hhd_gpio.o)
    0x0000139c   0x0000139c   0x00000008   Code   RO          810    i.GPIO_ResetPin     HHD32F107.lib(hhd_gpio.o)
    0x000013a4   0x000013a4   0x00000008   Code   RO          812    i.GPIO_SetPin       HHD32F107.lib(hhd_gpio.o)
    0x000013ac   0x000013ac   0x00000004   Code   RO          542    i.Get_Tick          HHD32F107.lib(main.o)
    0x000013b0   0x000013b0   0x00000064   Code   RO          703    i.IO_init           HHD32F107.lib(io_init.o)
    0x00001414   0x00001414   0x00000002   Code   RO          166    i.NMI_Handler       hhd32f10x_it.o
    0x00001416   0x00001416   0x00000002   PAD
    0x00001418   0x00001418   0x0000001c   Code   RO         2419    i.RCC_APB2PeriphClockCmd  HHD32F107.lib(hhd_rcc.o)
    0x00001434   0x00001434   0x000000d0   Code   RO          493    i.SPI_To_FPGA_Read  HHD32F107.lib(fpga_manager.o)
    0x00001504   0x00001504   0x00000002   Code   RO          167    i.SVC_Handler       hhd32f10x_it.o
    0x00001506   0x00001506   0x00000010   Code   RO            1    i.SysTick_Handler   board.o
    0x00001516   0x00001516   0x00000002   PAD
    0x00001518   0x00001518   0x000000bc   Code   RO          385    i.SystemInit        HHD32F107.lib(system_hhd32f1xx.o)
    0x000015d4   0x000015d4   0x00000004   Code   RO          168    i.UsageFault_Handler  hhd32f10x_it.o
    0x000015d8   0x000015d8   0x000000e0   Code   RO          448    i.WriteByte         HHD32F107.lib(simulator_spi.o)
    0x000016b8   0x000016b8   0x00000030   Code   RO            2    i._SysTick_Config   board.o
    0x000016e8   0x000016e8   0x00000044   Code   RO         1841    i.__rt_ffs          HHD32F107.lib(kservice.o)
    0x0000172c   0x0000172c   0x0000001c   Code   RO         1842    i._rt_errno         HHD32F107.lib(kservice.o)
    0x00001748   0x00001748   0x0000016c   Code   RO         4710    i.accept_function   HHD32F107.lib(api_msg.o)
    0x000018b4   0x000018b4   0x0000000e   Code   RO          543    i.application_init  HHD32F107.lib(main.o)
    0x000018c2   0x000018c2   0x00000002   PAD
    0x000018c4   0x000018c4   0x0000001c   Code   RO         3455    i.arp_timer         HHD32F107.lib(tcpip.o)
    0x000018e0   0x000018e0   0x00000034   Code   RO          544    i.base_init         HHD32F107.lib(main.o)
    0x00001914   0x00001914   0x0000006c   Code   RO          345    i.can_entry         can_task.o
    0x00001980   0x00001980   0x00000148   Code   RO          728    i.can_init          HHD32F107.lib(hhd_can.o)
    0x00001ac8   0x00001ac8   0x00000118   Code   RO          346    i.can_task_init     can_task.o
    0x00001be0   0x00001be0   0x00000058   Code   RO          347    i.can_user_entry    can_task.o
    0x00001c38   0x00001c38   0x00000068   Code   RO         4711    i.do_bind           HHD32F107.lib(api_msg.o)
    0x00001ca0   0x00001ca0   0x000000a8   Code   RO         4713    i.do_close_internal  HHD32F107.lib(api_msg.o)
    0x00001d48   0x00001d48   0x00000068   Code   RO         4716    i.do_delconn        HHD32F107.lib(api_msg.o)
    0x00001db0   0x00001db0   0x0000007e   Code   RO         4718    i.do_getaddr        HHD32F107.lib(api_msg.o)
    0x00001e2e   0x00001e2e   0x00000002   PAD
    0x00001e30   0x00001e30   0x00000098   Code   RO         4719    i.do_listen         HHD32F107.lib(api_msg.o)
    0x00001ec8   0x00001ec8   0x00000022   Code   RO         3405    i.do_netifapi_netif_common  HHD32F107.lib(netifapi.o)
    0x00001eea   0x00001eea   0x0000001a   Code   RO         3406    i.do_netifapi_netif_set_addr  HHD32F107.lib(netifapi.o)
    0x00001f04   0x00001f04   0x000000cc   Code   RO         4720    i.do_newconn        HHD32F107.lib(api_msg.o)
    0x00001fd0   0x00001fd0   0x0000002e   Code   RO         4721    i.do_recv           HHD32F107.lib(api_msg.o)
    0x00001ffe   0x00001ffe   0x00000074   Code   RO         4722    i.do_send           HHD32F107.lib(api_msg.o)
    0x00002072   0x00002072   0x00000036   Code   RO         4723    i.do_write          HHD32F107.lib(api_msg.o)
    0x000020a8   0x000020a8   0x000000ba   Code   RO         4724    i.do_writemore      HHD32F107.lib(api_msg.o)
    0x00002162   0x00002162   0x00000002   PAD
    0x00002164   0x00002164   0x00000044   Code   RO         2354    i.erase_task        HHD32F107.lib(load_server_bsd.o)
    0x000021a8   0x000021a8   0x00000062   Code   RO         4725    i.err_tcp           HHD32F107.lib(api_msg.o)
    0x0000220a   0x0000220a   0x00000002   PAD
    0x0000220c   0x0000220c   0x0000007c   Code   RO         2292    i.eth_device_init   HHD32F107.lib(ethernetif.o)
    0x00002288   0x00002288   0x0000000c   Code   RO         2294    i.eth_device_ready  HHD32F107.lib(ethernetif.o)
    0x00002294   0x00002294   0x00000070   Code   RO         2296    i.eth_rx_thread_entry  HHD32F107.lib(ethernetif.o)
    0x00002304   0x00002304   0x000000a4   Code   RO         2297    i.eth_system_device_init  HHD32F107.lib(ethernetif.o)
    0x000023a8   0x000023a8   0x00000034   Code   RO         2298    i.eth_tx_thread_entry  HHD32F107.lib(ethernetif.o)
    0x000023dc   0x000023dc   0x000000ec   Code   RO         3329    i.etharp_arp_input  HHD32F107.lib(etharp.o)
    0x000024c8   0x000024c8   0x000000c4   Code   RO         3332    i.etharp_output     HHD32F107.lib(etharp.o)
    0x0000258c   0x0000258c   0x000001e4   Code   RO         3333    i.etharp_query      HHD32F107.lib(etharp.o)
    0x00002770   0x00002770   0x000000d0   Code   RO         3334    i.etharp_request    HHD32F107.lib(etharp.o)
    0x00002840   0x00002840   0x0000004e   Code   RO         3335    i.etharp_send_ip    HHD32F107.lib(etharp.o)
    0x0000288e   0x0000288e   0x00000002   PAD
    0x00002890   0x00002890   0x00000068   Code   RO         3336    i.etharp_tmr        HHD32F107.lib(etharp.o)
    0x000028f8   0x000028f8   0x00000072   Code   RO         3337    i.ethernet_input    HHD32F107.lib(etharp.o)
    0x0000296a   0x0000296a   0x00000002   PAD
    0x0000296c   0x0000296c   0x0000002c   Code   RO         2299    i.ethernetif_linkoutput  HHD32F107.lib(ethernetif.o)
    0x00002998   0x00002998   0x0000010c   Code   RO         4191    i.event_callback    HHD32F107.lib(sockets.o)
    0x00002aa4   0x00002aa4   0x0000017c   Code   RO         3338    i.find_entry        HHD32F107.lib(etharp.o)
    0x00002c20   0x00002c20   0x000000bc   Code   RO         2356    i.frame_consultation  HHD32F107.lib(load_server_bsd.o)
    0x00002cdc   0x00002cdc   0x00000134   Code   RO         2357    i.frame_handler     HHD32F107.lib(load_server_bsd.o)
    0x00002e10   0x00002e10   0x00000026   Code   RO          546    i.get_mark          HHD32F107.lib(main.o)
    0x00002e36   0x00002e36   0x00000004   Code   RO         3281    i.htonl             HHD32F107.lib(inet.o)
    0x00002e3a   0x00002e3a   0x00000004   Code   RO         3282    i.htons             HHD32F107.lib(inet.o)
    0x00002e3e   0x00002e3e   0x0000006c   Code   RO         4510    i.icmp_dest_unreach  HHD32F107.lib(icmp.o)
    0x00002eaa   0x00002eaa   0x00000152   Code   RO         4511    i.icmp_input        HHD32F107.lib(icmp.o)
    0x00002ffc   0x00002ffc   0x0000006c   Code   RO         4512    i.icmp_time_exceeded  HHD32F107.lib(icmp.o)
    0x00003068   0x00003068   0x0000000c   Code   RO         4534    i.inet_chksum       HHD32F107.lib(inet_chksum.o)
    0x00003074   0x00003074   0x000000b2   Code   RO         4535    i.inet_chksum_pbuf  HHD32F107.lib(inet_chksum.o)
    0x00003126   0x00003126   0x000000e4   Code   RO         4536    i.inet_chksum_pseudo  HHD32F107.lib(inet_chksum.o)
    0x0000320a   0x0000320a   0x0000003e   Code   RO         4136    i.ip_addr_isbroadcast  HHD32F107.lib(ip_addr.o)
    0x00003248   0x00003248   0x00000148   Code   RO         4159    i.ip_frag           HHD32F107.lib(ip_frag.o)
    0x00003390   0x00003390   0x00000188   Code   RO         4098    i.ip_input          HHD32F107.lib(ip.o)
    0x00003518   0x00003518   0x00000074   Code   RO         4099    i.ip_output         HHD32F107.lib(ip.o)
    0x0000358c   0x0000358c   0x000000e8   Code   RO         4100    i.ip_output_if      HHD32F107.lib(ip.o)
    0x00003674   0x00003674   0x000002bc   Code   RO         4160    i.ip_reass          HHD32F107.lib(ip_frag.o)
    0x00003930   0x00003930   0x0000010c   Code   RO         4161    i.ip_reass_remove_oldest_datagram  HHD32F107.lib(ip_frag.o)
    0x00003a3c   0x00003a3c   0x0000001c   Code   RO         3456    i.ip_reass_timer    HHD32F107.lib(tcpip.o)
    0x00003a58   0x00003a58   0x000000b4   Code   RO         4162    i.ip_reass_tmr      HHD32F107.lib(ip_frag.o)
    0x00003b0c   0x00003b0c   0x0000004c   Code   RO         4101    i.ip_route          HHD32F107.lib(ip.o)
    0x00003b58   0x00003b58   0x00000034   Code   RO         2444    i.jtag_Server_init  HHD32F107.lib(lib_xvc_v1_0.o)
    0x00003b8c   0x00003b8c   0x000001c0   Code   RO         2445    i.jtag_gpio_handle  HHD32F107.lib(lib_xvc_v1_0.o)
    0x00003d4c   0x00003d4c   0x0000006c   Code   RO         2446    i.jtag_task         HHD32F107.lib(lib_xvc_v1_0.o)
    0x00003db8   0x00003db8   0x00000038   Code   RO         2358    i.load_server_init  HHD32F107.lib(load_server_bsd.o)
    0x00003df0   0x00003df0   0x00000190   Code   RO         4192    i.lwip_accept       HHD32F107.lib(sockets.o)
    0x00003f80   0x00003f80   0x00000084   Code   RO         4193    i.lwip_bind         HHD32F107.lib(sockets.o)
    0x00004004   0x00004004   0x00000060   Code   RO         4194    i.lwip_close        HHD32F107.lib(sockets.o)
    0x00004064   0x00004064   0x00000012   Code   RO         3737    i.lwip_init         HHD32F107.lib(init.o)
    0x00004076   0x00004076   0x00000002   PAD
    0x00004078   0x00004078   0x00000074   Code   RO         4202    i.lwip_listen       HHD32F107.lib(sockets.o)
    0x000040ec   0x000040ec   0x00000018   Code   RO         4204    i.lwip_recv         HHD32F107.lib(sockets.o)
    0x00004104   0x00004104   0x000001bc   Code   RO         4205    i.lwip_recvfrom     HHD32F107.lib(sockets.o)
    0x000042c0   0x000042c0   0x00000090   Code   RO         4208    i.lwip_send         HHD32F107.lib(sockets.o)
    0x00004350   0x00004350   0x000000f4   Code   RO         4209    i.lwip_sendto       HHD32F107.lib(sockets.o)
    0x00004444   0x00004444   0x000000dc   Code   RO         4213    i.lwip_socket       HHD32F107.lib(sockets.o)
    0x00004520   0x00004520   0x0000001c   Code   RO         4214    i.lwip_socket_init  HHD32F107.lib(sockets.o)
    0x0000453c   0x0000453c   0x00000060   Code   RO         4537    i.lwip_standard_chksum  HHD32F107.lib(inet_chksum.o)
    0x0000459c   0x0000459c   0x00000094   Code   RO         2168    i.lwip_system_init  HHD32F107.lib(sys_arch_init.o)
    0x00004630   0x00004630   0x00000084   Code   RO          312    i.main              demo_main.o
    0x000046b4   0x000046b4   0x00000024   Code   RO         1561    i.main_thread_entry  HHD32F107.lib(components.o)
    0x000046d8   0x000046d8   0x00000028   Code   RO         3761    i.memp_free         HHD32F107.lib(memp.o)
    0x00004700   0x00004700   0x00000064   Code   RO         3762    i.memp_init         HHD32F107.lib(memp.o)
    0x00004764   0x00004764   0x00000030   Code   RO         3763    i.memp_malloc       HHD32F107.lib(memp.o)
    0x00004794   0x00004794   0x000000d0   Code   RO         3564    i.mt25q_init        HHD32F107.lib(mt25q.o)
    0x00004864   0x00004864   0x00000090   Code   RO         3565    i.mt25q_read        HHD32F107.lib(mt25q.o)
    0x000048f4   0x000048f4   0x00000066   Code   RO         3568    i.mt25q_wirte       HHD32F107.lib(mt25q.o)
    0x0000495a   0x0000495a   0x00000002   PAD
    0x0000495c   0x0000495c   0x00000108   Code   RO         3569    i.mt25q_wirte_page  HHD32F107.lib(mt25q.o)
    0x00004a64   0x00004a64   0x00000024   Code   RO         4650    i.netbuf_delete     HHD32F107.lib(netbuf.o)
    0x00004a88   0x00004a88   0x0000001c   Code   RO         4652    i.netbuf_free       HHD32F107.lib(netbuf.o)
    0x00004aa4   0x00004aa4   0x00000044   Code   RO         4655    i.netbuf_ref        HHD32F107.lib(netbuf.o)
    0x00004ae8   0x00004ae8   0x0000003a   Code   RO         4563    i.netconn_accept    HHD32F107.lib(api_lib.o)
    0x00004b22   0x00004b22   0x00000082   Code   RO         4726    i.netconn_alloc     HHD32F107.lib(api_msg.o)
    0x00004ba4   0x00004ba4   0x00000030   Code   RO         4564    i.netconn_bind      HHD32F107.lib(api_lib.o)
    0x00004bd4   0x00004bd4   0x0000002c   Code   RO         4567    i.netconn_delete    HHD32F107.lib(api_lib.o)
    0x00004c00   0x00004c00   0x0000006c   Code   RO         4727    i.netconn_free      HHD32F107.lib(api_msg.o)
    0x00004c6c   0x00004c6c   0x00000034   Code   RO         4569    i.netconn_getaddr   HHD32F107.lib(api_lib.o)
    0x00004ca0   0x00004ca0   0x00000028   Code   RO         4570    i.netconn_listen_with_backlog  HHD32F107.lib(api_lib.o)
    0x00004cc8   0x00004cc8   0x00000048   Code   RO         4571    i.netconn_new_with_proto_and_callback  HHD32F107.lib(api_lib.o)
    0x00004d10   0x00004d10   0x00000118   Code   RO         4572    i.netconn_recv      HHD32F107.lib(api_lib.o)
    0x00004e28   0x00004e28   0x0000002c   Code   RO         4573    i.netconn_send      HHD32F107.lib(api_lib.o)
    0x00004e54   0x00004e54   0x00000040   Code   RO         4575    i.netconn_write     HHD32F107.lib(api_lib.o)
    0x00004e94   0x00004e94   0x000000d8   Code   RO         3040    i.netif_add         HHD32F107.lib(netif.o)
    0x00004f6c   0x00004f6c   0x00000016   Code   RO         2169    i.netif_device_init  HHD32F107.lib(sys_arch_init.o)
    0x00004f82   0x00004f82   0x0000000a   Code   RO         3043    i.netif_is_up       HHD32F107.lib(netif.o)
    0x00004f8c   0x00004f8c   0x00000084   Code   RO         3045    i.netif_set_addr    HHD32F107.lib(netif.o)
    0x00005010   0x00005010   0x0000000c   Code   RO         3046    i.netif_set_default  HHD32F107.lib(netif.o)
    0x0000501c   0x0000501c   0x00000016   Code   RO         3051    i.netif_set_link_down  HHD32F107.lib(netif.o)
    0x00005032   0x00005032   0x0000003c   Code   RO         3052    i.netif_set_link_up  HHD32F107.lib(netif.o)
    0x0000506e   0x0000506e   0x00000044   Code   RO         3055    i.netif_set_up      HHD32F107.lib(netif.o)
    0x000050b2   0x000050b2   0x00000002   PAD
    0x000050b4   0x000050b4   0x00000020   Code   RO         3408    i.netifapi_netif_common  HHD32F107.lib(netifapi.o)
    0x000050d4   0x000050d4   0x00000028   Code   RO         3409    i.netifapi_netif_set_addr  HHD32F107.lib(netifapi.o)
    0x000050fc   0x000050fc   0x00000004   Code   RO         3286    i.ntohl             HHD32F107.lib(inet.o)
    0x00005100   0x00005100   0x00000004   Code   RO         3287    i.ntohs             HHD32F107.lib(inet.o)
    0x00005104   0x00005104   0x000001b8   Code   RO         3172    i.pbuf_alloc        HHD32F107.lib(pbuf.o)
    0x000052bc   0x000052bc   0x00000028   Code   RO         3173    i.pbuf_cat          HHD32F107.lib(pbuf.o)
    0x000052e4   0x000052e4   0x00000042   Code   RO         3174    i.pbuf_chain        HHD32F107.lib(pbuf.o)
    0x00005326   0x00005326   0x00000012   Code   RO         3175    i.pbuf_clen         HHD32F107.lib(pbuf.o)
    0x00005338   0x00005338   0x00000094   Code   RO         3177    i.pbuf_copy         HHD32F107.lib(pbuf.o)
    0x000053cc   0x000053cc   0x00000070   Code   RO         3178    i.pbuf_copy_partial  HHD32F107.lib(pbuf.o)
    0x0000543c   0x0000543c   0x00000050   Code   RO         3180    i.pbuf_free         HHD32F107.lib(pbuf.o)
    0x0000548c   0x0000548c   0x00000038   Code   RO         3181    i.pbuf_free_ooseq   HHD32F107.lib(pbuf.o)
    0x000054c4   0x000054c4   0x00000070   Code   RO         3182    i.pbuf_header       HHD32F107.lib(pbuf.o)
    0x00005534   0x00005534   0x0000003c   Code   RO         3183    i.pbuf_realloc      HHD32F107.lib(pbuf.o)
    0x00005570   0x00005570   0x0000001c   Code   RO         3184    i.pbuf_ref          HHD32F107.lib(pbuf.o)
    0x0000558c   0x0000558c   0x0000001a   Code   RO         4728    i.poll_tcp          HHD32F107.lib(api_msg.o)
    0x000055a6   0x000055a6   0x00000002   PAD
    0x000055a8   0x000055a8   0x000001bc   Code   RO         1843    i.print_number      HHD32F107.lib(kservice.o)
    0x00005764   0x00005764   0x0000000c   Code   RO         4354    i.raw_bind          HHD32F107.lib(raw.o)
    0x00005770   0x00005770   0x0000007c   Code   RO         4356    i.raw_input         HHD32F107.lib(raw.o)
    0x000057ec   0x000057ec   0x00000034   Code   RO         4357    i.raw_new           HHD32F107.lib(raw.o)
    0x00005820   0x00005820   0x00000006   Code   RO         4358    i.raw_recv          HHD32F107.lib(raw.o)
    0x00005826   0x00005826   0x00000002   PAD
    0x00005828   0x00005828   0x0000002c   Code   RO         4359    i.raw_remove        HHD32F107.lib(raw.o)
    0x00005854   0x00005854   0x000000c4   Code   RO         4360    i.raw_send          HHD32F107.lib(raw.o)
    0x00005918   0x00005918   0x000000be   Code   RO         4361    i.raw_sendto        HHD32F107.lib(raw.o)
    0x000059d6   0x000059d6   0x00000002   PAD
    0x000059d8   0x000059d8   0x000000e4   Code   RO          449    i.readByte          HHD32F107.lib(simulator_spi.o)
    0x00005abc   0x00005abc   0x00000194   Code   RO          450    i.readWriteByte     HHD32F107.lib(simulator_spi.o)
    0x00005c50   0x00005c50   0x00000096   Code   RO         4729    i.recv_raw          HHD32F107.lib(api_msg.o)
    0x00005ce6   0x00005ce6   0x0000004e   Code   RO         4730    i.recv_tcp          HHD32F107.lib(api_msg.o)
    0x00005d34   0x00005d34   0x00000086   Code   RO         4731    i.recv_udp          HHD32F107.lib(api_msg.o)
    0x00005dba   0x00005dba   0x00000002   PAD
    0x00005dbc   0x00005dbc   0x00000030   Code   RO         1562    i.rt_application_init  HHD32F107.lib(components.o)
    0x00005dec   0x00005dec   0x00000020   Code   RO         1563    i.rt_components_board_init  HHD32F107.lib(components.o)
    0x00005e0c   0x00005e0c   0x0000000e   Code   RO         2709    i.rt_device_control  HHD32F107.lib(device.o)
    0x00005e1a   0x00005e1a   0x0000002c   Code   RO         2713    i.rt_device_init    HHD32F107.lib(device.o)
    0x00005e46   0x00005e46   0x0000008c   Code   RO         2717    i.rt_device_register  HHD32F107.lib(device.o)
    0x00005ed2   0x00005ed2   0x00000002   PAD
    0x00005ed4   0x00005ed4   0x0000001c   Code   RO         2891    i.rt_enter_critical  HHD32F107.lib(scheduler.o)
    0x00005ef0   0x00005ef0   0x0000008c   Code   RO         2892    i.rt_exit_critical  HHD32F107.lib(scheduler.o)
    0x00005f7c   0x00005f7c   0x000000ac   Code   RO         2123    i.rt_free           HHD32F107.lib(mem.o)
    0x00006028   0x00006028   0x00000034   Code   RO            3    i.rt_hw_board_init  board.o
    0x0000605c   0x0000605c   0x00000018   Code   RO         2088    i.rt_hw_hard_fault_exception  HHD32F107.lib(cpuport.o)
    0x00006074   0x00006074   0x000000b0   Code   RO          617    i.rt_hw_hhd_eth_init  HHD32F107.lib(netconf.o)
    0x00006124   0x00006124   0x00000040   Code   RO         2089    i.rt_hw_stack_init  HHD32F107.lib(cpuport.o)
    0x00006164   0x00006164   0x0000001c   Code   RO         1814    i.rt_interrupt_enter  HHD32F107.lib(irq.o)
    0x00006180   0x00006180   0x0000000c   Code   RO         1815    i.rt_interrupt_get_nest  HHD32F107.lib(irq.o)
    0x0000618c   0x0000618c   0x0000001c   Code   RO         1816    i.rt_interrupt_leave  HHD32F107.lib(irq.o)
    0x000061a8   0x000061a8   0x00000118   Code   RO         2124    i.rt_malloc         HHD32F107.lib(mem.o)
    0x000062c0   0x000062c0   0x000000a8   Code   RO         1633    i.rt_mb_control     HHD32F107.lib(ipc.o)
    0x00006368   0x00006368   0x0000004a   Code   RO         1634    i.rt_mb_create      HHD32F107.lib(ipc.o)
    0x000063b2   0x000063b2   0x00000002   PAD
    0x000063b4   0x000063b4   0x0000006a   Code   RO         1635    i.rt_mb_delete      HHD32F107.lib(ipc.o)
    0x0000641e   0x0000641e   0x00000038   Code   RO         1637    i.rt_mb_init        HHD32F107.lib(ipc.o)
    0x00006456   0x00006456   0x00000002   PAD
    0x00006458   0x00006458   0x0000015a   Code   RO         1638    i.rt_mb_recv        HHD32F107.lib(ipc.o)
    0x000065b2   0x000065b2   0x00000006   Code   RO         1639    i.rt_mb_send        HHD32F107.lib(ipc.o)
    0x000065b8   0x000065b8   0x00000150   Code   RO         1640    i.rt_mb_send_wait   HHD32F107.lib(ipc.o)
    0x00006708   0x00006708   0x00000072   Code   RO         1848    i.rt_memcpy         HHD32F107.lib(kservice.o)
    0x0000677a   0x0000677a   0x00000002   PAD
    0x0000677c   0x0000677c   0x00000034   Code   RO         1850    i.rt_memset         HHD32F107.lib(kservice.o)
    0x000067b0   0x000067b0   0x00000050   Code   RO         2831    i.rt_object_allocate  HHD32F107.lib(object.o)
    0x00006800   0x00006800   0x0000002a   Code   RO         2832    i.rt_object_delete  HHD32F107.lib(object.o)
    0x0000682a   0x0000682a   0x00000024   Code   RO         2833    i.rt_object_detach  HHD32F107.lib(object.o)
    0x0000684e   0x0000684e   0x00000002   PAD
    0x00006850   0x00006850   0x00000074   Code   RO         2835    i.rt_object_get_information  HHD32F107.lib(object.o)
    0x000068c4   0x000068c4   0x0000003c   Code   RO         2836    i.rt_object_init    HHD32F107.lib(object.o)
    0x00006900   0x00006900   0x0000000c   Code   RO         2837    i.rt_object_is_systemobject  HHD32F107.lib(object.o)
    0x0000690c   0x0000690c   0x0000006c   Code   RO         2893    i.rt_schedule       HHD32F107.lib(scheduler.o)
    0x00006978   0x00006978   0x00000050   Code   RO         2894    i.rt_schedule_insert_thread  HHD32F107.lib(scheduler.o)
    0x000069c8   0x000069c8   0x00000050   Code   RO         2895    i.rt_schedule_remove_thread  HHD32F107.lib(scheduler.o)
    0x00006a18   0x00006a18   0x00000022   Code   RO         1649    i.rt_sem_create     HHD32F107.lib(ipc.o)
    0x00006a3a   0x00006a3a   0x00000002   PAD
    0x00006a3c   0x00006a3c   0x00000040   Code   RO         1650    i.rt_sem_delete     HHD32F107.lib(ipc.o)
    0x00006a7c   0x00006a7c   0x00000040   Code   RO         1651    i.rt_sem_detach     HHD32F107.lib(ipc.o)
    0x00006abc   0x00006abc   0x00000020   Code   RO         1652    i.rt_sem_init       HHD32F107.lib(ipc.o)
    0x00006adc   0x00006adc   0x00000036   Code   RO         1653    i.rt_sem_release    HHD32F107.lib(ipc.o)
    0x00006b12   0x00006b12   0x00000002   PAD
    0x00006b14   0x00006b14   0x000000d0   Code   RO         1654    i.rt_sem_take       HHD32F107.lib(ipc.o)
    0x00006be4   0x00006be4   0x00000020   Code   RO         1851    i.rt_set_errno      HHD32F107.lib(kservice.o)
    0x00006c04   0x00006c04   0x00000002   Code   RO         1852    i.rt_show_version   HHD32F107.lib(kservice.o)
    0x00006c06   0x00006c06   0x00000012   Code   RO         1853    i.rt_snprintf       HHD32F107.lib(kservice.o)
    0x00006c18   0x00006c18   0x00000004   Code   RO          618    i.rt_stm32_eth_close  HHD32F107.lib(netconf.o)
    0x00006c1c   0x00006c1c   0x00000024   Code   RO          619    i.rt_stm32_eth_control  HHD32F107.lib(netconf.o)
    0x00006c40   0x00006c40   0x00000050   Code   RO          620    i.rt_stm32_eth_init  HHD32F107.lib(netconf.o)
    0x00006c90   0x00006c90   0x00000004   Code   RO          621    i.rt_stm32_eth_open  HHD32F107.lib(netconf.o)
    0x00006c94   0x00006c94   0x0000000e   Code   RO          622    i.rt_stm32_eth_read  HHD32F107.lib(netconf.o)
    0x00006ca2   0x00006ca2   0x00000002   PAD
    0x00006ca4   0x00006ca4   0x000000a4   Code   RO          623    i.rt_stm32_eth_rx   HHD32F107.lib(netconf.o)
    0x00006d48   0x00006d48   0x0000006c   Code   RO          624    i.rt_stm32_eth_tx   HHD32F107.lib(netconf.o)
    0x00006db4   0x00006db4   0x0000000e   Code   RO          625    i.rt_stm32_eth_write  HHD32F107.lib(netconf.o)
    0x00006dc2   0x00006dc2   0x00000026   Code   RO         1859    i.rt_strncmp        HHD32F107.lib(kservice.o)
    0x00006de8   0x00006de8   0x00000062   Code   RO         1860    i.rt_strncpy        HHD32F107.lib(kservice.o)
    0x00006e4a   0x00006e4a   0x00000002   PAD
    0x00006e4c   0x00006e4c   0x00000068   Code   RO         2127    i.rt_system_heap_init  HHD32F107.lib(mem.o)
    0x00006eb4   0x00006eb4   0x00000040   Code   RO         2896    i.rt_system_scheduler_init  HHD32F107.lib(scheduler.o)
    0x00006ef4   0x00006ef4   0x00000028   Code   RO         2897    i.rt_system_scheduler_start  HHD32F107.lib(scheduler.o)
    0x00006f1c   0x00006f1c   0x0000000c   Code   RO         2952    i.rt_system_timer_init  HHD32F107.lib(timer.o)
    0x00006f28   0x00006f28   0x00000048   Code   RO         2953    i.rt_system_timer_thread_init  HHD32F107.lib(timer.o)
    0x00006f70   0x00006f70   0x000000a4   Code   RO         1992    i.rt_thread_create  HHD32F107.lib(thread.o)
    0x00007014   0x00007014   0x00000078   Code   RO         1993    i.rt_thread_delay   HHD32F107.lib(thread.o)
    0x0000708c   0x0000708c   0x00000060   Code   RO         1996    i.rt_thread_exit    HHD32F107.lib(thread.o)
    0x000070ec   0x000070ec   0x00000080   Code   RO         2797    i.rt_thread_idle_entry  HHD32F107.lib(idle.o)
    0x0000716c   0x0000716c   0x0000003c   Code   RO         2800    i.rt_thread_idle_init  HHD32F107.lib(idle.o)
    0x000071a8   0x000071a8   0x00000088   Code   RO         1998    i.rt_thread_init    HHD32F107.lib(thread.o)
    0x00007230   0x00007230   0x00000048   Code   RO         1999    i.rt_thread_resume  HHD32F107.lib(thread.o)
    0x00007278   0x00007278   0x0000000c   Code   RO         2000    i.rt_thread_self    HHD32F107.lib(thread.o)
    0x00007284   0x00007284   0x0000005c   Code   RO         2002    i.rt_thread_startup  HHD32F107.lib(thread.o)
    0x000072e0   0x000072e0   0x00000044   Code   RO         2003    i.rt_thread_suspend  HHD32F107.lib(thread.o)
    0x00007324   0x00007324   0x00000028   Code   RO         2004    i.rt_thread_timeout  HHD32F107.lib(thread.o)
    0x0000734c   0x0000734c   0x000000a4   Code   RO         2954    i.rt_thread_timer_entry  HHD32F107.lib(timer.o)
    0x000073f0   0x000073f0   0x00000064   Code   RO         2005    i.rt_thread_yield   HHD32F107.lib(thread.o)
    0x00007454   0x00007454   0x0000000c   Code   RO         1524    i.rt_tick_get       HHD32F107.lib(clock.o)
    0x00007460   0x00007460   0x0000002c   Code   RO         1525    i.rt_tick_increase  HHD32F107.lib(clock.o)
    0x0000748c   0x0000748c   0x0000007c   Code   RO         2955    i.rt_timer_check    HHD32F107.lib(timer.o)
    0x00007508   0x00007508   0x00000032   Code   RO         2956    i.rt_timer_control  HHD32F107.lib(timer.o)
    0x0000753a   0x0000753a   0x0000002a   Code   RO         2959    i.rt_timer_detach   HHD32F107.lib(timer.o)
    0x00007564   0x00007564   0x00000032   Code   RO         2960    i.rt_timer_init     HHD32F107.lib(timer.o)
    0x00007596   0x00007596   0x00000002   PAD
    0x00007598   0x00007598   0x000000e4   Code   RO         2962    i.rt_timer_start    HHD32F107.lib(timer.o)
    0x0000767c   0x0000767c   0x0000003a   Code   RO         2963    i.rt_timer_stop     HHD32F107.lib(timer.o)
    0x000076b6   0x000076b6   0x00000002   PAD
    0x000076b8   0x000076b8   0x00000364   Code   RO         1863    i.rt_vsnprintf      HHD32F107.lib(kservice.o)
    0x00007a1c   0x00007a1c   0x00000004   Code   RO         1565    i.rti_board_end     HHD32F107.lib(components.o)
    0x00007a20   0x00007a20   0x00000004   Code   RO         1566    i.rti_board_start   HHD32F107.lib(components.o)
    0x00007a24   0x00007a24   0x00000004   Code   RO         1567    i.rti_end           HHD32F107.lib(components.o)
    0x00007a28   0x00007a28   0x00000004   Code   RO         1568    i.rti_start         HHD32F107.lib(components.o)
    0x00007a2c   0x00007a2c   0x00000040   Code   RO         4732    i.sent_tcp          HHD32F107.lib(api_msg.o)
    0x00007a6c   0x00007a6c   0x0000003c   Code   RO          451    i.spi_Init          HHD32F107.lib(simulator_spi.o)
    0x00007aa8   0x00007aa8   0x00000024   Code   RO          348    i.spi_irq           can_task.o
    0x00007acc   0x00007acc   0x00000030   Code   RO          349    i.spi_user_entry    can_task.o
    0x00007afc   0x00007afc   0x0000003e   Code   RO         3632    i.sys_arch_mbox_fetch  HHD32F107.lib(sys_arch.o)
    0x00007b3a   0x00007b3a   0x0000001c   Code   RO         3633    i.sys_arch_mbox_tryfetch  HHD32F107.lib(sys_arch.o)
    0x00007b56   0x00007b56   0x00000010   Code   RO         3634    i.sys_arch_protect  HHD32F107.lib(sys_arch.o)
    0x00007b66   0x00007b66   0x00000034   Code   RO         3635    i.sys_arch_sem_wait  HHD32F107.lib(sys_arch.o)
    0x00007b9a   0x00007b9a   0x0000001c   Code   RO         3636    i.sys_arch_timeouts  HHD32F107.lib(sys_arch.o)
    0x00007bb6   0x00007bb6   0x00000012   Code   RO         3637    i.sys_arch_unprotect  HHD32F107.lib(sys_arch.o)
    0x00007bc8   0x00007bc8   0x00000002   Code   RO         3638    i.sys_init          HHD32F107.lib(sys_arch.o)
    0x00007bca   0x00007bca   0x00000062   Code   RO         3801    i.sys_mbox_fetch    HHD32F107.lib(sys.o)
    0x00007c2c   0x00007c2c   0x00000004   Code   RO         3639    i.sys_mbox_free     HHD32F107.lib(sys_arch.o)
    0x00007c30   0x00007c30   0x00000040   Code   RO         3640    i.sys_mbox_new      HHD32F107.lib(sys_arch.o)
    0x00007c70   0x00007c70   0x00000008   Code   RO         3641    i.sys_mbox_post     HHD32F107.lib(sys_arch.o)
    0x00007c78   0x00007c78   0x00000010   Code   RO         3642    i.sys_mbox_trypost  HHD32F107.lib(sys_arch.o)
    0x00007c88   0x00007c88   0x00000004   Code   RO         3643    i.sys_sem_free      HHD32F107.lib(sys_arch.o)
    0x00007c8c   0x00007c8c   0x0000003c   Code   RO         3644    i.sys_sem_new       HHD32F107.lib(sys_arch.o)
    0x00007cc8   0x00007cc8   0x00000004   Code   RO         3645    i.sys_sem_signal    HHD32F107.lib(sys_arch.o)
    0x00007ccc   0x00007ccc   0x00000058   Code   RO         3803    i.sys_sem_wait      HHD32F107.lib(sys.o)
    0x00007d24   0x00007d24   0x0000004a   Code   RO         3646    i.sys_thread_new    HHD32F107.lib(sys_arch.o)
    0x00007d6e   0x00007d6e   0x00000076   Code   RO         3805    i.sys_timeout       HHD32F107.lib(sys.o)
    0x00007de4   0x00007de4   0x0000004e   Code   RO         3806    i.sys_untimeout     HHD32F107.lib(sys.o)
    0x00007e32   0x00007e32   0x00000002   PAD
    0x00007e34   0x00007e34   0x00000040   Code   RO          313    i.task_led          demo_main.o
    0x00007e74   0x00007e74   0x00000110   Code   RO         3845    i.tcp_abandon       HHD32F107.lib(tcp.o)
    0x00007f84   0x00007f84   0x00000004   Code   RO         3846    i.tcp_accept        HHD32F107.lib(tcp.o)
    0x00007f88   0x00007f88   0x00000006   Code   RO         3847    i.tcp_accept_null   HHD32F107.lib(tcp.o)
    0x00007f8e   0x00007f8e   0x00000002   PAD
    0x00007f90   0x00007f90   0x00000104   Code   RO         3848    i.tcp_alloc         HHD32F107.lib(tcp.o)
    0x00008094   0x00008094   0x00000004   Code   RO         3849    i.tcp_arg           HHD32F107.lib(tcp.o)
    0x00008098   0x00008098   0x00000150   Code   RO         3850    i.tcp_bind          HHD32F107.lib(tcp.o)
    0x000081e8   0x000081e8   0x000000c0   Code   RO         3851    i.tcp_close         HHD32F107.lib(tcp.o)
    0x000082a8   0x000082a8   0x00000070   Code   RO         2448    i.tcp_echoserver_accept  HHD32F107.lib(lib_xvc_v1_0.o)
    0x00008318   0x00008318   0x0000000a   Code   RO         2449    i.tcp_echoserver_error  HHD32F107.lib(lib_xvc_v1_0.o)
    0x00008322   0x00008322   0x000000a6   Code   RO         2450    i.tcp_echoserver_poll  HHD32F107.lib(lib_xvc_v1_0.o)
    0x000083c8   0x000083c8   0x000002c0   Code   RO         2451    i.tcp_echoserver_recv  HHD32F107.lib(lib_xvc_v1_0.o)
    0x00008688   0x00008688   0x0000009e   Code   RO         2452    i.tcp_echoserver_sent  HHD32F107.lib(lib_xvc_v1_0.o)
    0x00008726   0x00008726   0x00000026   Code   RO         3854    i.tcp_eff_send_mss  HHD32F107.lib(tcp.o)
    0x0000874c   0x0000874c   0x00000362   Code   RO         4024    i.tcp_enqueue       HHD32F107.lib(tcp_out.o)
    0x00008aae   0x00008aae   0x00000006   Code   RO         3855    i.tcp_err           HHD32F107.lib(tcp.o)
    0x00008ab4   0x00008ab4   0x000000d8   Code   RO         3856    i.tcp_fasttmr       HHD32F107.lib(tcp.o)
    0x00008b8c   0x00008b8c   0x00000538   Code   RO         4410    i.tcp_input         HHD32F107.lib(tcp_in.o)
    0x000090c4   0x000090c4   0x000000b0   Code   RO         4025    i.tcp_keepalive     HHD32F107.lib(tcp_out.o)
    0x00009174   0x00009174   0x00000090   Code   RO         3857    i.tcp_listen_with_backlog  HHD32F107.lib(tcp.o)
    0x00009204   0x00009204   0x00000006   Code   RO         3858    i.tcp_new           HHD32F107.lib(tcp.o)
    0x0000920a   0x0000920a   0x00000002   PAD
    0x0000920c   0x0000920c   0x00000290   Code   RO         4026    i.tcp_output        HHD32F107.lib(tcp_out.o)
    0x0000949c   0x0000949c   0x00000090   Code   RO         3860    i.tcp_pcb_purge     HHD32F107.lib(tcp.o)
    0x0000952c   0x0000952c   0x00000060   Code   RO         3861    i.tcp_pcb_remove    HHD32F107.lib(tcp.o)
    0x0000958c   0x0000958c   0x0000000a   Code   RO         3862    i.tcp_poll          HHD32F107.lib(tcp.o)
    0x00009596   0x00009596   0x00000002   PAD
    0x00009598   0x00009598   0x0000042a   Code   RO         4411    i.tcp_process       HHD32F107.lib(tcp_in.o)
    0x000099c2   0x000099c2   0x00000002   PAD
    0x000099c4   0x000099c4   0x00000888   Code   RO         4412    i.tcp_receive       HHD32F107.lib(tcp_in.o)
    0x0000a24c   0x0000a24c   0x00000006   Code   RO         3863    i.tcp_recv          HHD32F107.lib(tcp.o)
    0x0000a252   0x0000a252   0x00000080   Code   RO         3864    i.tcp_recv_null     HHD32F107.lib(tcp.o)
    0x0000a2d2   0x0000a2d2   0x0000006c   Code   RO         3865    i.tcp_recved        HHD32F107.lib(tcp.o)
    0x0000a33e   0x0000a33e   0x0000004e   Code   RO         4027    i.tcp_rexmit        HHD32F107.lib(tcp_out.o)
    0x0000a38c   0x0000a38c   0x0000009e   Code   RO         4028    i.tcp_rexmit_fast   HHD32F107.lib(tcp_out.o)
    0x0000a42a   0x0000a42a   0x0000002e   Code   RO         4029    i.tcp_rexmit_rto    HHD32F107.lib(tcp_out.o)
    0x0000a458   0x0000a458   0x000000bc   Code   RO         4030    i.tcp_rst           HHD32F107.lib(tcp_out.o)
    0x0000a514   0x0000a514   0x0000002c   Code   RO         3866    i.tcp_seg_copy      HHD32F107.lib(tcp.o)
    0x0000a540   0x0000a540   0x00000020   Code   RO         3867    i.tcp_seg_free      HHD32F107.lib(tcp.o)
    0x0000a560   0x0000a560   0x00000032   Code   RO         3868    i.tcp_segs_free     HHD32F107.lib(tcp.o)
    0x0000a592   0x0000a592   0x0000001c   Code   RO         4031    i.tcp_send_ctrl     HHD32F107.lib(tcp_out.o)
    0x0000a5ae   0x0000a5ae   0x000000c0   Code   RO         4032    i.tcp_send_empty_ack  HHD32F107.lib(tcp_out.o)
    0x0000a66e   0x0000a66e   0x00000006   Code   RO         3869    i.tcp_sent          HHD32F107.lib(tcp.o)
    0x0000a674   0x0000a674   0x00000004   Code   RO         3870    i.tcp_setprio       HHD32F107.lib(tcp.o)
    0x0000a678   0x0000a678   0x00000294   Code   RO         3871    i.tcp_slowtmr       HHD32F107.lib(tcp.o)
    0x0000a90c   0x0000a90c   0x00000038   Code   RO         3460    i.tcp_timer_needed  HHD32F107.lib(tcpip.o)
    0x0000a944   0x0000a944   0x00000024   Code   RO         3872    i.tcp_tmr           HHD32F107.lib(tcp.o)
    0x0000a968   0x0000a968   0x0000003a   Code   RO         3873    i.tcp_update_rcv_ann_wnd  HHD32F107.lib(tcp.o)
    0x0000a9a2   0x0000a9a2   0x00000042   Code   RO         4033    i.tcp_write         HHD32F107.lib(tcp_out.o)
    0x0000a9e4   0x0000a9e4   0x00000112   Code   RO         4034    i.tcp_zero_window_probe  HHD32F107.lib(tcp_out.o)
    0x0000aaf6   0x0000aaf6   0x00000002   PAD
    0x0000aaf8   0x0000aaf8   0x00000038   Code   RO         3461    i.tcpip_apimsg      HHD32F107.lib(tcpip.o)
    0x0000ab30   0x0000ab30   0x00000060   Code   RO         3462    i.tcpip_callback_with_block  HHD32F107.lib(tcpip.o)
    0x0000ab90   0x0000ab90   0x0000003c   Code   RO         3463    i.tcpip_init        HHD32F107.lib(tcpip.o)
    0x0000abcc   0x0000abcc   0x000000a4   Code   RO         2171    i.tcpip_init_done_callback  HHD32F107.lib(sys_arch_init.o)
    0x0000ac70   0x0000ac70   0x00000058   Code   RO         3464    i.tcpip_input       HHD32F107.lib(tcpip.o)
    0x0000acc8   0x0000acc8   0x00000054   Code   RO         3465    i.tcpip_netifapi    HHD32F107.lib(tcpip.o)
    0x0000ad1c   0x0000ad1c   0x00000038   Code   RO         3466    i.tcpip_tcp_timer   HHD32F107.lib(tcpip.o)
    0x0000ad54   0x0000ad54   0x000000b8   Code   RO         3467    i.tcpip_thread      HHD32F107.lib(tcpip.o)
    0x0000ae0c   0x0000ae0c   0x00000184   Code   RO         2359    i.tcpserv           HHD32F107.lib(load_server_bsd.o)
    0x0000af90   0x0000af90   0x00000068   Code   RO         4440    i.udp_bind          HHD32F107.lib(udp.o)
    0x0000aff8   0x0000aff8   0x0000018c   Code   RO         4443    i.udp_input         HHD32F107.lib(udp.o)
    0x0000b184   0x0000b184   0x00000026   Code   RO         4444    i.udp_new           HHD32F107.lib(udp.o)
    0x0000b1aa   0x0000b1aa   0x00000006   Code   RO         4445    i.udp_recv          HHD32F107.lib(udp.o)
    0x0000b1b0   0x0000b1b0   0x0000002c   Code   RO         4446    i.udp_remove        HHD32F107.lib(udp.o)
    0x0000b1dc   0x0000b1dc   0x0000002a   Code   RO         4447    i.udp_send          HHD32F107.lib(udp.o)
    0x0000b206   0x0000b206   0x0000002a   Code   RO         4448    i.udp_sendto        HHD32F107.lib(udp.o)
    0x0000b230   0x0000b230   0x00000160   Code   RO         4449    i.udp_sendto_if     HHD32F107.lib(udp.o)
    0x0000b390   0x0000b390   0x00000134   Code   RO         3339    i.update_arp_entry  HHD32F107.lib(etharp.o)
    0x0000b4c4   0x0000b4c4   0x00000013   Data   RO          495    .constdata          HHD32F107.lib(fpga_manager.o)
    0x0000b4d7   0x0000b4d7   0x00000122   Data   RO         1865    .constdata          HHD32F107.lib(kservice.o)
    0x0000b5f9   0x0000b5f9   0x0000000c   Data   RO         3341    .constdata          HHD32F107.lib(etharp.o)
    0x0000b605   0x0000b605   0x00000001   PAD
    0x0000b606   0x0000b606   0x00000038   Data   RO         3765    .constdata          HHD32F107.lib(memp.o)
    0x0000b63e   0x0000b63e   0x00000014   Data   RO         3874    .constdata          HHD32F107.lib(tcp.o)
    0x0000b652   0x0000b652   0x00000004   Data   RO         4137    .constdata          HHD32F107.lib(ip_addr.o)
    0x0000b656   0x0000b656   0x00000002   PAD
    0x0000b658   0x0000b658   0x0000003c   Data   RO         4217    .constdata          HHD32F107.lib(sockets.o)
    0x0000b694   0x0000b694   0x00000075   Data   RO         3875    .conststring        HHD32F107.lib(tcp.o)
    0x0000b709   0x0000b709   0x00000003   PAD
    0x0000b70c   0x0000b70c   0x00000004   Data   RO         1570    .rti_fn.0           HHD32F107.lib(components.o)
    0x0000b710   0x0000b710   0x00000004   Data   RO         1571    .rti_fn.0.end       HHD32F107.lib(components.o)
    0x0000b714   0x0000b714   0x00000004   Data   RO         1572    .rti_fn.1.end       HHD32F107.lib(components.o)
    0x0000b718   0x0000b718   0x00000004   Data   RO         1573    .rti_fn.6.end       HHD32F107.lib(components.o)
    0x0000b71c   0x0000b71c   0x00000020   Data   RO         5054    Region$$Table       anon$$obj.o


    Execution Region RW_IRAM1 (Exec base: 0x20000000, Load base: 0x0000b73c, Size: 0x0000fba0, Max: 0x00020000, ABSOLUTE, COMPRESSED[0x000001cc])

    Exec Addr    Load Addr    Size         Type   Attr      Idx    E Section Name        Object

    0x20000000   COMPRESSED   0x0000026c   Data   RW          314    .data               demo_main.o
    0x2000026c   COMPRESSED   0x00000010   Data   RW          350    .data               can_task.o
    0x2000027c   COMPRESSED   0x00000010   Data   RW          386    .data               HHD32F107.lib(system_hhd32f1xx.o)
    0x2000028c   COMPRESSED   0x0000017c   Data   RW          548    .data               HHD32F107.lib(main.o)
    0x20000408   COMPRESSED   0x00000004   Data   RW          731    .data               HHD32F107.lib(hhd_can.o)
    0x2000040c   COMPRESSED   0x00000010   Data   RW         1001    .data               HHD32F107.lib(hhd_eth.o)
    0x2000041c   COMPRESSED   0x00000004   Data   RW         1527    .data               HHD32F107.lib(clock.o)
    0x20000420   COMPRESSED   0x00000001   Data   RW         1817    .data               HHD32F107.lib(irq.o)
    0x20000421   COMPRESSED   0x00000003   PAD
    0x20000424   COMPRESSED   0x00000004   Data   RW         1866    .data               HHD32F107.lib(kservice.o)
    0x20000428   COMPRESSED   0x00000004   Data   RW         2090    .data               HHD32F107.lib(cpuport.o)
    0x2000042c   COMPRESSED   0x00000004   Data   RW         2091    .data               HHD32F107.lib(cpuport.o)
    0x20000430   COMPRESSED   0x00000004   Data   RW         2092    .data               HHD32F107.lib(cpuport.o)
    0x20000434   COMPRESSED   0x00000004   Data   RW         2093    .data               HHD32F107.lib(cpuport.o)
    0x20000438   COMPRESSED   0x00000018   Data   RW         2129    .data               HHD32F107.lib(mem.o)
    0x20000450   COMPRESSED   0x00000001   Data   RW         2172    .data               HHD32F107.lib(sys_arch_init.o)
    0x20000451   COMPRESSED   0x00000003   PAD
    0x20000454   COMPRESSED   0x0000001c   Data   RW         2361    .data               HHD32F107.lib(load_server_bsd.o)
    0x20000470   COMPRESSED   0x0000000c   Data   RW         2454    .data               HHD32F107.lib(lib_xvc_v1_0.o)
    0x2000047c   COMPRESSED   0x00000080   Data   RW         2839    .data               HHD32F107.lib(object.o)
    0x200004fc   COMPRESSED   0x00000014   Data   RW         2899    .data               HHD32F107.lib(scheduler.o)
    0x20000510   COMPRESSED   0x00000014   Data   RW         2965    .data               HHD32F107.lib(timer.o)
    0x20000524   COMPRESSED   0x0000000c   Data   RW         3056    .data               HHD32F107.lib(netif.o)
    0x20000530   COMPRESSED   0x00000001   Data   RW         3186    .data               HHD32F107.lib(pbuf.o)
    0x20000531   COMPRESSED   0x00000001   Data   RW         3342    .data               HHD32F107.lib(etharp.o)
    0x20000532   COMPRESSED   0x00000002   PAD
    0x20000534   COMPRESSED   0x00000010   Data   RW         3470    .data               HHD32F107.lib(tcpip.o)
    0x20000544   COMPRESSED   0x00000004   Data   RW         3570    .data               HHD32F107.lib(mt25q.o)
    0x20000548   COMPRESSED   0x00000004   Data   RW         3647    .data               HHD32F107.lib(sys_arch.o)
    0x2000054c   COMPRESSED   0x0000004c   Data   RW         3876    .data               HHD32F107.lib(tcp.o)
    0x20000598   COMPRESSED   0x0000000c   Data   RW         4102    .data               HHD32F107.lib(ip.o)
    0x200005a4   COMPRESSED   0x00000008   Data   RW         4164    .data               HHD32F107.lib(ip_frag.o)
    0x200005ac   COMPRESSED   0x0000000c   Data   RW         4218    .data               HHD32F107.lib(sockets.o)
    0x200005b8   COMPRESSED   0x00000004   Data   RW         4362    .data               HHD32F107.lib(raw.o)
    0x200005bc   COMPRESSED   0x0000001c   Data   RW         4414    .data               HHD32F107.lib(tcp_in.o)
    0x200005d8   COMPRESSED   0x00000004   Data   RW         4450    .data               HHD32F107.lib(udp.o)
    0x200005dc        -       0x00003cac   Zero   RW          626    .bss                HHD32F107.lib(netconf.o)
    0x20004288        -       0x00000020   Zero   RW         2128    .bss                HHD32F107.lib(mem.o)
    0x200042a8        -       0x000005a0   Zero   RW         2300    .bss                HHD32F107.lib(ethernetif.o)
    0x20004848        -       0x00001000   Zero   RW         2360    .bss                HHD32F107.lib(load_server_bsd.o)
    0x20005848        -       0x000008ac   Zero   RW         2453    .bss                HHD32F107.lib(lib_xvc_v1_0.o)
    0x200060f4        -       0x00000180   Zero   RW         2801    .bss                HHD32F107.lib(idle.o)
    0x20006274        -       0x00000100   Zero   RW         2898    .bss                HHD32F107.lib(scheduler.o)
    0x20006374        -       0x00000280   Zero   RW         2964    .bss                HHD32F107.lib(timer.o)
    0x200065f4        -       0x000000c8   Zero   RW         3340    .bss                HHD32F107.lib(etharp.o)
    0x200066bc        -       0x00005cdf   Zero   RW         3764    .bss                HHD32F107.lib(memp.o)
    0x2000c39b        -       0x000005e0   Zero   RW         4163    .bss                HHD32F107.lib(ip_frag.o)
    0x2000c97b   COMPRESSED   0x00000001   PAD
    0x2000c97c        -       0x000000c8   Zero   RW         4216    .bss                HHD32F107.lib(sockets.o)
    0x2000ca44        -       0x00000014   Zero   RW         4413    .bss                HHD32F107.lib(tcp_in.o)
    0x2000ca58        -       0x000000e4   Zero   RW         4877    .bss                c_w.l(rand.o)
    0x2000cb3c        -       0x00000060   Zero   RW         4983    .bss                c_w.l(libspace.o)
    0x2000cb9c   COMPRESSED   0x00000004   PAD
    0x2000cba0        -       0x00001000   Zero   RW          148    HEAP                startup_hhd32f1xx_s.o
    0x2000dba0        -       0x00002000   Zero   RW          147    STACK               startup_hhd32f1xx_s.o


==============================================================================

Image component sizes


      Code (inc. data)   RO Data    RW Data    ZI Data      Debug   Object Name

       116         18          0          0          0     105885   board.o
       560        122          0         16          0       3563   can_task.o
       240         26          0          0          0        824   context_rvds.o
       196         26          0        620          0       2702   demo_main.o
       160         12          0          0          0      19147   hhd32f10x_it.o
        64         26        328          0      12288        952   startup_hhd32f1xx_s.o

    ----------------------------------------------------------------------
      1340        230        360        636      12288     133073   Object Totals
         0          0         32          0          0          0   (incl. Generated)
         4          0          0          0          0          0   (incl. Padding)

    ----------------------------------------------------------------------

      Code (inc. data)   RO Data    RW Data    ZI Data      Debug   Library Member Name

       702         40          0          0          0       8093   api_lib.o
      2412         60          0          0          0      15805   api_msg.o
        56         12          0          4          0       1233   clock.o
       212         36         16          0          0       5092   components.o
        88         10          0         16          0       3142   cpuport.o
       198          0          0          0          0       2860   device.o
      2108         40         12          1        200      14594   etharp.o
       508         98          0          0       1440       6289   ethernetif.o
       376         32         19          0          0       4460   fpga_manager.o
       292         14          0          0          0       2027   hhd32f107.o
       700         18          0          4          0      21406   hhd_can.o
      1218         90          0         16          0      10797   hhd_eth.o
       470         14          0          0          0       4468   hhd_gpio.o
        28          6          0          0          0        621   hhd_rcc.o
       554          0          0          0          0       3642   icmp.o
       188         24          0          0        384       4260   idle.o
        16          0          0          0          0       3186   inet.o
       514          0          0          0          0       4818   inet_chksum.o
        18          0          0          0          0       4420   init.o
       100          0          0          0          0       1302   io_init.o
       816         34          0         12          0       7662   ip.o
        62          0          4          0          0       5777   ip_addr.o
      1476         18          0          8       1504       7724   ip_frag.o
      1548          0          0          0          0      15462   ipc.o
        68         18          0          1          0       2078   irq.o
      1762         34        290          4          0      13597   kservice.o
      1758        118          0         12       2220      31380   lib_xvc_v1_0.o
      1008        100          0         28       4096      12083   load_server_bsd.o
       112         16          0        380          0      20243   main.o
       556         36          0         24         32       3504   mem.o
       188         20         56          0      23775       3526   memp.o
       986         24          0          4          0       6073   mt25q.o
       132          0          0          0          0       3379   netbuf.o
       600         88          0          0      15532       7842   netconf.o
       520         30          0         12          0      18734   netif.o
       132         10          0          0          0       3170   netifapi.o
       346          6          0        128          0       7184   object.o
      1160         20          0          1          0      17415   pbuf.o
       624         16          0          4          0       6593   raw.o
       540         70          0         20        256       7816   scheduler.o
       916         24          0          0          0       2426   simulator_spi.o
      2116        100         60         12        200      17544   sockets.o
       382          0          0          0          0       4070   sys.o
       440         36          0          4          0      11991   sys_arch.o
       334         44          0          1          0      13544   sys_arch_init.o
       188         20          0         16          0       1157   system_hhd32f1xx.o
      2866         92        137         76          0      29665   tcp.o
      4586         74          0         28         20      15764   tcp_in.o
      2728         12          0          0          0      12448   tcp_out.o
       736        100          0         16          0       8386   tcpip.o
       900         50          0          0          0      10527   thread.o
       800         58          0         20        640       9830   timer.o
      1024         20          0          4          0       9596   udp.o
        90          0          0          0          0          0   __dczerorl2.o
         8          0          0          0          0         68   __main.o
       104          0          0          0          0         84   __printf.o
         0          0          0          0          0          0   __rtentry.o
        12          0          0          0          0          0   __rtentry2.o
         6          0          0          0          0          0   __rtentry4.o
        52          8          0          0          0          0   __scatter.o
        28          0          0          0          0          0   __scatter_zi.o
        48          6          0          0          0         96   _printf_char_common.o
         6          0          0          0          0          0   _printf_d.o
       120         16          0          0          0         92   _printf_dec.o
       178          0          0          0          0         88   _printf_intcommon.o
         0          0          0          0          0          0   _printf_percent.o
         4          0          0          0          0          0   _printf_percent_end.o
        10          0          0          0          0         68   _sputc.o
        18          0          0          0          0         80   exit.o
         6          0          0          0          0        152   heapauxi.o
         0          0          0          0          0          0   indicate_semi.o
         2          0          0          0          0          0   libinit.o
         6          0          0          0          0          0   libinit2.o
         2          0          0          0          0          0   libshutdown.o
         2          0          0          0          0          0   libshutdown2.o
         8          4          0          0         96         68   libspace.o
        88          0          0          0          0         76   memcmp.o
        40          6          0          0          0         84   noretval__2sprintf.o
       112         18          0          0        228        160   rand.o
        78          0          0          0          0         80   rt_memclr_w.o
       138          0          0          0          0         68   rt_memcpy_v6.o
       100          0          0          0          0         80   rt_memcpy_w.o
         2          0          0          0          0          0   rtexit.o
        10          0          0          0          0          0   rtexit2.o
        12          4          0          0          0         68   sys_exit.o
        74          0          0          0          0         80   sys_stackheap_outer.o
         2          0          0          0          0         68   use_no_semi.o

    ----------------------------------------------------------------------
     44608       1844        600        864      50628     472265   Library Totals
        74          0          6          8          5          0   (incl. Padding)

    ----------------------------------------------------------------------

      Code (inc. data)   RO Data    RW Data    ZI Data      Debug   Library Name

     43168       1782        594        856      50299     470705   HHD32F107.lib
      1366         62          0          0        324       1560   c_w.l

    ----------------------------------------------------------------------
     44608       1844        600        864      50628     472265   Library Totals

    ----------------------------------------------------------------------

==============================================================================


      Code (inc. data)   RO Data    RW Data    ZI Data      Debug   

     45948       2074        960       1500      62916     586094   Grand Totals
     45948       2074        960        460      62916     586094   ELF Image Totals (compressed)
     45948       2074        960        460          0          0   ROM Totals

==============================================================================

    Total RO  Size (Code + RO Data)                46908 (  45.81kB)
    Total RW  Size (RW Data + ZI Data)             64416 (  62.91kB)
    Total ROM Size (Code + RO Data + RW Data)      47368 (  46.26kB)

==============================================================================

