Component: ARM Compiler 5.06 update 6 (build 750) Tool: armlink [4d35ed]

==============================================================================

Section Cross References

    system_hhd32f1xx.o(i.SystemCoreClockUpdate) refers to system_hhd32f1xx.o(.data) for .data
    startup_hhd32f1xx_s.o(RESET) refers to startup_hhd32f1xx_s.o(STACK) for __initial_sp
    startup_hhd32f1xx_s.o(RESET) refers to startup_hhd32f1xx_s.o(.text) for Reset_Handler
    startup_hhd32f1xx_s.o(RESET) refers to hhd32f10x_it.o(i.NMI_Handler) for NMI_Handler
    startup_hhd32f1xx_s.o(RESET) refers to hhd32f10x_it.o(i.HardFault_Handler) for HardFault_Handler
    startup_hhd32f1xx_s.o(RESET) refers to hhd32f10x_it.o(i.BusFault_Handler) for BusFault_Handler
    startup_hhd32f1xx_s.o(RESET) refers to hhd32f10x_it.o(i.UsageFault_Handler) for UsageFault_Handler
    startup_hhd32f1xx_s.o(RESET) refers to hhd32f10x_it.o(i.SVC_Handler) for SVC_Handler
    startup_hhd32f1xx_s.o(RESET) refers to hhd32f10x_it.o(i.PendSV_Handler) for PendSV_Handler
    startup_hhd32f1xx_s.o(RESET) refers to hhd32f10x_it.o(i.SysTick_Handler) for SysTick_Handler
    startup_hhd32f1xx_s.o(RESET) refers to hhd32f10x_it.o(i.CAN1_IRQHandler) for CAN1_IRQHandler
    startup_hhd32f1xx_s.o(RESET) refers to hhd32f10x_it.o(i.ETH_IRQHandler) for ETH_IRQHandler
    startup_hhd32f1xx_s.o(.text) refers to system_hhd32f1xx.o(i.SystemInit) for SystemInit
    startup_hhd32f1xx_s.o(.text) refers to entry.o(.ARM.Collect$$$$00000000) for __main
    fpga_manager.o(i.FPGA_cmd_clean) refers to fpga_manager.o(i.FPGA_send_cmd) for FPGA_send_cmd
    fpga_manager.o(i.FPGA_cmd_clean) refers to fpga_manager.o(.constdata) for .constdata
    fpga_manager.o(i.FPGA_cmd_read) refers to fpga_manager.o(i.FPGA_send_cmd) for FPGA_send_cmd
    fpga_manager.o(i.FPGA_cmd_read) refers to fpga_manager.o(.constdata) for .constdata
    fpga_manager.o(i.FPGA_cmd_select_flash) refers to fpga_manager.o(i.FPGA_send_cmd) for FPGA_send_cmd
    fpga_manager.o(i.FPGA_cmd_select_flash) refers to fpga_manager.o(.constdata) for .constdata
    fpga_manager.o(i.FPGA_cmd_select_fpga) refers to fpga_manager.o(i.FPGA_send_cmd) for FPGA_send_cmd
    fpga_manager.o(i.FPGA_cmd_select_fpga) refers to fpga_manager.o(.constdata) for .constdata
    fpga_manager.o(i.FPGA_cmd_write) refers to fpga_manager.o(i.FPGA_send_cmd) for FPGA_send_cmd
    fpga_manager.o(i.FPGA_cmd_write) refers to fpga_manager.o(.constdata) for .constdata
    fpga_manager.o(i.FPGA_send_cmd) refers to simulator_spi.o(i.WriteByte) for WriteByte
    fpga_manager.o(i.FPGA_send_cmd) refers to simulator_spi.o(i.readWriteByte) for readWriteByte
    fpga_manager.o(i.SPI_To_FPGA_Read) refers to fpga_manager.o(i.FPGA_cmd_clean) for FPGA_cmd_clean
    fpga_manager.o(i.SPI_To_FPGA_Read) refers to fpga_manager.o(i.FPGA_cmd_select_fpga) for FPGA_cmd_select_fpga
    fpga_manager.o(i.SPI_To_FPGA_Read) refers to fpga_manager.o(i.FPGA_cmd_read) for FPGA_cmd_read
    fpga_manager.o(i.SPI_To_FPGA_Wirte) refers to fpga_manager.o(i.FPGA_cmd_clean) for FPGA_cmd_clean
    fpga_manager.o(i.SPI_To_FPGA_Wirte) refers to fpga_manager.o(i.FPGA_cmd_select_fpga) for FPGA_cmd_select_fpga
    fpga_manager.o(i.SPI_To_FPGA_Wirte) refers to fpga_manager.o(i.FPGA_cmd_write) for FPGA_cmd_write
    hhd32f10x_it.o(i.CAN1_IRQHandler) refers to hhd_can.o(i.CAN_SetCMD) for CAN_SetCMD
    hhd32f10x_it.o(i.ETH_IRQHandler) refers to netconf.o(i.LwIP_Pkt_Handle) for LwIP_Pkt_Handle
    hhd32f10x_it.o(i.ETH_IRQHandler) refers to hhd_eth.o(i.ETH_GetRxPktSize) for ETH_GetRxPktSize
    hhd32f10x_it.o(i.ETH_IRQHandler) refers to hhd_eth.o(i.ETH_DMAClearITPendingBit) for ETH_DMAClearITPendingBit
    hhd32f10x_it.o(i.SysTick_Handler) refers to main.o(i.Time_Update) for Time_Update
    hhd32f107.o(i.Ethernet_Configuration) refers to hhd_eth.o(i.ETH_DMAITConfig) for ETH_DMAITConfig
    hhd32f107.o(i.Ethernet_Configuration) refers to hhd_gpio.o(i.GPIO_ResetPin) for GPIO_ResetPin
    hhd32f107.o(i.Ethernet_Configuration) refers to hhd_gpio.o(i.GPIO_SetPin) for GPIO_SetPin
    hhd32f107.o(i.Ethernet_Configuration) refers to main.o(i.Delay) for Delay
    hhd32f107.o(i.Ethernet_Configuration) refers to hhd_eth.o(i.ETH_SoftwareReset) for ETH_SoftwareReset
    hhd32f107.o(i.Ethernet_Configuration) refers to hhd_eth.o(i.ETH_GetSoftwareResetStatus) for ETH_GetSoftwareResetStatus
    hhd32f107.o(i.Ethernet_Configuration) refers to hhd_eth.o(i.ETH_StructInit) for ETH_StructInit
    hhd32f107.o(i.Ethernet_Configuration) refers to hhd32f107.o(i.get_phyaddr) for get_phyaddr
    hhd32f107.o(i.Ethernet_Configuration) refers to hhd_eth.o(i.ETH_Init) for ETH_Init
    hhd32f107.o(i.get_phyaddr) refers to hhd_eth.o(i.ETH_ReadPHYRegister) for ETH_ReadPHYRegister
    io_init.o(i.IO_init) refers to hhd_gpio.o(i.GPIO_ConfigPinsAsOutput) for GPIO_ConfigPinsAsOutput
    io_init.o(i.IO_init) refers to hhd_gpio.o(i.GPIO_ConfigPinsAsInput) for GPIO_ConfigPinsAsInput
[...]
    i.__scatterload_null                     0x00000ed6   Section        2  handlers.o(i.__scatterload_null)
    i.__scatterload_zeroinit                 0x00000ed8   Section       14  handlers.o(i.__scatterload_zeroinit)
    i._printf_core                           0x00000ee8   Section        0  printf8.o(i._printf_core)
    _printf_core                             0x00000ee9   Thumb Code   996  printf8.o(i._printf_core)
    i._printf_post_padding                   0x000012f8   Section        0  printf8.o(i._printf_post_padding)
    _printf_post_padding                     0x000012f9   Thumb Code    36  printf8.o(i._printf_post_padding)
    i._printf_pre_padding                    0x0000131c   Section        0  printf8.o(i._printf_pre_padding)
    _printf_pre_padding                      0x0000131d   Thumb Code    46  printf8.o(i._printf_pre_padding)
    i._sputc                                 0x0000134a   Section        0  printf8.o(i._sputc)
    _sputc                                   0x0000134b   Thumb Code    10  printf8.o(i._sputc)
    i.application_init                       0x00001354   Section        0  main.o(i.application_init)
    i.etharp_arp_input                       0x00001366   Section        0  etharp.o(i.etharp_arp_input)
    i.etharp_ip_input                        0x00001430   Section        0  etharp.o(i.etharp_ip_input)
    i.etharp_output                          0x00001458   Section        0  etharp.o(i.etharp_output)
    i.etharp_query                           0x00001510   Section        0  etharp.o(i.etharp_query)
    i.etharp_raw                             0x00001614   Section        0  etharp.o(i.etharp_raw)
    etharp_raw                               0x00001615   Thumb Code   158  etharp.o(i.etharp_raw)
    i.etharp_request                         0x000016b4   Section        0  etharp.o(i.etharp_request)
    i.etharp_send_ip                         0x000016d8   Section        0  etharp.o(i.etharp_send_ip)
    etharp_send_ip                           0x000016d9   Thumb Code    54  etharp.o(i.etharp_send_ip)
    i.ethernet_input                         0x0000170e   Section        0  etharp.o(i.ethernet_input)
    i.ethernetif_init                        0x00001764   Section        0  ethernetif.o(i.ethernetif_init)
    i.ethernetif_input                       0x000017a4   Section        0  ethernetif.o(i.ethernetif_input)
    i.find_entry                             0x000017cc   Section        0  etharp.o(i.find_entry)
    find_entry                               0x000017cd   Thumb Code   308  etharp.o(i.find_entry)
    i.frame_handler                          0x00001908   Section        0  load_server.o(i.frame_handler)
    i.free_etharp_q                          0x000019b8   Section        0  etharp.o(i.free_etharp_q)
    free_etharp_q                            0x000019b9   Thumb Code    30  etharp.o(i.free_etharp_q)
    i.get_mark                               0x000019d6   Section        0  main.o(i.get_mark)
    i.get_phyaddr                            0x000019f0   Section        0  hhd32f107.o(i.get_phyaddr)
    i.htonl                                  0x00001a12   Section        0  inet.o(i.htonl)
    i.htons                                  0x00001a16   Section        0  inet.o(i.htons)
    i.icmp_dest_unreach                      0x00001a1a   Section        0  icmp.o(i.icmp_dest_unreach)
    i.icmp_input                             0x00001a22   Section        0  icmp.o(i.icmp_input)
    i.icmp_send_response                     0x00001b36   Section        0  icmp.o(i.icmp_send_response)
    icmp_send_response                       0x00001b37   Thumb Code   102  icmp.o(i.icmp_send_response)
    i.icmp_time_exceeded                     0x00001b9c   Section        0  icmp.o(i.icmp_time_exceeded)
    i.inet_chksum                            0x00001ba4   Section        0  inet_chksum.o(i.inet_chksum)
    i.inet_chksum_pbuf                       0x00001bb0   Section        0  inet_chksum.o(i.inet_chksum_pbuf)
    i.info_deal                              0x00001bf8   Section        0  load_server.o(i.info_deal)
    i.ip_addr_isbroadcast                    0x00001c88   Section        0  ip_addr.o(i.ip_addr_isbroadcast)
    i.ip_frag                                0x00001cb8   Section        0  ip_frag.o(i.ip_frag)
    i.ip_input                               0x00001de8   Section        0  ip.o(i.ip_input)
    i.ip_output                              0x00001f4c   Section        0  ip.o(i.ip_output)
    i.ip_output_if                           0x00001f80   Section        0  ip.o(i.ip_output_if)
    i.ip_reass                               0x0000204c   Section        0  ip_frag.o(i.ip_reass)
    i.ip_reass_chain_frag_into_datagram_and_validate 0x000021fc   Section        0  ip_frag.o(i.ip_reass_chain_frag_into_datagram_and_validate)
    ip_reass_chain_frag_into_datagram_and_validate 0x000021fd   Thumb Code   234  ip_frag.o(i.ip_reass_chain_frag_into_datagram_and_validate)
    i.ip_reass_dequeue_datagram              0x000022ec   Section        0  ip_frag.o(i.ip_reass_dequeue_datagram)
    ip_reass_dequeue_datagram                0x000022ed   Thumb Code    30  ip_frag.o(i.ip_reass_dequeue_datagram)
    i.ip_reass_free_complete_datagram        0x00002310   Section        0  ip_frag.o(i.ip_reass_free_complete_datagram)
    ip_reass_free_complete_datagram          0x00002311   Thumb Code   106  ip_frag.o(i.ip_reass_free_complete_datagram)
    i.ip_reass_remove_oldest_datagram        0x00002380   Section        0  ip_frag.o(i.ip_reass_remove_oldest_datagram)
    ip_reass_remove_oldest_datagram          0x00002381   Thumb Code   110  ip_frag.o(i.ip_reass_remove_oldest_datagram)
    i.ip_route                               0x000023f4   Section        0  ip.o(i.ip_route)
    i.jtag_Server_init                       0x0000243c   Section        0  lib_xvc_v1_0.o(i.jtag_Server_init)
    i.jtag_gpio_handle                       0x00002480   Section        0  lib_xvc_v1_0.o(i.jtag_gpio_handle)
    i.load_server_init                       0x0000261c   Section        0  load_server.o(i.load_server_init)
    i.low_level_init                         0x00002664   Section        0  ethernetif.o(i.low_level_init)
    low_level_init                           0x00002665   Thumb Code   122  ethernetif.o(i.low_level_init)
    i.low_level_input                        0x000026ec   Section        0  ethernetif.o(i.low_level_input)
    low_level_input                          0x000026ed   Thumb Code    92  ethernetif.o(i.low_level_input)
    i.low_level_output                       0x0000274c   Section        0  ethernetif.o(i.low_level_output)
    low_level_output                         0x0000274d   Thumb Code    44  ethernetif.o(i.low_level_output)
    i.lwip_standard_chksum                   0x00002778   Section        0  inet_chksum.o(i.lwip_standard_chksum)
    lwip_standard_chksum                     0x00002779   Thumb Code    60  inet_chksum.o(i.lwip_standard_chksum)
    i.main                                   0x000027b4   Section        0  main.o(i.main)
    i.mem_free                               0x00002804   Section        0  mem.o(i.mem_free)
    i.mem_init                               0x00002830   Section        0  mem.o(i.mem_init)
    i.mem_malloc                             0x00002864   Section        0  mem.o(i.mem_malloc)
    i.mem_realloc                            0x0000290c   Section        0  mem.o(i.mem_realloc)
    i.memp_free                              0x000029d0   Section        0  memp.o(i.memp_free)
    i.memp_init                              0x000029e8   Section        0  memp.o(i.memp_init)
    i.memp_malloc                            0x00002a40   Section        0  memp.o(i.memp_malloc)
    i.mt25q_disable_write                    0x00002a60   Section        0  mt25q.o(i.mt25q_disable_write)
    i.mt25q_enable_write                     0x00002a80   Section        0  mt25q.o(i.mt25q_enable_write)
    i.mt25q_erase                            0x00002aa0   Section        0  mt25q.o(i.mt25q_erase)
    i.mt25q_init                             0x00002b10   Section        0  mt25q.o(i.mt25q_init)
    i.mt25q_read                             0x00002b74   Section        0  mt25q.o(i.mt25q_read)
    i.mt25q_read_id                          0x00002be8   Section        0  mt25q.o(i.mt25q_read_id)
    i.mt25q_read_status                      0x00002c28   Section        0  mt25q.o(i.mt25q_read_status)
    i.mt25q_wirte                            0x00002c4c   Section        0  mt25q.o(i.mt25q_wirte)
    i.mt25q_wirte_page                       0x00002ca0   Section        0  mt25q.o(i.mt25q_wirte_page)
    i.netif_add                              0x00002d34   Section        0  netif.o(i.netif_add)
    i.netif_is_up                            0x00002d7c   Section        0  netif.o(i.netif_is_up)
    i.netif_set_addr                         0x00002d86   Section        0  netif.o(i.netif_set_addr)
    i.netif_set_default                      0x00002da8   Section        0  netif.o(i.netif_set_default)
    i.netif_set_gw                           0x00002db4   Section        0  netif.o(i.netif_set_gw)
    i.netif_set_ipaddr                       0x00002dbc   Section        0  netif.o(i.netif_set_ipaddr)
    i.netif_set_netmask                      0x00002e24   Section        0  netif.o(i.netif_set_netmask)
    i.netif_set_up                           0x00002e2c   Section        0  netif.o(i.netif_set_up)
    i.ntohl                                  0x00002e48   Section        0  inet.o(i.ntohl)
    i.ntohs                                  0x00002e4c   Section        0  inet.o(i.ntohs)
    i.pbuf_alloc                             0x00002e50   Section        0  pbuf.o(i.pbuf_alloc)
    i.pbuf_cat                               0x00002f5c   Section        0  pbuf.o(i.pbuf_cat)
    i.pbuf_chain                             0x00002f84   Section        0  pbuf.o(i.pbuf_chain)
    i.pbuf_clen                              0x00002f96   Section        0  pbuf.o(i.pbuf_clen)
    i.pbuf_copy                              0x00002fa8   Section        0  pbuf.o(i.pbuf_copy)
    i.pbuf_copy_partial                      0x00003038   Section        0  pbuf.o(i.pbuf_copy_partial)
    i.pbuf_free                              0x000030a0   Section        0  pbuf.o(i.pbuf_free)
    i.pbuf_header                            0x000030e4   Section        0  pbuf.o(i.pbuf_header)
    i.pbuf_realloc                           0x00003144   Section        0  pbuf.o(i.pbuf_realloc)
    i.pbuf_ref                               0x00003192   Section        0  pbuf.o(i.pbuf_ref)
    i.peripheral_init                        0x000031a0   Section        0  main.o(i.peripheral_init)
    i.plug_holes                             0x0000321c   Section        0  mem.o(i.plug_holes)
    plug_holes                               0x0000321d   Thumb Code    78  mem.o(i.plug_holes)
    i.raw_input                              0x00003270   Section        0  raw.o(i.raw_input)
    i.readByte                               0x000032d8   Section        0  simulator_spi.o(i.readByte)
    i.readWriteByte                          0x000033b8   Section        0  simulator_spi.o(i.readWriteByte)
    i.spi_Init                               0x000034e8   Section        0  simulator_spi.o(i.spi_Init)
    i.tcp_abandon                            0x00003524   Section        0  tcp.o(i.tcp_abandon)
    i.tcp_accept                             0x000035b8   Section        0  tcp.o(i.tcp_accept)
    i.tcp_accept_null                        0x000035bc   Section        0  tcp.o(i.tcp_accept_null)
    tcp_accept_null                          0x000035bd   Thumb Code     6  tcp.o(i.tcp_accept_null)
    i.tcp_alloc                              0x000035c4   Section        0  tcp.o(i.tcp_alloc)
    i.tcp_arg                                0x000036d4   Section        0  tcp.o(i.tcp_arg)
    i.tcp_bind                               0x000036d8   Section        0  tcp.o(i.tcp_bind)
    i.tcp_close                              0x00003794   Section        0  tcp.o(i.tcp_close)
    i.tcp_echoserver_accept                  0x00003834   Section        0  load_server.o(i.tcp_echoserver_accept)
    tcp_echoserver_accept                    0x00003835   Thumb Code    90  load_server.o(i.tcp_echoserver_accept)
    i.tcp_echoserver_accept                  0x000038a0   Section        0  lib_xvc_v1_0.o(i.tcp_echoserver_accept)
    tcp_echoserver_accept                    0x000038a1   Thumb Code    92  lib_xvc_v1_0.o(i.tcp_echoserver_accept)
    i.tcp_echoserver_connection_close        0x00003910   Section        0  load_server.o(i.tcp_echoserver_connection_close)
    tcp_echoserver_connection_close          0x00003911   Thumb Code    64  load_server.o(i.tcp_echoserver_connection_close)
    i.tcp_echoserver_connection_close        0x00003950   Section        0  lib_xvc_v1_0.o(i.tcp_echoserver_connection_close)
    tcp_echoserver_connection_close          0x00003951   Thumb Code    64  lib_xvc_v1_0.o(i.tcp_echoserver_connection_close)
    i.tcp_echoserver_error                   0x00003990   Section        0  load_server.o(i.tcp_echoserver_error)
    tcp_echoserver_error                     0x00003991   Thumb Code    10  load_server.o(i.tcp_echoserver_error)
    i.tcp_echoserver_error                   0x0000399a   Section        0  lib_xvc_v1_0.o(i.tcp_echoserver_error)
    tcp_echoserver_error                     0x0000399b   Thumb Code    10  lib_xvc_v1_0.o(i.tcp_echoserver_error)
    i.tcp_echoserver_poll                    0x000039a4   Section        0  load_server.o(i.tcp_echoserver_poll)
    tcp_echoserver_poll                      0x000039a5   Thumb Code    62  load_server.o(i.tcp_echoserver_poll)
    i.tcp_echoserver_poll                    0x000039e8   Section        0  lib_xvc_v1_0.o(i.tcp_echoserver_poll)
    tcp_echoserver_poll                      0x000039e9   Thumb Code    50  lib_xvc_v1_0.o(i.tcp_echoserver_poll)
    i.tcp_echoserver_recv                    0x00003a1c   Section        0  load_server.o(i.tcp_echoserver_recv)
    tcp_echoserver_recv                      0x00003a1d   Thumb Code   216  load_server.o(i.tcp_echoserver_recv)
    i.tcp_echoserver_recv                    0x00003b00   Section        0  lib_xvc_v1_0.o(i.tcp_echoserver_recv)
    tcp_echoserver_recv                      0x00003b01   Thumb Code   462  lib_xvc_v1_0.o(i.tcp_echoserver_recv)
    i.tcp_echoserver_send                    0x00003d08   Section        0  load_server.o(i.tcp_echoserver_send)
    tcp_echoserver_send                      0x00003d09   Thumb Code    86  load_server.o(i.tcp_echoserver_send)
    i.tcp_echoserver_send                    0x00003d5e   Section        0  lib_xvc_v1_0.o(i.tcp_echoserver_send)
    tcp_echoserver_send                      0x00003d5f   Thumb Code    76  lib_xvc_v1_0.o(i.tcp_echoserver_send)
    i.tcp_echoserver_sent                    0x00003dac   Section        0  load_server.o(i.tcp_echoserver_sent)
    tcp_echoserver_sent                      0x00003dad   Thumb Code    50  load_server.o(i.tcp_echoserver_sent)
    i.tcp_echoserver_sent                    0x00003de4   Section        0  lib_xvc_v1_0.o(i.tcp_echoserver_sent)
    tcp_echoserver_sent                      0x00003de5   Thumb Code    34  lib_xvc_v1_0.o(i.tcp_echoserver_sent)
    i.tcp_eff_send_mss                       0x00003e06   Section        0  tcp.o(i.tcp_eff_send_mss)
    i.tcp_enqueue                            0x00003e26   Section        0  tcp_out.o(i.tcp_enqueue)
    i.tcp_err                                0x00004116   Section        0  tcp.o(i.tcp_err)
    i.tcp_input                              0x0000411c   Section        0  tcp_in.o(i.tcp_input)
    i.tcp_listen_input                       0x00004438   Section        0  tcp_in.o(i.tcp_listen_input)
    tcp_listen_input                         0x00004439   Thumb Code   222  tcp_in.o(i.tcp_listen_input)
    i.tcp_listen_with_backlog                0x00004520   Section        0  tcp.o(i.tcp_listen_with_backlog)
    i.tcp_new                                0x000045a4   Section        0  tcp.o(i.tcp_new)
    i.tcp_new_port                           0x000045ac   Section        0  tcp.o(i.tcp_new_port)
    tcp_new_port                             0x000045ad   Thumb Code    92  tcp.o(i.tcp_new_port)
    i.tcp_next_iss                           0x0000460c   Section        0  tcp.o(i.tcp_next_iss)
    i.tcp_output                             0x0000461c   Section        0  tcp_out.o(i.tcp_output)
    i.tcp_output_segment                     0x00004834   Section        0  tcp_out.o(i.tcp_output_segment)
    tcp_output_segment                       0x00004835   Thumb Code   168  tcp_out.o(i.tcp_output_segment)
    i.tcp_output_set_header                  0x000048e4   Section        0  tcp_out.o(i.tcp_output_set_header)
    tcp_output_set_header                    0x000048e5   Thumb Code   120  tcp_out.o(i.tcp_output_set_header)
    i.tcp_parseopt                           0x0000495c   Section        0  tcp_in.o(i.tcp_parseopt)
    tcp_parseopt                             0x0000495d   Thumb Code   124  tcp_in.o(i.tcp_parseopt)
    i.tcp_pcb_purge                          0x000049dc   Section        0  tcp.o(i.tcp_pcb_purge)
    i.tcp_pcb_remove                         0x00004a0c   Section        0  tcp.o(i.tcp_pcb_remove)
    i.tcp_poll                               0x00004a6c   Section        0  tcp.o(i.tcp_poll)
    i.tcp_process                            0x00004a78   Section        0  tcp_in.o(i.tcp_process)
    tcp_process                              0x00004a79   Thumb Code   814  tcp_in.o(i.tcp_process)
    i.tcp_receive                            0x00004dbc   Section        0  tcp_in.o(i.tcp_receive)
    tcp_receive                              0x00004dbd   Thumb Code  1130  tcp_in.o(i.tcp_receive)
    i.tcp_recv                               0x00005226   Section        0  tcp.o(i.tcp_recv)
    i.tcp_recv_null                          0x0000522c   Section        0  tcp.o(i.tcp_recv_null)
    tcp_recv_null                            0x0000522d   Thumb Code    28  tcp.o(i.tcp_recv_null)
    i.tcp_recved                             0x00005248   Section        0  tcp.o(i.tcp_recved)
    i.tcp_rexmit                             0x00005282   Section        0  tcp_out.o(i.tcp_rexmit)
    i.tcp_rst                                0x000052d6   Section        0  tcp_out.o(i.tcp_rst)
    i.tcp_seg_free                           0x0000536e   Section        0  tcp.o(i.tcp_seg_free)
    i.tcp_segs_free                          0x0000538e   Section        0  tcp.o(i.tcp_segs_free)
    i.tcp_send_ctrl                          0x000053a8   Section        0  tcp_out.o(i.tcp_send_ctrl)
    i.tcp_sent                               0x000053be   Section        0  tcp.o(i.tcp_sent)
    i.tcp_setprio                            0x000053c4   Section        0  tcp.o(i.tcp_setprio)
    i.tcp_update_rcv_ann_wnd                 0x000053c8   Section        0  tcp.o(i.tcp_update_rcv_ann_wnd)
    i.tcp_write                              0x000053f2   Section        0  tcp_out.o(i.tcp_write)
    i.udp_input                              0x00005420   Section        0  udp.o(i.udp_input)
    i.update_arp_entry                       0x0000555c   Section        0  etharp.o(i.update_arp_entry)
    update_arp_entry                         0x0000555d   Thumb Code   162  etharp.o(i.update_arp_entry)
    .constdata                               0x00005604   Section       19  fpga_manager.o(.constdata)
    .constdata                               0x00005618   Section       36  memp.o(.constdata)
    memp_sizes                               0x00005618   Data          18  memp.o(.constdata)
    memp_num                                 0x0000562a   Data          18  memp.o(.constdata)
    .constdata                               0x0000563c   Section        4  ip_addr.o(.constdata)
    .constdata                               0x00005640   Section       12  etharp.o(.constdata)
    .data                                    0x20000000   Section       16  system_hhd32f1xx.o(.data)
    .data                                    0x20000010   Section       28  load_server.o(.data)
    frame_count                              0x20000012   Data           2  load_server.o(.data)
    tcp_echoserver_pcb                       0x20000028   Data           4  load_server.o(.data)
    .data                                    0x2000002c   Section     1008  main.o(.data)
    .data                                    0x2000041c   Section        6  ethernetif.o(.data)
    .data                                    0x20000424   Section       16  hhd_eth.o(.data)
    .data                                    0x20000434   Section       16  mem.o(.data)
    mem_sem                                  0x20000434   Data           1  mem.o(.data)
    ram                                      0x20000438   Data           4  mem.o(.data)
    ram_end                                  0x2000043c   Data           4  mem.o(.data)
    lfree                                    0x20000440   Data           4  mem.o(.data)
    .data                                    0x20000444   Section       12  netif.o(.data)
    netifnum                                 0x20000444   Data           1  netif.o(.data)
    .data                                    0x20000450   Section        4  raw.o(.data)
    raw_pcbs                                 0x20000450   Data           4  raw.o(.data)
    .data                                    0x20000454   Section       32  tcp.o(.data)
    tcp_timer                                0x20000454   Data           1  tcp.o(.data)
    port                                     0x20000456   Data           2  tcp.o(.data)
    iss                                      0x20000458   Data           4  tcp.o(.data)
    .data                                    0x20000474   Section       28  tcp_in.o(.data)
    flags                                    0x20000474   Data           1  tcp_in.o(.data)
    recv_flags                               0x20000475   Data           1  tcp_in.o(.data)
    tcplen                                   0x20000476   Data           2  tcp_in.o(.data)
    tcphdr                                   0x20000478   Data           4  tcp_in.o(.data)
    iphdr                                    0x2000047c   Data           4  tcp_in.o(.data)
    seqno                                    0x20000480   Data           4  tcp_in.o(.data)
    ackno                                    0x20000484   Data           4  tcp_in.o(.data)
    recv_data                                0x20000488   Data           4  tcp_in.o(.data)
    .data                                    0x20000490   Section        4  udp.o(.data)
    .data                                    0x20000494   Section       12  ip.o(.data)
    ip_id                                    0x20000494   Data           2  ip.o(.data)
    current_netif                            0x20000498   Data           4  ip.o(.data)
    current_header                           0x2000049c   Data           4  ip.o(.data)
    .data                                    0x200004a0   Section        8  ip_frag.o(.data)
    ip_reass_pbufcount                       0x200004a0   Data           2  ip_frag.o(.data)
    reassdatagrams                           0x200004a4   Data           4  ip_frag.o(.data)
    .data                                    0x200004a8   Section        1  etharp.o(.data)
    etharp_cached_entry                      0x200004a8   Data           1  etharp.o(.data)
    .data                                    0x200004ac   Section        8  lib_xvc_v1_0.o(.data)
    tcp_echoserver_pcb                       0x200004ac   Data           4  lib_xvc_v1_0.o(.data)
    es                                       0x200004b0   Data           4  lib_xvc_v1_0.o(.data)
    .bss                                     0x200004b4   Section     2580  load_server.o(.bss)
    .bss                                     0x20000ec8   Section       48  netconf.o(.bss)
    .bss                                     0x20000ef8   Section    21504  ethernetif.o(.bss)
    .bss                                     0x200062f8   Section    40980  mem.o(.bss)
    ram_heap                                 0x200062f8   Data       40980  mem.o(.bss)
    .bss                                     0x2001030c   Section    18695  memp.o(.bss)
    memp_tab                                 0x2001030c   Data          36  memp.o(.bss)
    memp_memory                              0x20010330   Data       18659  memp.o(.bss)
    .bss                                     0x20014c14   Section       20  tcp_in.o(.bss)
    inseg                                    0x20014c14   Data          20  tcp_in.o(.bss)
    .bss                                     0x20014c28   Section     1504  ip_frag.o(.bss)
    buf                                      0x20014c28   Data        1504  ip_frag.o(.bss)
    .bss                                     0x20015208   Section      200  etharp.o(.bss)
    arp_table                                0x20015208   Data         200  etharp.o(.bss)
    .bss                                     0x200152d0   Section     3084  lib_xvc_v1_0.o(.bss)
    shiftPackage                             0x200152d0   Data        3084  lib_xvc_v1_0.o(.bss)
    STACK                                    0x20015ee0   Section     8192  startup_hhd32f1xx_s.o(STACK)

    Global Symbols

    Symbol Name                              Value     Ov Type        Size  Object(Section)

    BuildAttributes$$THM_ISAv4$P$D$K$B$S$PE$A:L22UL41UL21$X:L11$S22US41US21$IEEE1$IW$USESV6$~STKCKD$USESV7$~SHL$OSPACE$ROPI$EBA8$MICROLIB$REQ8$PRES8$EABIv2 0x00000000   Number         0  anon$$obj.o ABSOLUTE
    __ARM_use_no_argv                        0x00000000   Number         0  main.o ABSOLUTE
    __Vectors                                0x00000000   Data           4  startup_hhd32f1xx_s.o(RESET)
    _printf_a                                0x00000000   Number         0  stubs.o ABSOLUTE
    _printf_c                                0x00000000   Number         0  stubs.o ABSOLUTE
    _printf_charcount                        0x00000000   Number         0  stubs.o ABSOLUTE
    _printf_d                                0x00000000   Number         0  stubs.o ABSOLUTE
    _printf_e                                0x00000000   Number         0  stubs.o ABSOLUTE
    _printf_f                                0x00000000   Number         0  stubs.o ABSOLUTE
    _printf_flags                            0x00000000   Number         0  stubs.o ABSOLUTE
    _printf_fp_dec                           0x00000000   Number         0  stubs.o ABSOLUTE
    _printf_fp_hex                           0x00000000   Number         0  stubs.o ABSOLUTE
    _printf_g                                0x00000000   Number         0  stubs.o ABSOLUTE
    _printf_i                                0x00000000   Number         0  stubs.o ABSOLUTE
    _printf_int_dec                          0x00000000   Number         0  stubs.o ABSOLUTE
    _printf_l                                0x00000000   Number         0  stubs.o ABSOLUTE
    _printf_lc                               0x00000000   Number         0  stubs.o ABSOLUTE
    _printf_ll                               0x00000000   Number         0  stubs.o ABSOLUTE
    _printf_lld                              0x00000000   Number         0  stubs.o ABSOLUTE
    _printf_lli                              0x00000000   Number         0  stubs.o ABSOLUTE
    _printf_llo                              0x00000000   Number         0  stubs.o ABSOLUTE
    _printf_llu                              0x00000000   Number         0  stubs.o ABSOLUTE
    _printf_llx                              0x00000000   Number         0  stubs.o ABSOLUTE
    _printf_longlong_dec                     0x00000000   Number         0  stubs.o ABSOLUTE
    _printf_longlong_hex                     0x00000000   Number         0  stubs.o ABSOLUTE
    _printf_longlong_oct                     0x00000000   Number         0  stubs.o ABSOLUTE
    _printf_ls                               0x00000000   Number         0  stubs.o ABSOLUTE
    _printf_mbtowc                           0x00000000   Number         0  stubs.o ABSOLUTE
    _printf_n                                0x00000000   Number         0  stubs.o ABSOLUTE
    _printf_o                                0x00000000   Number         0  stubs.o ABSOLUTE
    _printf_p                                0x00000000   Number         0  stubs.o ABSOLUTE
    _printf_percent                          0x00000000   Number         0  stubs.o ABSOLUTE
    _printf_pre_padding                      0x00000000   Number         0  stubs.o ABSOLUTE
    _printf_return_value                     0x00000000   Number         0  stubs.o ABSOLUTE
    _printf_s                                0x00000000   Number         0  stubs.o ABSOLUTE
    _printf_sizespec                         0x00000000   Number         0  stubs.o ABSOLUTE
    _printf_str                              0x00000000   Number         0  stubs.o ABSOLUTE
    _printf_truncate_signed                  0x00000000   Number         0  stubs.o ABSOLUTE
    _printf_truncate_unsigned                0x00000000   Number         0  stubs.o ABSOLUTE
    _printf_u                                0x00000000   Number         0  stubs.o ABSOLUTE
    _printf_wc                               0x00000000   Number         0  stubs.o ABSOLUTE
    _printf_wctomb                           0x00000000   Number         0  stubs.o ABSOLUTE
    _printf_widthprec                        0x00000000   Number         0  stubs.o ABSOLUTE
    _printf_x                                0x00000000   Number         0  stubs.o ABSOLUTE
    __cpp_initialize__aeabi_                  - Undefined Weak Reference
    __cxa_finalize                            - Undefined Weak Reference
    _clock_init                               - Undefined Weak Reference
    _microlib_exit                            - Undefined Weak Reference
    __Vectors_End                            0x00000148   Data           0  startup_hhd32f1xx_s.o(RESET)
    __Vectors_Size                           0x00000148   Number         0  startup_hhd32f1xx_s.o ABSOLUTE
    __main                                   0x00000149   Thumb Code     0  entry.o(.ARM.Collect$$$$00000000)
    _main_stk                                0x00000149   Thumb Code     0  entry2.o(.ARM.Collect$$$$00000001)
    _main_scatterload                        0x0000014d   Thumb Code     0  entry5.o(.ARM.Collect$$$$00000004)
    __main_after_scatterload                 0x00000151   Thumb Code     0  entry5.o(.ARM.Collect$$$$00000004)
    _main_clock                              0x00000151   Thumb Code     0  entry7b.o(.ARM.Collect$$$$00000008)
    _main_cpp_init                           0x00000151   Thumb Code     0  entry8b.o(.ARM.Collect$$$$0000000A)
    _main_init                               0x00000151   Thumb Code     0  entry9a.o(.ARM.Collect$$$$0000000B)
    __rt_final_cpp                           0x00000159   Thumb Code     0  entry10a.o(.ARM.Collect$$$$0000000D)
    __rt_final_exit                          0x00000159   Thumb Code     0  entry11a.o(.ARM.Collect$$$$0000000F)
    Reset_Handler                            0x0000015d   Thumb Code     8  startup_hhd32f1xx_s.o(.text)
    MemoryManagement_Handler                 0x00000169   Thumb Code     2  startup_hhd32f1xx_s.o(.text)
    DebugMonitor_Handler                     0x00000171   Thumb Code     2  startup_hhd32f1xx_s.o(.text)
    ADC1_2_IRQHandler                        0x00000177   Thumb Code     0  startup_hhd32f1xx_s.o(.text)
    ADC3_IRQHandler                          0x00000177   Thumb Code     0  startup_hhd32f1xx_s.o(.text)
    BOD_IRQHandler                           0x00000177   Thumb Code     0  startup_hhd32f1xx_s.o(.text)
    CAN2_IRQHandler                          0x00000177   Thumb Code     0  startup_hhd32f1xx_s.o(.text)
    DAC_IRQHandler                           0x00000177   Thumb Code     0  startup_hhd32f1xx_s.o(.text)
    DMA1_CHANNEL1_IRQHandler                 0x00000177   Thumb Code     0  startup_hhd32f1xx_s.o(.text)
    DMA1_CHANNEL2_IRQHandler                 0x00000177   Thumb Code     0  startup_hhd32f1xx_s.o(.text)
    DMA1_CHANNEL3_IRQHandler                 0x00000177   Thumb Code     0  startup_hhd32f1xx_s.o(.text)
    DMA1_CHANNEL4_IRQHandler                 0x00000177   Thumb Code     0  startup_hhd32f1xx_s.o(.text)
    DMA1_CHANNEL5_IRQHandler                 0x00000177   Thumb Code     0  startup_hhd32f1xx_s.o(.text)
    DMA1_CHANNEL6_IRQHandler                 0x00000177   Thumb Code     0  startup_hhd32f1xx_s.o(.text)
    DMA1_CHANNEL7_IRQHandler                 0x00000177   Thumb Code     0  startup_hhd32f1xx_s.o(.text)
    DMA2_CHANNEL1_IRQHandler                 0x00000177   Thumb Code     0  startup_hhd32f1xx_s.o(.text)
    DMA2_CHANNEL2_IRQHandler                 0x00000177   Thumb Code     0  startup_hhd32f1xx_s.o(.text)
    DMA2_CHANNEL3_IRQHandler                 0x00000177   Thumb Code     0  startup_hhd32f1xx_s.o(.text)
    DMA2_CHANNEL4_5_IRQHandler               0x00000177   Thumb Code     0  startup_hhd32f1xx_s.o(.text)
    ETH_PMT_IRQHandler                       0x00000177   Thumb Code     0  startup_hhd32f1xx_s.o(.text)
    EXTI0_IRQHandler                         0x00000177   Thumb Code     0  startup_hhd32f1xx_s.o(.text)
    EXTI15_10_IRQHandler                     0x00000177   Thumb Code     0  startup_hhd32f1xx_s.o(.text)
    EXTI1_IRQHandler                         0x00000177   Thumb Code     0  startup_hhd32f1xx_s.o(.text)
    EXTI2_IRQHandler                         0x00000177   Thumb Code     0  startup_hhd32f1xx_s.o(.text)
    EXTI3_IRQHandler                         0x00000177   Thumb Code     0  startup_hhd32f1xx_s.o(.text)
    EXTI4_IRQHandler                         0x00000177   Thumb Code     0  startup_hhd32f1xx_s.o(.text)
    EXTI9_5_IRQHandler                       0x00000177   Thumb Code     0  startup_hhd32f1xx_s.o(.text)
    I2C1_IRQHandler                          0x00000177   Thumb Code     0  startup_hhd32f1xx_s.o(.text)
    I2C2_IRQHandler                          0x00000177   Thumb Code     0  startup_hhd32f1xx_s.o(.text)
    RTC_IRQHandler                           0x00000177   Thumb Code     0  startup_hhd32f1xx_s.o(.text)
    SPI1_IRQHandler                          0x00000177   Thumb Code     0  startup_hhd32f1xx_s.o(.text)
    SPI2_IRQHandler                          0x00000177   Thumb Code     0  startup_hhd32f1xx_s.o(.text)
    SPI3_IRQHandler                          0x00000177   Thumb Code     0  startup_hhd32f1xx_s.o(.text)
    SPI4_IRQHandler                          0x00000177   Thumb Code     0  startup_hhd32f1xx_s.o(.text)
    SPI5_IRQHandler                          0x00000177   Thumb Code     0  startup_hhd32f1xx_s.o(.text)
    TIM10_IRQHandler                         0x00000177   Thumb Code     0  startup_hhd32f1xx_s.o(.text)
    TIM11_IRQHandler                         0x00000177   Thumb Code     0  startup_hhd32f1xx_s.o(.text)
    TIM13_IRQHandler                         0x00000177   Thumb Code     0  startup_hhd32f1xx_s.o(.text)
    TIM14_IRQHandler                         0x00000177   Thumb Code     0  startup_hhd32f1xx_s.o(.text)
    TIM1FAULT_TIM9_IRQHandler                0x00000177   Thumb Code     0  startup_hhd32f1xx_s.o(.text)
    TIM1_IRQHandler                          0x00000177   Thumb Code     0  startup_hhd32f1xx_s.o(.text)
    TIM2_IRQHandler                          0x00000177   Thumb Code     0  startup_hhd32f1xx_s.o(.text)
    TIM3_IRQHandler                          0x00000177   Thumb Code     0  startup_hhd32f1xx_s.o(.text)
    TIM4_IRQHandler                          0x00000177   Thumb Code     0  startup_hhd32f1xx_s.o(.text)
    TIM5_IRQHandler                          0x00000177   Thumb Code     0  startup_hhd32f1xx_s.o(.text)
    TIM6_IRQHandler                          0x00000177   Thumb Code     0  startup_hhd32f1xx_s.o(.text)
    TIM7_IRQHandler                          0x00000177   Thumb Code     0  startup_hhd32f1xx_s.o(.text)
    TIM8FAULT_TIM12_IRQHandler               0x00000177   Thumb Code     0  startup_hhd32f1xx_s.o(.text)
    TIM8_IRQHandler                          0x00000177   Thumb Code     0  startup_hhd32f1xx_s.o(.text)
    UART1_IRQHandler                         0x00000177   Thumb Code     0  startup_hhd32f1xx_s.o(.text)
    UART2_IRQHandler                         0x00000177   Thumb Code     0  startup_hhd32f1xx_s.o(.text)
    UART3_IRQHandler                         0x00000177   Thumb Code     0  startup_hhd32f1xx_s.o(.text)
    UART4_IRQHandler                         0x00000177   Thumb Code     0  startup_hhd32f1xx_s.o(.text)
    UART5_IRQHandler                         0x00000177   Thumb Code     0  startup_hhd32f1xx_s.o(.text)
    USBWAKEUP_IRQHandler                     0x00000177   Thumb Code     0  startup_hhd32f1xx_s.o(.text)
    USB_IRQHandler                           0x00000177   Thumb Code     0  startup_hhd32f1xx_s.o(.text)
    WWDT_IRQHandler                          0x00000177   Thumb Code     0  startup_hhd32f1xx_s.o(.text)
    __aeabi_memcpy                           0x00000181   Thumb Code    36  memcpya.o(.text)
    __aeabi_memcpy4                          0x00000181   Thumb Code     0  memcpya.o(.text)
    __aeabi_memcpy8                          0x00000181   Thumb Code     0  memcpya.o(.text)
    __aeabi_memset                           0x000001a5   Thumb Code    14  memseta.o(.text)
    __aeabi_memset4                          0x000001a5   Thumb Code     0  memseta.o(.text)
    __aeabi_memset8                          0x000001a5   Thumb Code     0  memseta.o(.text)
    __aeabi_memclr                           0x000001b3   Thumb Code     4  memseta.o(.text)
    __aeabi_memclr4                          0x000001b3   Thumb Code     0  memseta.o(.text)
    __aeabi_memclr8                          0x000001b3   Thumb Code     0  memseta.o(.text)
    _memset$wrapper                          0x000001b7   Thumb Code    18  memseta.o(.text)
    strlen                                   0x000001c9   Thumb Code    14  strlen.o(.text)
    memcmp                                   0x000001d7   Thumb Code    26  memcmp.o(.text)
    __aeabi_uldivmod                         0x000001f1   Thumb Code    98  uldiv.o(.text)
    __scatterload                            0x00000255   Thumb Code    28  init.o(.text)
    __scatterload_rt2                        0x00000255   Thumb Code     0  init.o(.text)
    __aeabi_llsl                             0x00000279   Thumb Code    30  llshl.o(.text)
    _ll_shift_l                              0x00000279   Thumb Code     0  llshl.o(.text)
    __aeabi_llsr                             0x00000297   Thumb Code    32  llushr.o(.text)
    _ll_ushift_r                             0x00000297   Thumb Code     0  llushr.o(.text)
    __decompress                             0x000002b7   Thumb Code     0  __dczerorl2.o(.text)
    __decompress1                            0x000002b7   Thumb Code    86  __dczerorl2.o(.text)
    BusFault_Handler                         0x0000030d   Thumb Code     2  hhd32f10x_it.o(i.BusFault_Handler)
    CAN1_IRQHandler                          0x00000311   Thumb Code    14  hhd32f10x_it.o(i.CAN1_IRQHandler)
    CAN_SetCMD                               0x00000325   Thumb Code     8  hhd_can.o(i.CAN_SetCMD)
    Delay                                    0x0000032d   Thumb Code    14  main.o(i.Delay)
    Delay_1ms                                0x00000341   Thumb Code    24  hhd32f107.o(i.Delay_1ms)
    ETH_DMAClearITPendingBit                 0x00000359   Thumb Code     6  hhd_eth.o(i.ETH_DMAClearITPendingBit)
    ETH_DMAITConfig                          0x00000365   Thumb Code    18  hhd_eth.o(i.ETH_DMAITConfig)
    ETH_DMAReceptionCmd                      0x0000037d   Thumb Code    22  hhd_eth.o(i.ETH_DMAReceptionCmd)
    ETH_DMARxDescChainInit                   0x00000399   Thumb Code    68  hhd_eth.o(i.ETH_DMARxDescChainInit)
    ETH_DMARxDescReceiveITConfig             0x000003e9   Thumb Code    18  hhd_eth.o(i.ETH_DMARxDescReceiveITConfig)
    ETH_DMATransmissionCmd                   0x000003fd   Thumb Code    22  hhd_eth.o(i.ETH_DMATransmissionCmd)
    ETH_DMATxDescChainInit                   0x00000419   Thumb Code    62  hhd_eth.o(i.ETH_DMATxDescChainInit)
    ETH_DMATxDescChecksumInsertionConfig     0x00000461   Thumb Code     8  hhd_eth.o(i.ETH_DMATxDescChecksumInsertionConfig)
    ETH_FlushTransmitFIFO                    0x00000469   Thumb Code    12  hhd_eth.o(i.ETH_FlushTransmitFIFO)
    ETH_GetCurrentTxBuffer                   0x00000479   Thumb Code     8  ethernetif.o(i.ETH_GetCurrentTxBuffer)
    ETH_GetDMARxDescFrameLength              0x00000485   Thumb Code     8  hhd_eth.o(i.ETH_GetDMARxDescFrameLength)
    ETH_GetRxPktSize                         0x0000048d   Thumb Code    30  hhd_eth.o(i.ETH_GetRxPktSize)
    ETH_GetSoftwareResetStatus               0x000004b1   Thumb Code    14  hhd_eth.o(i.ETH_GetSoftwareResetStatus)
    ETH_IRQHandler                           0x000004c5   Thumb Code    34  hhd32f10x_it.o(i.ETH_IRQHandler)
    ETH_Init                                 0x000004e9   Thumb Code   328  hhd_eth.o(i.ETH_Init)
    ETH_MACAddressConfig                     0x00000641   Thumb Code    22  hhd_eth.o(i.ETH_MACAddressConfig)
    ETH_MACReceptionCmd                      0x0000065d   Thumb Code    22  hhd_eth.o(i.ETH_MACReceptionCmd)
    ETH_MACTransmissionCmd                   0x00000679   Thumb Code    22  hhd_eth.o(i.ETH_MACTransmissionCmd)
    ETH_ReadPHYRegister                      0x00000695   Thumb Code    80  hhd_eth.o(i.ETH_ReadPHYRegister)
    ETH_RxPkt_ChainMode                      0x000006ed   Thumb Code    70  ethernetif.o(i.ETH_RxPkt_ChainMode)
    ETH_SoftwareReset                        0x0000073d   Thumb Code    12  hhd_eth.o(i.ETH_SoftwareReset)
    ETH_Start                                0x0000074d   Thumb Code    34  hhd_eth.o(i.ETH_Start)
    ETH_StructInit                           0x0000076f   Thumb Code   130  hhd_eth.o(i.ETH_StructInit)
    ETH_TxPkt_ChainMode                      0x000007f1   Thumb Code    60  ethernetif.o(i.ETH_TxPkt_ChainMode)
    ETH_WritePHYRegister                     0x00000835   Thumb Code    76  hhd_eth.o(i.ETH_WritePHYRegister)
    Ethernet_Configuration                   0x00000889   Thumb Code   230  hhd32f107.o(i.Ethernet_Configuration)
    FPGA_cmd_clean                           0x0000097d   Thumb Code    16  fpga_manager.o(i.FPGA_cmd_clean)
    FPGA_cmd_read                            0x00000991   Thumb Code    38  fpga_manager.o(i.FPGA_cmd_read)
    FPGA_cmd_select_flash                    0x000009c1   Thumb Code    20  fpga_manager.o(i.FPGA_cmd_select_flash)
    FPGA_cmd_select_fpga                     0x000009d9   Thumb Code    20  fpga_manager.o(i.FPGA_cmd_select_fpga)
    FPGA_send_cmd                            0x000009f1   Thumb Code    42  fpga_manager.o(i.FPGA_send_cmd)
    Flash_erase                              0x00000a21   Thumb Code    44  mt25q.o(i.Flash_erase)
    GPIO_ConfigPinsAsInput                   0x00000a4d   Thumb Code     8  hhd_gpio.o(i.GPIO_ConfigPinsAsInput)
    GPIO_ConfigPinsAsOutput                  0x00000a55   Thumb Code     8  hhd_gpio.o(i.GPIO_ConfigPinsAsOutput)
    GPIO_ResetPin                            0x00000a5d   Thumb Code     8  hhd_gpio.o(i.GPIO_ResetPin)
    GPIO_SetPin                              0x00000a65   Thumb Code     8  hhd_gpio.o(i.GPIO_SetPin)
    HardFault_Handler                        0x00000a6d   Thumb Code     2  hhd32f10x_it.o(i.HardFault_Handler)
    IO_init                                  0x00000a6f   Thumb Code    92  io_init.o(i.IO_init)
    Jtag_Init                                0x00000acd   Thumb Code    48  lib_xvc_v1_0.o(i.Jtag_Init)
    LwIP_Init                                0x00000b01   Thumb Code   106  netconf.o(i.LwIP_Init)
    LwIP_Pkt_Handle                          0x00000b89   Thumb Code     6  netconf.o(i.LwIP_Pkt_Handle)
    NMI_Handler                              0x00000b95   Thumb Code     2  hhd32f10x_it.o(i.NMI_Handler)
    PHY_MII_COPPER                           0x00000bb7   Thumb Code    82  hhd_eth.o(i.PHY_MII_COPPER)
    PHY_MII_TO_SGMII                         0x00000c09   Thumb Code   124  hhd_eth.o(i.PHY_MII_TO_SGMII)
    PendSV_Handler                           0x00000c85   Thumb Code     2  hhd32f10x_it.o(i.PendSV_Handler)
    RCC_APB2PeriphClockCmd                   0x00000c89   Thumb Code    20  hhd_rcc.o(i.RCC_APB2PeriphClockCmd)
    SPI_To_FPGA_Read                         0x00000ca1   Thumb Code    48  fpga_manager.o(i.SPI_To_FPGA_Read)
    SVC_Handler                              0x00000cd1   Thumb Code     2  hhd32f10x_it.o(i.SVC_Handler)
    Set_MAC_Address                          0x00000cd5   Thumb Code    34  ethernetif.o(i.Set_MAC_Address)
    SysTick_Handler                          0x00000cfd   Thumb Code     4  hhd32f10x_it.o(i.SysTick_Handler)
    SystemInit                               0x00000d01   Thumb Code   154  system_hhd32f1xx.o(i.SystemInit)
    Time_Update                              0x00000dad   Thumb Code    10  main.o(i.Time_Update)
    UsageFault_Handler                       0x00000dbd   Thumb Code     2  hhd32f10x_it.o(i.UsageFault_Handler)
    WriteByte                                0x00000dc1   Thumb Code   218  simulator_spi.o(i.WriteByte)
    __0sprintf$8                             0x00000ea1   Thumb Code    34  printf8.o(i.__0sprintf$8)
    __1sprintf$8                             0x00000ea1   Thumb Code     0  printf8.o(i.__0sprintf$8)
    __2sprintf                               0x00000ea1   Thumb Code     0  printf8.o(i.__0sprintf$8)
    __scatterload_copy                       0x00000ec9   Thumb Code    14  handlers.o(i.__scatterload_copy)
    __scatterload_null                       0x00000ed7   Thumb Code     2  handlers.o(i.__scatterload_null)
    __scatterload_zeroinit                   0x00000ed9   Thumb Code    14  handlers.o(i.__scatterload_zeroinit)
    application_init                         0x00001355   Thumb Code    18  main.o(i.application_init)
    etharp_arp_input                         0x00001367   Thumb Code   202  etharp.o(i.etharp_arp_input)
    etharp_ip_input                          0x00001431   Thumb Code    40  etharp.o(i.etharp_ip_input)
    etharp_output                            0x00001459   Thumb Code   178  etharp.o(i.etharp_output)
    etharp_query                             0x00001511   Thumb Code   256  etharp.o(i.etharp_query)
    etharp_request                           0x000016b5   Thumb Code    32  etharp.o(i.etharp_request)
    ethernet_input                           0x0000170f   Thumb Code    84  etharp.o(i.ethernet_input)
    ethernetif_init                          0x00001765   Thumb Code    56  ethernetif.o(i.ethernetif_init)
    ethernetif_input                         0x000017a5   Thumb Code    38  ethernetif.o(i.ethernetif_input)
    frame_handler                            0x00001909   Thumb Code   156  load_server.o(i.frame_handler)
    get_mark                                 0x000019d7   Thumb Code    26  main.o(i.get_mark)
    get_phyaddr                              0x000019f1   Thumb Code    34  hhd32f107.o(i.get_phyaddr)
    htonl                                    0x00001a13   Thumb Code     4  inet.o(i.htonl)
    htons                                    0x00001a17   Thumb Code     4  inet.o(i.htons)
    icmp_dest_unreach                        0x00001a1b   Thumb Code     8  icmp.o(i.icmp_dest_unreach)
    icmp_input                               0x00001a23   Thumb Code   276  icmp.o(i.icmp_input)
    icmp_time_exceeded                       0x00001b9d   Thumb Code     8  icmp.o(i.icmp_time_exceeded)
    inet_chksum                              0x00001ba5   Thumb Code    12  inet_chksum.o(i.inet_chksum)
    inet_chksum_pbuf                         0x00001bb1   Thumb Code    72  inet_chksum.o(i.inet_chksum_pbuf)
    info_deal                                0x00001bf9   Thumb Code   114  load_server.o(i.info_deal)
    ip_addr_isbroadcast                      0x00001c89   Thumb Code    48  ip_addr.o(i.ip_addr_isbroadcast)
    ip_frag                                  0x00001cb9   Thumb Code   298  ip_frag.o(i.ip_frag)
    ip_input                                 0x00001de9   Thumb Code   348  ip.o(i.ip_input)
    ip_output                                0x00001f4d   Thumb Code    52  ip.o(i.ip_output)
    ip_output_if                             0x00001f81   Thumb Code   200  ip.o(i.ip_output_if)
    ip_reass                                 0x0000204d   Thumb Code   428  ip_frag.o(i.ip_reass)
    ip_route                                 0x000023f5   Thumb Code    62  ip.o(i.ip_route)
    jtag_Server_init                         0x0000243d   Thumb Code    54  lib_xvc_v1_0.o(i.jtag_Server_init)
    jtag_gpio_handle                         0x00002481   Thumb Code   402  lib_xvc_v1_0.o(i.jtag_gpio_handle)
    load_server_init                         0x0000261d   Thumb Code    60  load_server.o(i.load_server_init)
    main                                     0x000027b5   Thumb Code    66  main.o(i.main)
    mem_free                                 0x00002805   Thumb Code    40  mem.o(i.mem_free)
    mem_init                                 0x00002831   Thumb Code    44  mem.o(i.mem_init)
    mem_malloc                               0x00002865   Thumb Code   162  mem.o(i.mem_malloc)
    mem_realloc                              0x0000290d   Thumb Code   190  mem.o(i.mem_realloc)
    memp_free                                0x000029d1   Thumb Code    18  memp.o(i.memp_free)
    memp_init                                0x000029e9   Thumb Code    78  memp.o(i.memp_init)
    memp_malloc                              0x00002a41   Thumb Code    28  memp.o(i.memp_malloc)
    mt25q_disable_write                      0x00002a61   Thumb Code    28  mt25q.o(i.mt25q_disable_write)
    mt25q_enable_write                       0x00002a81   Thumb Code    28  mt25q.o(i.mt25q_enable_write)
    mt25q_erase                              0x00002aa1   Thumb Code   106  mt25q.o(i.mt25q_erase)
    mt25q_init                               0x00002b11   Thumb Code    92  mt25q.o(i.mt25q_init)
    mt25q_read                               0x00002b75   Thumb Code   110  mt25q.o(i.mt25q_read)
    mt25q_read_id                            0x00002be9   Thumb Code    58  mt25q.o(i.mt25q_read_id)
    mt25q_read_status                        0x00002c29   Thumb Code    32  mt25q.o(i.mt25q_read_status)
    mt25q_wirte                              0x00002c4d   Thumb Code    84  mt25q.o(i.mt25q_wirte)
    mt25q_wirte_page                         0x00002ca1   Thumb Code   144  mt25q.o(i.mt25q_wirte_page)
    netif_add                                0x00002d35   Thumb Code    68  netif.o(i.netif_add)
    netif_is_up                              0x00002d7d   Thumb Code    10  netif.o(i.netif_is_up)
    netif_set_addr                           0x00002d87   Thumb Code    32  netif.o(i.netif_set_addr)
    netif_set_default                        0x00002da9   Thumb Code     6  netif.o(i.netif_set_default)
    netif_set_gw                             0x00002db5   Thumb Code     8  netif.o(i.netif_set_gw)
    netif_set_ipaddr                         0x00002dbd   Thumb Code    96  netif.o(i.netif_set_ipaddr)
    netif_set_netmask                        0x00002e25   Thumb Code     8  netif.o(i.netif_set_netmask)
    netif_set_up                             0x00002e2d   Thumb Code    28  netif.o(i.netif_set_up)
    ntohl                                    0x00002e49   Thumb Code     4  inet.o(i.ntohl)
    ntohs                                    0x00002e4d   Thumb Code     4  inet.o(i.ntohs)
    pbuf_alloc                               0x00002e51   Thumb Code   268  pbuf.o(i.pbuf_alloc)
    pbuf_cat                                 0x00002f5d   Thumb Code    40  pbuf.o(i.pbuf_cat)
    pbuf_chain                               0x00002f85   Thumb Code    18  pbuf.o(i.pbuf_chain)
    pbuf_clen                                0x00002f97   Thumb Code    18  pbuf.o(i.pbuf_clen)
    pbuf_copy                                0x00002fa9   Thumb Code   144  pbuf.o(i.pbuf_copy)
    pbuf_copy_partial                        0x00003039   Thumb Code   104  pbuf.o(i.pbuf_copy_partial)
    pbuf_free                                0x000030a1   Thumb Code    68  pbuf.o(i.pbuf_free)
    pbuf_header                              0x000030e5   Thumb Code    96  pbuf.o(i.pbuf_header)
    pbuf_realloc                             0x00003145   Thumb Code    78  pbuf.o(i.pbuf_realloc)
    pbuf_ref                                 0x00003193   Thumb Code    12  pbuf.o(i.pbuf_ref)
    peripheral_init                          0x000031a1   Thumb Code   110  main.o(i.peripheral_init)
    raw_input                                0x00003271   Thumb Code   100  raw.o(i.raw_input)
    readByte                                 0x000032d9   Thumb Code   220  simulator_spi.o(i.readByte)
    readWriteByte                            0x000033b9   Thumb Code   300  simulator_spi.o(i.readWriteByte)
    spi_Init                                 0x000034e9   Thumb Code    52  simulator_spi.o(i.spi_Init)
    tcp_abandon                              0x00003525   Thumb Code   142  tcp.o(i.tcp_abandon)
    tcp_accept                               0x000035b9   Thumb Code     4  tcp.o(i.tcp_accept)
    tcp_alloc                                0x000035c5   Thumb Code   256  tcp.o(i.tcp_alloc)
    tcp_arg                                  0x000036d5   Thumb Code     4  tcp.o(i.tcp_arg)
    tcp_bind                                 0x000036d9   Thumb Code   182  tcp.o(i.tcp_bind)
    tcp_close                                0x00003795   Thumb Code   156  tcp.o(i.tcp_close)
    tcp_eff_send_mss                         0x00003e07   Thumb Code    32  tcp.o(i.tcp_eff_send_mss)
    tcp_enqueue                              0x00003e27   Thumb Code   752  tcp_out.o(i.tcp_enqueue)
    tcp_err                                  0x00004117   Thumb Code     6  tcp.o(i.tcp_err)
    tcp_input                                0x0000411d   Thumb Code   776  tcp_in.o(i.tcp_input)
    tcp_listen_with_backlog                  0x00004521   Thumb Code   122  tcp.o(i.tcp_listen_with_backlog)
    tcp_new                                  0x000045a5   Thumb Code     6  tcp.o(i.tcp_new)
    tcp_next_iss                             0x0000460d   Thumb Code    12  tcp.o(i.tcp_next_iss)
    tcp_output                               0x0000461d   Thumb Code   532  tcp_out.o(i.tcp_output)
    tcp_pcb_purge                            0x000049dd   Thumb Code    48  tcp.o(i.tcp_pcb_purge)
    tcp_pcb_remove                           0x00004a0d   Thumb Code    90  tcp.o(i.tcp_pcb_remove)
    tcp_poll                                 0x00004a6d   Thumb Code    10  tcp.o(i.tcp_poll)
    tcp_recv                                 0x00005227   Thumb Code     6  tcp.o(i.tcp_recv)
    tcp_recved                               0x00005249   Thumb Code    58  tcp.o(i.tcp_recved)
    tcp_rexmit                               0x00005283   Thumb Code    84  tcp_out.o(i.tcp_rexmit)
    tcp_rst                                  0x000052d7   Thumb Code   152  tcp_out.o(i.tcp_rst)
    tcp_seg_free                             0x0000536f   Thumb Code    32  tcp.o(i.tcp_seg_free)
    tcp_segs_free                            0x0000538f   Thumb Code    26  tcp.o(i.tcp_segs_free)
    tcp_send_ctrl                            0x000053a9   Thumb Code    22  tcp_out.o(i.tcp_send_ctrl)
    tcp_sent                                 0x000053bf   Thumb Code     6  tcp.o(i.tcp_sent)
    tcp_setprio                              0x000053c5   Thumb Code     4  tcp.o(i.tcp_setprio)
    tcp_update_rcv_ann_wnd                   0x000053c9   Thumb Code    42  tcp.o(i.tcp_update_rcv_ann_wnd)
    tcp_write                                0x000053f3   Thumb Code    46  tcp_out.o(i.tcp_write)
    udp_input                                0x00005421   Thumb Code   312  udp.o(i.udp_input)
    ip_addr_any                              0x0000563c   Data           4  ip_addr.o(.constdata)
    ethbroadcast                             0x00005640   Data           6  etharp.o(.constdata)
    ethzero                                  0x00005646   Data           6  etharp.o(.constdata)
    Region$$Table$$Base                      0x0000564c   Number         0  anon$$obj.o(Region$$Table)
    Region$$Table$$Limit                     0x0000566c   Number         0  anon$$obj.o(Region$$Table)
    SystemCoreClock                          0x20000000   Data           4  system_hhd32f1xx.o(.data)
    MainClock                                0x20000004   Data           4  system_hhd32f1xx.o(.data)
    APB1Clock                                0x20000008   Data           4  system_hhd32f1xx.o(.data)
    APB2Clock                                0x2000000c   Data           4  system_hhd32f1xx.o(.data)
    fpga                                     0x20000010   Data           1  load_server.o(.data)
    fileLen                                  0x20000014   Data           4  load_server.o(.data)
    startaddr                                0x20000018   Data           4  load_server.o(.data)
    err_count                                0x2000001c   Data           4  load_server.o(.data)
    file_count                               0x20000020   Data           4  load_server.o(.data)
    ret                                      0x20000024   Data           4  load_server.o(.data)
    Mark                                     0x2000002c   Data           1  main.o(.data)
    LocalTime                                0x20000030   Data           4  main.o(.data)
    pins_table                               0x20000034   Data        1000  main.o(.data)
    MACaddr                                  0x2000041c   Data           6  ethernetif.o(.data)
    DMATxDescToSet                           0x20000424   Data           4  hhd_eth.o(.data)
    DMARxDescToGet                           0x20000428   Data           4  hhd_eth.o(.data)
    DMAPTPTxDescToSet                        0x2000042c   Data           4  hhd_eth.o(.data)
    DMAPTPRxDescToGet                        0x20000430   Data           4  hhd_eth.o(.data)
    netif_list                               0x20000448   Data           4  netif.o(.data)
    netif_default                            0x2000044c   Data           4  netif.o(.data)
    tcp_ticks                                0x2000045c   Data           4  tcp.o(.data)
    tcp_bound_pcbs                           0x20000460   Data           4  tcp.o(.data)
    tcp_listen_pcbs                          0x20000464   Data           4  tcp.o(.data)
    tcp_active_pcbs                          0x20000468   Data           4  tcp.o(.data)
    tcp_tw_pcbs                              0x2000046c   Data           4  tcp.o(.data)
    tcp_tmp_pcb                              0x20000470   Data           4  tcp.o(.data)
    tcp_input_pcb                            0x2000048c   Data           4  tcp_in.o(.data)
    udp_pcbs                                 0x20000490   Data           4  udp.o(.data)
    data_buff                                0x200004b4   Data        1290  load_server.o(.bss)
    test_read                                0x200009be   Data        1280  load_server.o(.bss)
    buff                                     0x20000ebe   Data          10  load_server.o(.bss)
    netif                                    0x20000ec8   Data          48  netconf.o(.bss)
    DMARxDscrTab                             0x20000ef8   Data         160  ethernetif.o(.bss)
    DMATxDscrTab                             0x20000f98   Data          64  ethernetif.o(.bss)
    Rx_Buff                                  0x20000fd8   Data       15200  ethernetif.o(.bss)
    Tx_Buff                                  0x20004b38   Data        6080  ethernetif.o(.bss)
    __initial_sp                             0x20017ee0   Data           0  startup_hhd32f1xx_s.o(STACK)



==============================================================================

Memory Map of the image

  Image Entry point : 0x00000149

  Load Region LR_IROM1 (Base: 0x00000000, Size: 0x00005b20, Max: 0x00010000, ABSOLUTE, COMPRESSED[0x000057c8])

    Execution Region ER_IROM1 (Exec base: 0x00000000, Load base: 0x00000000, Size: 0x0000566c, Max: 0x00010000, ABSOLUTE)

    Exec Addr    Load Addr    Size         Type   Attr      Idx    E Section Name        Object

    0x00000000   0x00000000   0x00000148   Data   RO           94    RESET               startup_hhd32f1xx_s.o
    0x00000148   0x00000148   0x00000000   Code   RO         3299  * .ARM.Collect$$$$00000000  mc_w.l(entry.o)
    0x00000148   0x00000148   0x00000004   Code   RO         3573    .ARM.Collect$$$$00000001  mc_w.l(entry2.o)
    0x0000014c   0x0000014c   0x00000004   Code   RO         3576    .ARM.Collect$$$$00000004  mc_w.l(entry5.o)
    0x00000150   0x00000150   0x00000000   Code   RO         3578    .ARM.Collect$$$$00000008  mc_w.l(entry7b.o)
    0x00000150   0x00000150   0x00000000   Code   RO         3580    .ARM.Collect$$$$0000000A  mc_w.l(entry8b.o)
    0x00000150   0x00000150   0x00000008   Code   RO         3581    .ARM.Collect$$$$0000000B  mc_w.l(entry9a.o)
    0x00000158   0x00000158   0x00000000   Code   RO         3583    .ARM.Collect$$$$0000000D  mc_w.l(entry10a.o)
    0x00000158   0x00000158   0x00000000   Code   RO         3585    .ARM.Collect$$$$0000000F  mc_w.l(entry11a.o)
    0x00000158   0x00000158   0x00000004   Code   RO         3574    .ARM.Collect$$$$00002712  mc_w.l(entry2.o)
    0x0000015c   0x0000015c   0x00000024   Code   RO           95    .text               startup_hhd32f1xx_s.o
    0x00000180   0x00000180   0x00000024   Code   RO         3302    .text               mc_w.l(memcpya.o)
    0x000001a4   0x000001a4   0x00000024   Code   RO         3304    .text               mc_w.l(memseta.o)
    0x000001c8   0x000001c8   0x0000000e   Code   RO         3306    .text               mc_w.l(strlen.o)
    0x000001d6   0x000001d6   0x0000001a   Code   RO         3308    .text               mc_w.l(memcmp.o)
    0x000001f0   0x000001f0   0x00000062   Code   RO         3590    .text               mc_w.l(uldiv.o)
    0x00000252   0x00000252   0x00000002   PAD
    0x00000254   0x00000254   0x00000024   Code   RO         3603    .text               mc_w.l(init.o)
    0x00000278   0x00000278   0x0000001e   Code   RO         3605    .text               mc_w.l(llshl.o)
    0x00000296   0x00000296   0x00000020   Code   RO         3607    .text               mc_w.l(llushr.o)
    0x000002b6   0x000002b6   0x00000056   Code   RO         3621    .text               mc_w.l(__dczerorl2.o)
    0x0000030c   0x0000030c   0x00000002   Code   RO          168    i.BusFault_Handler  hhd32f10x_it.o
    0x0000030e   0x0000030e   0x00000002   PAD
    0x00000310   0x00000310   0x00000014   Code   RO          169    i.CAN1_IRQHandler   hhd32f10x_it.o
    0x00000324   0x00000324   0x00000008   Code   RO          784    i.CAN_SetCMD        hhd_can.o
    0x0000032c   0x0000032c   0x00000014   Code   RO          598    i.Delay             main.o
    0x00000340   0x00000340   0x00000018   Code   RO          243    i.Delay_1ms         hhd32f107.o
    0x00000358   0x00000358   0x0000000c   Code   RO         1566    i.ETH_DMAClearITPendingBit  hhd_eth.o
    0x00000364   0x00000364   0x00000018   Code   RO         1567    i.ETH_DMAITConfig   hhd_eth.o
    0x0000037c   0x0000037c   0x0000001c   Code   RO         1570    i.ETH_DMAReceptionCmd  hhd_eth.o
    0x00000398   0x00000398   0x00000050   Code   RO         1571    i.ETH_DMARxDescChainInit  hhd_eth.o
    0x000003e8   0x000003e8   0x00000012   Code   RO         1573    i.ETH_DMARxDescReceiveITConfig  hhd_eth.o
    0x000003fa   0x000003fa   0x00000002   PAD
    0x000003fc   0x000003fc   0x0000001c   Code   RO         1576    i.ETH_DMATransmissionCmd  hhd_eth.o
    0x00000418   0x00000418   0x00000048   Code   RO         1579    i.ETH_DMATxDescChainInit  hhd_eth.o
    0x00000460   0x00000460   0x00000008   Code   RO         1580    i.ETH_DMATxDescChecksumInsertionConfig  hhd_eth.o
    0x00000468   0x00000468   0x00000010   Code   RO         1593    i.ETH_FlushTransmitFIFO  hhd_eth.o
    0x00000478   0x00000478   0x0000000c   Code   RO          701    i.ETH_GetCurrentTxBuffer  ethernetif.o
    0x00000484   0x00000484   0x00000008   Code   RO         1604    i.ETH_GetDMARxDescFrameLength  hhd_eth.o
    0x0000048c   0x0000048c   0x00000024   Code   RO         1620    i.ETH_GetRxPktSize  hhd_eth.o
    0x000004b0   0x000004b0   0x00000014   Code   RO         1621    i.ETH_GetSoftwareResetStatus  hhd_eth.o
    0x000004c4   0x000004c4   0x00000022   Code   RO          171    i.ETH_IRQHandler    hhd32f10x_it.o
    0x000004e6   0x000004e6   0x00000002   PAD
    0x000004e8   0x000004e8   0x00000158   Code   RO         1629    i.ETH_Init          hhd_eth.o
    0x00000640   0x00000640   0x0000001c   Code   RO         1632    i.ETH_MACAddressConfig  hhd_eth.o
    0x0000065c   0x0000065c   0x0000001c   Code   RO         1637    i.ETH_MACReceptionCmd  hhd_eth.o
    0x00000678   0x00000678   0x0000001c   Code   RO         1638    i.ETH_MACTransmissionCmd  hhd_eth.o
    0x00000694   0x00000694   0x00000058   Code   RO         1649    i.ETH_ReadPHYRegister  hhd_eth.o
    0x000006ec   0x000006ec   0x00000050   Code   RO          702    i.ETH_RxPkt_ChainMode  ethernetif.o
    0x0000073c   0x0000073c   0x00000010   Code   RO         1660    i.ETH_SoftwareReset  hhd_eth.o
    0x0000074c   0x0000074c   0x00000022   Code   RO         1661    i.ETH_Start         hhd_eth.o
    0x0000076e   0x0000076e   0x00000082   Code   RO         1662    i.ETH_StructInit    hhd_eth.o
    0x000007f0   0x000007f0   0x00000044   Code   RO          703    i.ETH_TxPkt_ChainMode  ethernetif.o
    0x00000834   0x00000834   0x00000054   Code   RO         1664    i.ETH_WritePHYRegister  hhd_eth.o
    0x00000888   0x00000888   0x000000f4   Code   RO          244    i.Ethernet_Configuration  hhd32f107.o
    0x0000097c   0x0000097c   0x00000014   Code   RO           99    i.FPGA_cmd_clean    fpga_manager.o
    0x00000990   0x00000990   0x00000030   Code   RO          100    i.FPGA_cmd_read     fpga_manager.o
    0x000009c0   0x000009c0   0x00000018   Code   RO          101    i.FPGA_cmd_select_flash  fpga_manager.o
    0x000009d8   0x000009d8   0x00000018   Code   RO          102    i.FPGA_cmd_select_fpga  fpga_manager.o
    0x000009f0   0x000009f0   0x00000030   Code   RO          104    i.FPGA_send_cmd     fpga_manager.o
    0x00000a20   0x00000a20   0x0000002c   Code   RO          534    i.Flash_erase       mt25q.o
    0x00000a4c   0x00000a4c   0x00000008   Code   RO          988    i.GPIO_ConfigPinsAsInput  hhd_gpio.o
    0x00000a54   0x00000a54   0x00000008   Code   RO          989    i.GPIO_ConfigPinsAsOutput  hhd_gpio.o
    0x00000a5c   0x00000a5c   0x00000008   Code   RO          996    i.GPIO_ResetPin     hhd_gpio.o
    0x00000a64   0x00000a64   0x00000008   Code   RO          998    i.GPIO_SetPin       hhd_gpio.o
    0x00000a6c   0x00000a6c   0x00000002   Code   RO          172    i.HardFault_Handler  hhd32f10x_it.o
    0x00000a6e   0x00000a6e   0x0000005c   Code   RO          287    i.IO_init           io_init.o
    0x00000aca   0x00000aca   0x00000002   PAD
    0x00000acc   0x00000acc   0x00000034   Code   RO         3275    i.Jtag_Init         LIB_v1_0.lib(lib_xvc_v1_0.o)
    0x00000b00   0x00000b00   0x00000088   Code   RO          443    i.LwIP_Init         netconf.o
    0x00000b88   0x00000b88   0x0000000c   Code   RO          445    i.LwIP_Pkt_Handle   netconf.o
    0x00000b94   0x00000b94   0x00000002   Code   RO          174    i.NMI_Handler       hhd32f10x_it.o
    0x00000b96   0x00000b96   0x00000020   Code   RO          600    i.NVIC_SetPriority  main.o
    0x00000bb6   0x00000bb6   0x00000052   Code   RO         1665    i.PHY_MII_COPPER    hhd_eth.o
    0x00000c08   0x00000c08   0x0000007c   Code   RO         1666    i.PHY_MII_TO_SGMII  hhd_eth.o
    0x00000c84   0x00000c84   0x00000002   Code   RO          175    i.PendSV_Handler    hhd32f10x_it.o
    0x00000c86   0x00000c86   0x00000002   PAD
    0x00000c88   0x00000c88   0x00000018   Code   RO         1095    i.RCC_APB2PeriphClockCmd  hhd_rcc.o
    0x00000ca0   0x00000ca0   0x00000030   Code   RO          105    i.SPI_To_FPGA_Read  fpga_manager.o
    0x00000cd0   0x00000cd0   0x00000002   Code   RO          176    i.SVC_Handler       hhd32f10x_it.o
    0x00000cd2   0x00000cd2   0x00000002   PAD
    0x00000cd4   0x00000cd4   0x00000028   Code   RO          704    i.Set_MAC_Address   ethernetif.o
    0x00000cfc   0x00000cfc   0x00000004   Code   RO          177    i.SysTick_Handler   hhd32f10x_it.o
    0x00000d00   0x00000d00   0x000000ac   Code   RO           18    i.SystemInit        system_hhd32f1xx.o
    0x00000dac   0x00000dac   0x00000010   Code   RO          602    i.Time_Update       main.o
    0x00000dbc   0x00000dbc   0x00000002   Code   RO          178    i.UsageFault_Handler  hhd32f10x_it.o
    0x00000dbe   0x00000dbe   0x00000002   PAD
    0x00000dc0   0x00000dc0   0x000000e0   Code   RO          504    i.WriteByte         simulator_spi.o
    0x00000ea0   0x00000ea0   0x00000028   Code   RO         3521    i.__0sprintf$8      mc_w.l(printf8.o)
    0x00000ec8   0x00000ec8   0x0000000e   Code   RO         3615    i.__scatterload_copy  mc_w.l(handlers.o)
    0x00000ed6   0x00000ed6   0x00000002   Code   RO         3616    i.__scatterload_null  mc_w.l(handlers.o)
    0x00000ed8   0x00000ed8   0x0000000e   Code   RO         3617    i.__scatterload_zeroinit  mc_w.l(handlers.o)
    0x00000ee6   0x00000ee6   0x00000002   PAD
    0x00000ee8   0x00000ee8   0x00000410   Code   RO         3526    i._printf_core      mc_w.l(printf8.o)
    0x000012f8   0x000012f8   0x00000024   Code   RO         3527    i._printf_post_padding  mc_w.l(printf8.o)
    0x0000131c   0x0000131c   0x0000002e   Code   RO         3528    i._printf_pre_padding  mc_w.l(printf8.o)
    0x0000134a   0x0000134a   0x0000000a   Code   RO         3530    i._sputc            mc_w.l(printf8.o)
    0x00001354   0x00001354   0x00000012   Code   RO          603    i.application_init  main.o
    0x00001366   0x00001366   0x000000ca   Code   RO         3189    i.etharp_arp_input  etharp.o
    0x00001430   0x00001430   0x00000028   Code   RO         3191    i.etharp_ip_input   etharp.o
    0x00001458   0x00001458   0x000000b8   Code   RO         3192    i.etharp_output     etharp.o
    0x00001510   0x00001510   0x00000104   Code   RO         3193    i.etharp_query      etharp.o
    0x00001614   0x00001614   0x0000009e   Code   RO         3194    i.etharp_raw        etharp.o
    0x000016b2   0x000016b2   0x00000002   PAD
    0x000016b4   0x000016b4   0x00000024   Code   RO         3195    i.etharp_request    etharp.o
    0x000016d8   0x000016d8   0x00000036   Code   RO         3196    i.etharp_send_ip    etharp.o
    0x0000170e   0x0000170e   0x00000054   Code   RO         3198    i.ethernet_input    etharp.o
    0x00001762   0x00001762   0x00000002   PAD
    0x00001764   0x00001764   0x00000040   Code   RO          706    i.ethernetif_init   ethernetif.o
    0x000017a4   0x000017a4   0x00000026   Code   RO          707    i.ethernetif_input  ethernetif.o
    0x000017ca   0x000017ca   0x00000002   PAD
    0x000017cc   0x000017cc   0x0000013c   Code   RO         3199    i.find_entry        etharp.o
    0x00001908   0x00001908   0x000000b0   Code   RO          306    i.frame_handler     load_server.o
    0x000019b8   0x000019b8   0x0000001e   Code   RO         3200    i.free_etharp_q     etharp.o
    0x000019d6   0x000019d6   0x0000001a   Code   RO          606    i.get_mark          main.o
    0x000019f0   0x000019f0   0x00000022   Code   RO          247    i.get_phyaddr       hhd32f107.o
    0x00001a12   0x00001a12   0x00000004   Code   RO         2991    i.htonl             inet.o
    0x00001a16   0x00001a16   0x00000004   Code   RO         2992    i.htons             inet.o
    0x00001a1a   0x00001a1a   0x00000008   Code   RO         2962    i.icmp_dest_unreach  icmp.o
    0x00001a22   0x00001a22   0x00000114   Code   RO         2963    i.icmp_input        icmp.o
    0x00001b36   0x00001b36   0x00000066   Code   RO         2964    i.icmp_send_response  icmp.o
    0x00001b9c   0x00001b9c   0x00000008   Code   RO         2965    i.icmp_time_exceeded  icmp.o
    0x00001ba4   0x00001ba4   0x0000000c   Code   RO         3039    i.inet_chksum       inet_chksum.o
    0x00001bb0   0x00001bb0   0x00000048   Code   RO         3040    i.inet_chksum_pbuf  inet_chksum.o
    0x00001bf8   0x00001bf8   0x00000090   Code   RO          307    i.info_deal         load_server.o
    0x00001c88   0x00001c88   0x00000030   Code   RO         3119    i.ip_addr_isbroadcast  ip_addr.o
    0x00001cb8   0x00001cb8   0x00000130   Code   RO         3142    i.ip_frag           ip_frag.o
    0x00001de8   0x00001de8   0x00000164   Code   RO         3077    i.ip_input          ip.o
    0x00001f4c   0x00001f4c   0x00000034   Code   RO         3078    i.ip_output         ip.o
    0x00001f80   0x00001f80   0x000000cc   Code   RO         3079    i.ip_output_if      ip.o
    0x0000204c   0x0000204c   0x000001b0   Code   RO         3143    i.ip_reass          ip_frag.o
    0x000021fc   0x000021fc   0x000000f0   Code   RO         3144    i.ip_reass_chain_frag_into_datagram_and_validate  ip_frag.o
    0x000022ec   0x000022ec   0x00000024   Code   RO         3145    i.ip_reass_dequeue_datagram  ip_frag.o
    0x00002310   0x00002310   0x00000070   Code   RO         3146    i.ip_reass_free_complete_datagram  ip_frag.o
    0x00002380   0x00002380   0x00000074   Code   RO         3147    i.ip_reass_remove_oldest_datagram  ip_frag.o
    0x000023f4   0x000023f4   0x00000048   Code   RO         3080    i.ip_route          ip.o
    0x0000243c   0x0000243c   0x00000044   Code   RO         3277    i.jtag_Server_init  LIB_v1_0.lib(lib_xvc_v1_0.o)
    0x00002480   0x00002480   0x0000019c   Code   RO         3278    i.jtag_gpio_handle  LIB_v1_0.lib(lib_xvc_v1_0.o)
    0x0000261c   0x0000261c   0x00000048   Code   RO          308    i.load_server_init  load_server.o
    0x00002664   0x00002664   0x00000088   Code   RO          708    i.low_level_init    ethernetif.o
    0x000026ec   0x000026ec   0x00000060   Code   RO          709    i.low_level_input   ethernetif.o
    0x0000274c   0x0000274c   0x0000002c   Code   RO          710    i.low_level_output  ethernetif.o
    0x00002778   0x00002778   0x0000003c   Code   RO         3042    i.lwip_standard_chksum  inet_chksum.o
    0x000027b4   0x000027b4   0x00000050   Code   RO          607    i.main              main.o
    0x00002804   0x00002804   0x0000002c   Code   RO         2280    i.mem_free          mem.o
    0x00002830   0x00002830   0x00000034   Code   RO         2281    i.mem_init          mem.o
    0x00002864   0x00002864   0x000000a8   Code   RO         2282    i.mem_malloc        mem.o
    0x0000290c   0x0000290c   0x000000c4   Code   RO         2283    i.mem_realloc       mem.o
    0x000029d0   0x000029d0   0x00000018   Code   RO         2323    i.memp_free         memp.o
    0x000029e8   0x000029e8   0x00000058   Code   RO         2324    i.memp_init         memp.o
    0x00002a40   0x00002a40   0x00000020   Code   RO         2325    i.memp_malloc       memp.o
    0x00002a60   0x00002a60   0x00000020   Code   RO          535    i.mt25q_disable_write  mt25q.o
    0x00002a80   0x00002a80   0x00000020   Code   RO          536    i.mt25q_enable_write  mt25q.o
    0x00002aa0   0x00002aa0   0x00000070   Code   RO          537    i.mt25q_erase       mt25q.o
    0x00002b10   0x00002b10   0x00000064   Code   RO          538    i.mt25q_init        mt25q.o
    0x00002b74   0x00002b74   0x00000074   Code   RO          539    i.mt25q_read        mt25q.o
    0x00002be8   0x00002be8   0x00000040   Code   RO          540    i.mt25q_read_id     mt25q.o
    0x00002c28   0x00002c28   0x00000024   Code   RO          541    i.mt25q_read_status  mt25q.o
    0x00002c4c   0x00002c4c   0x00000054   Code   RO          542    i.mt25q_wirte       mt25q.o
    0x00002ca0   0x00002ca0   0x00000094   Code   RO          543    i.mt25q_wirte_page  mt25q.o
    0x00002d34   0x00002d34   0x00000048   Code   RO         2365    i.netif_add         netif.o
    0x00002d7c   0x00002d7c   0x0000000a   Code   RO         2367    i.netif_is_up       netif.o
    0x00002d86   0x00002d86   0x00000020   Code   RO         2369    i.netif_set_addr    netif.o
    0x00002da6   0x00002da6   0x00000002   PAD
    0x00002da8   0x00002da8   0x0000000c   Code   RO         2370    i.netif_set_default  netif.o
    0x00002db4   0x00002db4   0x00000008   Code   RO         2372    i.netif_set_gw      netif.o
    0x00002dbc   0x00002dbc   0x00000068   Code   RO         2373    i.netif_set_ipaddr  netif.o
    0x00002e24   0x00002e24   0x00000008   Code   RO         2374    i.netif_set_netmask  netif.o
    0x00002e2c   0x00002e2c   0x0000001c   Code   RO         2375    i.netif_set_up      netif.o
    0x00002e48   0x00002e48   0x00000004   Code   RO         2996    i.ntohl             inet.o
    0x00002e4c   0x00002e4c   0x00000004   Code   RO         2997    i.ntohs             inet.o
    0x00002e50   0x00002e50   0x0000010c   Code   RO         2440    i.pbuf_alloc        pbuf.o
    0x00002f5c   0x00002f5c   0x00000028   Code   RO         2441    i.pbuf_cat          pbuf.o
    0x00002f84   0x00002f84   0x00000012   Code   RO         2442    i.pbuf_chain        pbuf.o
    0x00002f96   0x00002f96   0x00000012   Code   RO         2443    i.pbuf_clen         pbuf.o
    0x00002fa8   0x00002fa8   0x00000090   Code   RO         2445    i.pbuf_copy         pbuf.o
    0x00003038   0x00003038   0x00000068   Code   RO         2446    i.pbuf_copy_partial  pbuf.o
    0x000030a0   0x000030a0   0x00000044   Code   RO         2448    i.pbuf_free         pbuf.o
    0x000030e4   0x000030e4   0x00000060   Code   RO         2449    i.pbuf_header       pbuf.o
    0x00003144   0x00003144   0x0000004e   Code   RO         2450    i.pbuf_realloc      pbuf.o
    0x00003192   0x00003192   0x0000000c   Code   RO         2451    i.pbuf_ref          pbuf.o
    0x0000319e   0x0000319e   0x00000002   PAD
    0x000031a0   0x000031a0   0x0000007c   Code   RO          608    i.peripheral_init   main.o
    0x0000321c   0x0000321c   0x00000054   Code   RO         2284    i.plug_holes        mem.o
    0x00003270   0x00003270   0x00000068   Code   RO         2529    i.raw_input         raw.o
    0x000032d8   0x000032d8   0x000000e0   Code   RO          505    i.readByte          simulator_spi.o
    0x000033b8   0x000033b8   0x00000130   Code   RO          506    i.readWriteByte     simulator_spi.o
    0x000034e8   0x000034e8   0x0000003c   Code   RO          507    i.spi_Init          simulator_spi.o
    0x00003524   0x00003524   0x00000094   Code   RO         2595    i.tcp_abandon       tcp.o
    0x000035b8   0x000035b8   0x00000004   Code   RO         2596    i.tcp_accept        tcp.o
    0x000035bc   0x000035bc   0x00000006   Code   RO         2597    i.tcp_accept_null   tcp.o
    0x000035c2   0x000035c2   0x00000002   PAD
    0x000035c4   0x000035c4   0x00000110   Code   RO         2598    i.tcp_alloc         tcp.o
    0x000036d4   0x000036d4   0x00000004   Code   RO         2599    i.tcp_arg           tcp.o
    0x000036d8   0x000036d8   0x000000bc   Code   RO         2600    i.tcp_bind          tcp.o
    0x00003794   0x00003794   0x000000a0   Code   RO         2601    i.tcp_close         tcp.o
    0x00003834   0x00003834   0x0000006c   Code   RO          309    i.tcp_echoserver_accept  load_server.o
    0x000038a0   0x000038a0   0x00000070   Code   RO         3279    i.tcp_echoserver_accept  LIB_v1_0.lib(lib_xvc_v1_0.o)
    0x00003910   0x00003910   0x00000040   Code   RO          310    i.tcp_echoserver_connection_close  load_server.o
    0x00003950   0x00003950   0x00000040   Code   RO         3280    i.tcp_echoserver_connection_close  LIB_v1_0.lib(lib_xvc_v1_0.o)
    0x00003990   0x00003990   0x0000000a   Code   RO          311    i.tcp_echoserver_error  load_server.o
    0x0000399a   0x0000399a   0x0000000a   Code   RO         3281    i.tcp_echoserver_error  LIB_v1_0.lib(lib_xvc_v1_0.o)
    0x000039a4   0x000039a4   0x00000044   Code   RO          312    i.tcp_echoserver_poll  load_server.o
    0x000039e8   0x000039e8   0x00000032   Code   RO         3282    i.tcp_echoserver_poll  LIB_v1_0.lib(lib_xvc_v1_0.o)
    0x00003a1a   0x00003a1a   0x00000002   PAD
    0x00003a1c   0x00003a1c   0x000000e4   Code   RO          313    i.tcp_echoserver_recv  load_server.o
    0x00003b00   0x00003b00   0x00000208   Code   RO         3283    i.tcp_echoserver_recv  LIB_v1_0.lib(lib_xvc_v1_0.o)
    0x00003d08   0x00003d08   0x00000056   Code   RO          314    i.tcp_echoserver_send  load_server.o
    0x00003d5e   0x00003d5e   0x0000004c   Code   RO         3284    i.tcp_echoserver_send  LIB_v1_0.lib(lib_xvc_v1_0.o)
    0x00003daa   0x00003daa   0x00000002   PAD
    0x00003dac   0x00003dac   0x00000038   Code   RO          315    i.tcp_echoserver_sent  load_server.o
    0x00003de4   0x00003de4   0x00000022   Code   RO         3285    i.tcp_echoserver_sent  LIB_v1_0.lib(lib_xvc_v1_0.o)
    0x00003e06   0x00003e06   0x00000020   Code   RO         2603    i.tcp_eff_send_mss  tcp.o
    0x00003e26   0x00003e26   0x000002f0   Code   RO         2814    i.tcp_enqueue       tcp_out.o
    0x00004116   0x00004116   0x00000006   Code   RO         2604    i.tcp_err           tcp.o
    0x0000411c   0x0000411c   0x0000031c   Code   RO         2771    i.tcp_input         tcp_in.o
    0x00004438   0x00004438   0x000000e8   Code   RO         2772    i.tcp_listen_input  tcp_in.o
    0x00004520   0x00004520   0x00000084   Code   RO         2606    i.tcp_listen_with_backlog  tcp.o
    0x000045a4   0x000045a4   0x00000006   Code   RO         2607    i.tcp_new           tcp.o
    0x000045aa   0x000045aa   0x00000002   PAD
    0x000045ac   0x000045ac   0x00000060   Code   RO         2608    i.tcp_new_port      tcp.o
    0x0000460c   0x0000460c   0x00000010   Code   RO         2609    i.tcp_next_iss      tcp.o
    0x0000461c   0x0000461c   0x00000218   Code   RO         2816    i.tcp_output        tcp_out.o
    0x00004834   0x00004834   0x000000b0   Code   RO         2817    i.tcp_output_segment  tcp_out.o
    0x000048e4   0x000048e4   0x00000078   Code   RO         2818    i.tcp_output_set_header  tcp_out.o
    0x0000495c   0x0000495c   0x00000080   Code   RO         2773    i.tcp_parseopt      tcp_in.o
    0x000049dc   0x000049dc   0x00000030   Code   RO         2610    i.tcp_pcb_purge     tcp.o
    0x00004a0c   0x00004a0c   0x00000060   Code   RO         2611    i.tcp_pcb_remove    tcp.o
    0x00004a6c   0x00004a6c   0x0000000a   Code   RO         2612    i.tcp_poll          tcp.o
    0x00004a76   0x00004a76   0x00000002   PAD
    0x00004a78   0x00004a78   0x00000344   Code   RO         2774    i.tcp_process       tcp_in.o
    0x00004dbc   0x00004dbc   0x0000046a   Code   RO         2775    i.tcp_receive       tcp_in.o
    0x00005226   0x00005226   0x00000006   Code   RO         2613    i.tcp_recv          tcp.o
    0x0000522c   0x0000522c   0x0000001c   Code   RO         2614    i.tcp_recv_null     tcp.o
    0x00005248   0x00005248   0x0000003a   Code   RO         2615    i.tcp_recved        tcp.o
    0x00005282   0x00005282   0x00000054   Code   RO         2819    i.tcp_rexmit        tcp_out.o
    0x000052d6   0x000052d6   0x00000098   Code   RO         2821    i.tcp_rst           tcp_out.o
    0x0000536e   0x0000536e   0x00000020   Code   RO         2616    i.tcp_seg_free      tcp.o
    0x0000538e   0x0000538e   0x0000001a   Code   RO         2617    i.tcp_segs_free     tcp.o
    0x000053a8   0x000053a8   0x00000016   Code   RO         2822    i.tcp_send_ctrl     tcp_out.o
    0x000053be   0x000053be   0x00000006   Code   RO         2618    i.tcp_sent          tcp.o
    0x000053c4   0x000053c4   0x00000004   Code   RO         2619    i.tcp_setprio       tcp.o
    0x000053c8   0x000053c8   0x0000002a   Code   RO         2622    i.tcp_update_rcv_ann_wnd  tcp.o
    0x000053f2   0x000053f2   0x0000002e   Code   RO         2823    i.tcp_write         tcp_out.o
    0x00005420   0x00005420   0x0000013c   Code   RO         2887    i.udp_input         udp.o
    0x0000555c   0x0000555c   0x000000a8   Code   RO         3201    i.update_arp_entry  etharp.o
    0x00005604   0x00005604   0x00000013   Data   RO          107    .constdata          fpga_manager.o
    0x00005617   0x00005617   0x00000001   PAD
    0x00005618   0x00005618   0x00000024   Data   RO         2327    .constdata          memp.o
    0x0000563c   0x0000563c   0x00000004   Data   RO         3120    .constdata          ip_addr.o
    0x00005640   0x00005640   0x0000000c   Data   RO         3203    .constdata          etharp.o
    0x0000564c   0x0000564c   0x00000020   Data   RO         3613    Region$$Table       anon$$obj.o


    Execution Region RW_IRAM1 (Exec base: 0x20000000, Load base: 0x0000566c, Size: 0x00017ee0, Max: 0x00020000, ABSOLUTE, COMPRESSED[0x0000015c])

    Exec Addr    Load Addr    Size         Type   Attr      Idx    E Section Name        Object

    0x20000000   COMPRESSED   0x00000010   Data   RW           19    .data               system_hhd32f1xx.o
    0x20000010   COMPRESSED   0x0000001c   Data   RW          317    .data               load_server.o
    0x2000002c   COMPRESSED   0x000003f0   Data   RW          609    .data               main.o
    0x2000041c   COMPRESSED   0x00000006   Data   RW          716    .data               ethernetif.o
    0x20000422   COMPRESSED   0x00000002   PAD
    0x20000424   COMPRESSED   0x00000010   Data   RW         1668    .data               hhd_eth.o
    0x20000434   COMPRESSED   0x00000010   Data   RW         2286    .data               mem.o
    0x20000444   COMPRESSED   0x0000000c   Data   RW         2376    .data               netif.o
    0x20000450   COMPRESSED   0x00000004   Data   RW         2535    .data               raw.o
    0x20000454   COMPRESSED   0x00000020   Data   RW         2624    .data               tcp.o
    0x20000474   COMPRESSED   0x0000001c   Data   RW         2777    .data               tcp_in.o
    0x20000490   COMPRESSED   0x00000004   Data   RW         2894    .data               udp.o
    0x20000494   COMPRESSED   0x0000000c   Data   RW         3081    .data               ip.o
    0x200004a0   COMPRESSED   0x00000008   Data   RW         3150    .data               ip_frag.o
    0x200004a8   COMPRESSED   0x00000001   Data   RW         3204    .data               etharp.o
    0x200004a9   COMPRESSED   0x00000003   PAD
    0x200004ac   COMPRESSED   0x00000008   Data   RW         3287    .data               LIB_v1_0.lib(lib_xvc_v1_0.o)
    0x200004b4        -       0x00000a14   Zero   RW          316    .bss                load_server.o
    0x20000ec8        -       0x00000030   Zero   RW          446    .bss                netconf.o
    0x20000ef8        -       0x00005400   Zero   RW          711    .bss                ethernetif.o
    0x200062f8        -       0x0000a014   Zero   RW         2285    .bss                mem.o
    0x2001030c        -       0x00004907   Zero   RW         2326    .bss                memp.o
    0x20014c13   COMPRESSED   0x00000001   PAD
    0x20014c14        -       0x00000014   Zero   RW         2776    .bss                tcp_in.o
    0x20014c28        -       0x000005e0   Zero   RW         3149    .bss                ip_frag.o
    0x20015208        -       0x000000c8   Zero   RW         3202    .bss                etharp.o
    0x200152d0        -       0x00000c0c   Zero   RW         3286    .bss                LIB_v1_0.lib(lib_xvc_v1_0.o)
    0x20015edc   COMPRESSED   0x00000004   PAD
    0x20015ee0        -       0x00002000   Zero   RW           92    STACK               startup_hhd32f1xx_s.o


==============================================================================

Image component sizes


      Code (inc. data)   RO Data    RW Data    ZI Data      Debug   Object Name

         0          0          0          0          0       4540   core_cm3.o
      1532         28         12          1        200      12699   etharp.o
       578         54          0          6      21504       8060   ethernetif.o
       212         28         19          0          0       4636   fpga_manager.o
       302         14          0          0          0       2335   hhd32f107.o
        70          6          0          0          0       3902   hhd32f10x_it.o
         8          0          0          0          0       1153   hhd_can.o
      1336        116          0         16          0      16039   hhd_eth.o
        32          0          0          0          0       2581   hhd_gpio.o
        24          4          0          0          0        601   hhd_rcc.o
       394          0          0          0          0       3494   icmp.o
        16          0          0          0          0       2910   inet.o
       144          0          0          0          0       5649   inet_chksum.o
         0          0          0          0          0        676   init.o
        92          0          0          0          0       2002   io_init.o
       684         22          0         12          0       4825   ip.o
        48          0          4          0          0       5429   ip_addr.o
      1240         34          0          8       1504       7605   ip_frag.o
      1012        104          0         28       2580      28568   load_server.o
       316         40          0       1008          0      25289   main.o
       544         30          0         16      40980       4969   mem.o
       144         20         36          0      18695       3842   memp.o
       768         42          0          0          0       6634   mt25q.o
       148         36          0          0         48       3483   netconf.o
       274         18          0         12          0       7033   netif.o
       846          0          0          0          0       8409   pbuf.o
       104          4          0          4          0       1656   raw.o
       812         22          0          0          0       2382   simulator_spi.o
        36          8        328          0       8192        920   startup_hhd32f1xx_s.o
       172         18          0         16          0      88645   system_hhd32f1xx.o
      1426         64          0         32          0      24342   tcp.o
      3122         76          0         28         20      14664   tcp_in.o
      1888         12          0          0          0       8770   tcp_out.o
       316          4          0          4          0       3348   udp.o

    ----------------------------------------------------------------------
     18670        804        432       1196      93724     322090   Object Totals
         0          0         32          0          0          0   (incl. Generated)
        30          0          1          5          1          0   (incl. Padding)

    ----------------------------------------------------------------------

      Code (inc. data)   RO Data    RW Data    ZI Data      Debug   Library Member Name

      1398        106          0          8       3084        828   lib_xvc_v1_0.o
        86          0          0          0          0          0   __dczerorl2.o
         0          0          0          0          0          0   entry.o
         0          0          0          0          0          0   entry10a.o
         0          0          0          0          0          0   entry11a.o
         8          4          0          0          0          0   entry2.o
         4          0          0          0          0          0   entry5.o
         0          0          0          0          0          0   entry7b.o
         0          0          0          0          0          0   entry8b.o
         8          4          0          0          0          0   entry9a.o
        30          0          0          0          0          0   handlers.o
        36          8          0          0          0         68   init.o
        30          0          0          0          0         68   llshl.o
        32          0          0          0          0         68   llushr.o
        26          0          0          0          0         80   memcmp.o
        36          0          0          0          0         68   memcpya.o
        36          0          0          0          0        108   memseta.o
      1172         50          0          0          0        420   printf8.o
        14          0          0          0          0         68   strlen.o
        98          0          0          0          0         92   uldiv.o

    ----------------------------------------------------------------------
      3022        172          0          8       3088       1868   Library Totals
         8          0          0          0          4          0   (incl. Padding)

    ----------------------------------------------------------------------

      Code (inc. data)   RO Data    RW Data    ZI Data      Debug   Library Name

      1398        106          0          8       3084        828   LIB_v1_0.lib
      1616         66          0          0          0       1040   mc_w.l

    ----------------------------------------------------------------------
      3022        172          0          8       3088       1868   Library Totals

    ----------------------------------------------------------------------

==============================================================================


      Code (inc. data)   RO Data    RW Data    ZI Data      Debug   

     21692        976        432       1204      96812     313634   Grand Totals
     21692        976        432        348      96812     313634   ELF Image Totals (compressed)
     21692        976        432        348          0          0   ROM Totals

==============================================================================

    Total RO  Size (Code + RO Data)                22124 (  21.61kB)
    Total RW  Size (RW Data + ZI Data)             98016 (  95.72kB)
    Total ROM Size (Code + RO Data + RW Data)      22472 (  21.95kB)

==============================================================================

