Component: ARM Compiler 5.06 update 6 (build 750) Tool: armlink [4d35ed]

==============================================================================

Section Cross References

    system_hhd32f1xx.o(i.SystemCoreClockUpdate) refers to system_hhd32f1xx.o(.data) for .data
    startup_hhd32f1xx_s.o(STACK) refers (Special) to heapauxi.o(.text) for __use_two_region_memory
    startup_hhd32f1xx_s.o(HEAP) refers (Special) to heapauxi.o(.text) for __use_two_region_memory
    startup_hhd32f1xx_s.o(RESET) refers (Special) to heapauxi.o(.text) for __use_two_region_memory
    startup_hhd32f1xx_s.o(RESET) refers to startup_hhd32f1xx_s.o(STACK) for __initial_sp
    startup_hhd32f1xx_s.o(RESET) refers to startup_hhd32f1xx_s.o(.text) for Reset_Handler
    startup_hhd32f1xx_s.o(RESET) refers to hhd32f10x_it.o(i.NMI_Handler) for NMI_Handler
    startup_hhd32f1xx_s.o(RESET) refers to context_rvds.o(.text) for HardFault_Handler
    startup_hhd32f1xx_s.o(RESET) refers to hhd32f10x_it.o(i.BusFault_Handler) for BusFault_Handler
    startup_hhd32f1xx_s.o(RESET) refers to hhd32f10x_it.o(i.UsageFault_Handler) for UsageFault_Handler
    startup_hhd32f1xx_s.o(RESET) refers to hhd32f10x_it.o(i.SVC_Handler) for SVC_Handler
    startup_hhd32f1xx_s.o(RESET) refers to board.o(i.SysTick_Handler) for SysTick_Handler
    startup_hhd32f1xx_s.o(RESET) refers to hhd32f10x_it.o(i.CAN1_IRQHandler) for CAN1_IRQHandler
    startup_hhd32f1xx_s.o(RESET) refers to hhd32f10x_it.o(i.ETH_IRQHandler) for ETH_IRQHandler
    startup_hhd32f1xx_s.o(.text) refers (Special) to heapauxi.o(.text) for __use_two_region_memory
    startup_hhd32f1xx_s.o(.text) refers to system_hhd32f1xx.o(i.SystemInit) for SystemInit
    startup_hhd32f1xx_s.o(.text) refers to __main.o(!!!main) for __main
    startup_hhd32f1xx_s.o(.text) refers to startup_hhd32f1xx_s.o(HEAP) for Heap_Mem
    startup_hhd32f1xx_s.o(.text) refers to startup_hhd32f1xx_s.o(STACK) for Stack_Mem
    hhd32f107.o(i.Ethernet_Configuration) refers to hhd_eth.o(i.ETH_DMAITConfig) for ETH_DMAITConfig
    hhd32f107.o(i.Ethernet_Configuration) refers to hhd_gpio.o(i.GPIO_ResetPin) for GPIO_ResetPin
    hhd32f107.o(i.Ethernet_Configuration) refers to hhd_gpio.o(i.GPIO_SetPin) for GPIO_SetPin
    hhd32f107.o(i.Ethernet_Configuration) refers to main.o(i.Delay) for Delay
    hhd32f107.o(i.Ethernet_Configuration) refers to hhd_eth.o(i.ETH_SoftwareReset) for ETH_SoftwareReset
    hhd32f107.o(i.Ethernet_Configuration) refers to hhd_eth.o(i.ETH_GetSoftwareResetStatus) for ETH_GetSoftwareResetStatus
    hhd32f107.o(i.Ethernet_Configuration) refers to hhd_eth.o(i.ETH_StructInit) for ETH_StructInit
    hhd32f107.o(i.Ethernet_Configuration) refers to hhd_eth.o(i.ETH_ReadPHYRegister) for ETH_ReadPHYRegister
    hhd32f107.o(i.Ethernet_Configuration) refers to hhd_eth.o(i.ETH_Init) for ETH_Init
    hhd32f107.o(i.get_phyaddr) refers to hhd_eth.o(i.ETH_ReadPHYRegister) for ETH_ReadPHYRegister
    hhd32f10x_it.o(i.CAN1_IRQHandler) refers to hhd_can.o(i.can_write_back) for can_write_back
    hhd32f10x_it.o(i.CAN1_IRQHandler) refers to hhd_can.o(i.CAN_SetCMD) for CAN_SetCMD
    hhd32f10x_it.o(i.ETH_IRQHandler) refers to irq.o(i.rt_interrupt_enter) for rt_interrupt_enter
    hhd32f10x_it.o(i.ETH_IRQHandler) refers to ethernetif.o(i.eth_device_ready) for eth_device_ready
    hhd32f10x_it.o(i.ETH_IRQHandler) refers to hhd_eth.o(i.ETH_DMAClearITPendingBit) for ETH_DMAClearITPendingBit
    hhd32f10x_it.o(i.ETH_IRQHandler) refers to irq.o(i.rt_interrupt_leave) for rt_interrupt_leave
    hhd32f10x_it.o(i.ETH_IRQHandler) refers to netconf.o(.bss) for stm32_eth_device
    simulator_spi.o(i.spi_Init) refers to hhd_gpio.o(i.GPIO_ConfigPinsAsOutput) for GPIO_ConfigPinsAsOutput
    simulator_spi.o(i.spi_Init) refers to hhd_gpio.o(i.GPIO_ConfigPinsAsInput) for GPIO_ConfigPinsAsInput
    mt25q.o(i.Flash_erase) refers to simulator_spi.o(i.readWriteByte) for readWriteByte
    mt25q.o(i.Flash_erase) refers to thread.o(i.rt_thread_delay) for rt_thread_delay
    mt25q.o(i.Flash_erase) refers to simulator_spi.o(i.WriteByte) for WriteByte
    mt25q.o(i.mt25q_disable_write) refers to simulator_spi.o(i.WriteByte) for WriteByte
    mt25q.o(i.mt25q_enable_write) refers to simulator_spi.o(i.WriteByte) for WriteByte
    mt25q.o(i.mt25q_erase) refers to simulator_spi.o(i.readWriteByte) for readWriteByte
    mt25q.o(i.mt25q_erase) refers to thread.o(i.rt_thread_delay) for rt_thread_delay
    mt25q.o(i.mt25q_erase) refers to simulator_spi.o(i.WriteByte) for WriteByte
    mt25q.o(i.mt25q_init) refers to simulator_spi.o(i.readWriteByte) for readWriteByte
    mt25q.o(i.mt25q_init) refers to simulator_spi.o(i.WriteByte) for WriteByte
    mt25q.o(i.mt25q_read) refers to simulator_spi.o(i.readWriteByte) for readWriteByte
    mt25q.o(i.mt25q_read) refers to simulator_spi.o(i.WriteByte) for WriteByte
    mt25q.o(i.mt25q_read) refers to simulator_spi.o(i.readByte) for readByte
    mt25q.o(i.mt25q_read_id) refers to simulator_spi.o(i.readWriteByte) for readWriteByte
[...]
    main                                     0x00000761   Thumb Code    72  components.o(i.$Sub$$main)
    BusFault_Handler                         0x000007b1   Thumb Code     2  hhd32f10x_it.o(i.BusFault_Handler)
    CAN1_IRQHandler                          0x000007b5   Thumb Code    96  hhd32f10x_it.o(i.CAN1_IRQHandler)
    CAN_SetCMD                               0x00000821   Thumb Code     8  hhd_can.o(i.CAN_SetCMD)
    Delay                                    0x00000829   Thumb Code     4  main.o(i.Delay)
    Delay_1ms                                0x0000082d   Thumb Code    28  hhd32f107.o(i.Delay_1ms)
    ETH_DMAClearITPendingBit                 0x00000849   Thumb Code     6  hhd_eth.o(i.ETH_DMAClearITPendingBit)
    ETH_DMAITConfig                          0x00000855   Thumb Code    18  hhd_eth.o(i.ETH_DMAITConfig)
    ETH_DMARxDescChainInit                   0x0000086d   Thumb Code    78  hhd_eth.o(i.ETH_DMARxDescChainInit)
    ETH_DMARxDescReceiveITConfig             0x000008c9   Thumb Code    18  hhd_eth.o(i.ETH_DMARxDescReceiveITConfig)
    ETH_DMATxDescChainInit                   0x000008dd   Thumb Code    74  hhd_eth.o(i.ETH_DMATxDescChainInit)
    ETH_GetSoftwareResetStatus               0x00000931   Thumb Code    16  hhd_eth.o(i.ETH_GetSoftwareResetStatus)
    ETH_IRQHandler                           0x00000945   Thumb Code    50  hhd32f10x_it.o(i.ETH_IRQHandler)
    ETH_Init                                 0x00000985   Thumb Code   540  hhd_eth.o(i.ETH_Init)
    ETH_MACAddressConfig                     0x00000bb1   Thumb Code    26  hhd_eth.o(i.ETH_MACAddressConfig)
    ETH_ReadPHYRegister                      0x00000bcd   Thumb Code    82  hhd_eth.o(i.ETH_ReadPHYRegister)
    ETH_SoftwareReset                        0x00000c29   Thumb Code    12  hhd_eth.o(i.ETH_SoftwareReset)
    ETH_Start                                0x00000c39   Thumb Code    46  hhd_eth.o(i.ETH_Start)
    ETH_StructInit                           0x00000c71   Thumb Code   130  hhd_eth.o(i.ETH_StructInit)
    ETH_WritePHYRegister                     0x00000cf5   Thumb Code    82  hhd_eth.o(i.ETH_WritePHYRegister)
    Ethernet_Configuration                   0x00000d51   Thumb Code   250  hhd32f107.o(i.Ethernet_Configuration)
    FPGA_cmd_clean                           0x00000e59   Thumb Code    48  fpga_manager.o(i.FPGA_cmd_clean)
    FPGA_cmd_select_flash                    0x00000e91   Thumb Code    48  fpga_manager.o(i.FPGA_cmd_select_flash)
    FPGA_cmd_select_fpga                     0x00000ec9   Thumb Code    48  fpga_manager.o(i.FPGA_cmd_select_fpga)
    GPIO_ConfigPinsAsInput                   0x00000f01   Thumb Code    10  hhd_gpio.o(i.GPIO_ConfigPinsAsInput)
    GPIO_ConfigPinsAsOutput                  0x00000f0b   Thumb Code     8  hhd_gpio.o(i.GPIO_ConfigPinsAsOutput)
    GPIO_ResetPin                            0x00000f13   Thumb Code     8  hhd_gpio.o(i.GPIO_ResetPin)
    GPIO_SetPin                              0x00000f1b   Thumb Code     8  hhd_gpio.o(i.GPIO_SetPin)
    IO_init                                  0x00000f25   Thumb Code   100  io_init.o(i.IO_init)
    NMI_Handler                              0x00000f89   Thumb Code     2  hhd32f10x_it.o(i.NMI_Handler)
    RCC_APB2PeriphClockCmd                   0x00000f8d   Thumb Code    22  hhd_rcc.o(i.RCC_APB2PeriphClockCmd)
    SPI_To_FPGA_Read                         0x00000fa9   Thumb Code   200  fpga_manager.o(i.SPI_To_FPGA_Read)
    SVC_Handler                              0x00001079   Thumb Code     2  hhd32f10x_it.o(i.SVC_Handler)
    SysTick_Handler                          0x0000107b   Thumb Code    18  board.o(i.SysTick_Handler)
    SystemInit                               0x0000108d   Thumb Code   168  system_hhd32f1xx.o(i.SystemInit)
    UsageFault_Handler                       0x00001149   Thumb Code     2  hhd32f10x_it.o(i.UsageFault_Handler)
    WriteByte                                0x0000114d   Thumb Code   218  simulator_spi.o(i.WriteByte)
    __rt_ffs                                 0x0000122d   Thumb Code    64  kservice.o(i.__rt_ffs)
    _rt_errno                                0x00001271   Thumb Code    24  kservice.o(i._rt_errno)
    base_init                                0x00001415   Thumb Code    48  main.o(i.base_init)
    can_write_back                           0x00001455   Thumb Code    84  hhd_can.o(i.can_write_back)
    do_bind                                  0x000014a9   Thumb Code   104  api_msg.o(i.do_bind)
    do_delconn                               0x000015b9   Thumb Code   104  api_msg.o(i.do_delconn)
    do_getaddr                               0x00001621   Thumb Code   126  api_msg.o(i.do_getaddr)
    do_listen                                0x000016a1   Thumb Code   148  api_msg.o(i.do_listen)
    do_netifapi_netif_common                 0x00001739   Thumb Code    34  netifapi.o(i.do_netifapi_netif_common)
    do_netifapi_netif_set_addr               0x0000175b   Thumb Code    26  netifapi.o(i.do_netifapi_netif_set_addr)
    do_newconn                               0x00001775   Thumb Code   178  api_msg.o(i.do_newconn)
    do_recv                                  0x00001841   Thumb Code    46  api_msg.o(i.do_recv)
    do_send                                  0x0000186f   Thumb Code   116  api_msg.o(i.do_send)
    do_write                                 0x000018e3   Thumb Code    54  api_msg.o(i.do_write)
    erase_task                               0x000019d5   Thumb Code    52  load_server_bsd.o(i.erase_task)
    eth_device_init                          0x00001a75   Thumb Code   114  ethernetif.o(i.eth_device_init)
    eth_device_ready                         0x00001af1   Thumb Code     8  ethernetif.o(i.eth_device_ready)
    eth_rx_thread_entry                      0x00001afd   Thumb Code    98  ethernetif.o(i.eth_rx_thread_entry)
    eth_system_device_init                   0x00001b6d   Thumb Code   106  ethernetif.o(i.eth_system_device_init)
    eth_tx_thread_entry                      0x00001c11   Thumb Code    46  ethernetif.o(i.eth_tx_thread_entry)
    etharp_arp_input                         0x00001c45   Thumb Code   236  etharp.o(i.etharp_arp_input)
    etharp_output                            0x00001d31   Thumb Code   190  etharp.o(i.etharp_output)
    etharp_query                             0x00001df5   Thumb Code   476  etharp.o(i.etharp_query)
    etharp_request                           0x00001fd9   Thumb Code   204  etharp.o(i.etharp_request)
    etharp_tmr                               0x000020f9   Thumb Code    98  etharp.o(i.etharp_tmr)
    ethernet_input                           0x00002161   Thumb Code   114  etharp.o(i.ethernet_input)
    ethernetif_linkoutput                    0x000021d5   Thumb Code    38  ethernetif.o(i.ethernetif_linkoutput)
    frame_consultation                       0x00002489   Thumb Code   138  load_server_bsd.o(i.frame_consultation)
    get_mark                                 0x00002531   Thumb Code    40  main.o(i.get_mark)
    htonl                                    0x00002559   Thumb Code     4  inet.o(i.htonl)
    htons                                    0x0000255d   Thumb Code     4  inet.o(i.htons)
    icmp_dest_unreach                        0x00002561   Thumb Code   108  icmp.o(i.icmp_dest_unreach)
    icmp_input                               0x000025cd   Thumb Code   338  icmp.o(i.icmp_input)
    icmp_time_exceeded                       0x0000271f   Thumb Code   108  icmp.o(i.icmp_time_exceeded)
    inet_chksum                              0x0000278b   Thumb Code    12  inet_chksum.o(i.inet_chksum)
    inet_chksum_pbuf                         0x00002797   Thumb Code   178  inet_chksum.o(i.inet_chksum_pbuf)
    inet_chksum_pseudo                       0x00002849   Thumb Code   228  inet_chksum.o(i.inet_chksum_pseudo)
    ip_addr_isbroadcast                      0x0000292d   Thumb Code    62  ip_addr.o(i.ip_addr_isbroadcast)
    ip_frag                                  0x0000296d   Thumb Code   324  ip_frag.o(i.ip_frag)
    ip_input                                 0x00002ab5   Thumb Code   382  ip.o(i.ip_input)
    ip_output                                0x00002c3d   Thumb Code   106  ip.o(i.ip_output)
    ip_output_if                             0x00002cb1   Thumb Code   228  ip.o(i.ip_output_if)
    ip_reass                                 0x00002d99   Thumb Code   696  ip_frag.o(i.ip_reass)
    ip_reass_tmr                             0x0000317d   Thumb Code   174  ip_frag.o(i.ip_reass_tmr)
    ip_route                                 0x00003231   Thumb Code    66  ip.o(i.ip_route)
    jtag_Server_init                         0x0000327d   Thumb Code    42  lib_xvc_v1_0.o(i.jtag_Server_init)
    jtag_gpio_handle                         0x000032b1   Thumb Code   434  lib_xvc_v1_0.o(i.jtag_gpio_handle)
    jtag_task                                0x00003471   Thumb Code    90  lib_xvc_v1_0.o(i.jtag_task)
    load_server_init                         0x000034dd   Thumb Code    44  load_server_bsd.o(i.load_server_init)
    lwip_accept                              0x00003515   Thumb Code   384  sockets.o(i.lwip_accept)
    lwip_bind                                0x000036a5   Thumb Code   122  sockets.o(i.lwip_bind)
    lwip_close                               0x00003729   Thumb Code    86  sockets.o(i.lwip_close)
    lwip_init                                0x00003789   Thumb Code    18  init.o(i.lwip_init)
    lwip_listen                              0x0000379d   Thumb Code   108  sockets.o(i.lwip_listen)
    lwip_recv                                0x00003811   Thumb Code    24  sockets.o(i.lwip_recv)
    lwip_recvfrom                            0x00003829   Thumb Code   434  sockets.o(i.lwip_recvfrom)
    lwip_send                                0x000039e5   Thumb Code   134  sockets.o(i.lwip_send)
    lwip_sendto                              0x00003a75   Thumb Code   236  sockets.o(i.lwip_sendto)
    lwip_socket                              0x00003b69   Thumb Code   206  sockets.o(i.lwip_socket)
    lwip_socket_init                         0x00003c45   Thumb Code    22  sockets.o(i.lwip_socket_init)
    lwip_system_init                         0x00003cc1   Thumb Code   118  sys_arch_init.o(i.lwip_system_init)
    $Super$$main                             0x00003d55   Thumb Code    50  main.o(i.main)
    main_thread_entry                        0x00003d91   Thumb Code    28  components.o(i.main_thread_entry)
    memp_free                                0x00003db5   Thumb Code    36  memp.o(i.memp_free)
    memp_init                                0x00003ddd   Thumb Code    88  memp.o(i.memp_init)
    memp_malloc                              0x00003e41   Thumb Code    44  memp.o(i.memp_malloc)
    netbuf_delete                            0x00003e71   Thumb Code    36  netbuf.o(i.netbuf_delete)
    netbuf_free                              0x00003e95   Thumb Code    28  netbuf.o(i.netbuf_free)
    netbuf_ref                               0x00003eb1   Thumb Code    68  netbuf.o(i.netbuf_ref)
    netconn_accept                           0x00003ef5   Thumb Code    58  api_lib.o(i.netconn_accept)
    netconn_alloc                            0x00003f2f   Thumb Code   130  api_msg.o(i.netconn_alloc)
    netconn_bind                             0x00003fb1   Thumb Code    42  api_lib.o(i.netconn_bind)
    netconn_delete                           0x00003fe1   Thumb Code    40  api_lib.o(i.netconn_delete)
    netconn_free                             0x0000400d   Thumb Code   108  api_msg.o(i.netconn_free)
    netconn_getaddr                          0x00004079   Thumb Code    48  api_lib.o(i.netconn_getaddr)
    netconn_listen_with_backlog              0x000040ad   Thumb Code    36  api_lib.o(i.netconn_listen_with_backlog)
    netconn_new_with_proto_and_callback      0x000040d5   Thumb Code    68  api_lib.o(i.netconn_new_with_proto_and_callback)
    netconn_recv                             0x0000411d   Thumb Code   274  api_lib.o(i.netconn_recv)
    netconn_send                             0x00004235   Thumb Code    38  api_lib.o(i.netconn_send)
    netconn_write                            0x00004261   Thumb Code    58  api_lib.o(i.netconn_write)
    netif_add                                0x000042a1   Thumb Code   202  netif.o(i.netif_add)
    netif_is_up                              0x0000438f   Thumb Code    10  netif.o(i.netif_is_up)
    netif_set_addr                           0x00004399   Thumb Code   122  netif.o(i.netif_set_addr)
    netif_set_default                        0x0000441d   Thumb Code     6  netif.o(i.netif_set_default)
    netif_set_link_down                      0x00004429   Thumb Code    22  netif.o(i.netif_set_link_down)
    netif_set_link_up                        0x0000443f   Thumb Code    60  netif.o(i.netif_set_link_up)
    netif_set_up                             0x0000447b   Thumb Code    68  netif.o(i.netif_set_up)
    netifapi_netif_common                    0x000044c1   Thumb Code    28  netifapi.o(i.netifapi_netif_common)
    netifapi_netif_set_addr                  0x000044e1   Thumb Code    34  netifapi.o(i.netifapi_netif_set_addr)
    ntohl                                    0x00004509   Thumb Code     4  inet.o(i.ntohl)
    ntohs                                    0x0000450d   Thumb Code     4  inet.o(i.ntohs)
    pbuf_alloc                               0x00004511   Thumb Code   430  pbuf.o(i.pbuf_alloc)
    pbuf_cat                                 0x000046c9   Thumb Code    40  pbuf.o(i.pbuf_cat)
    pbuf_chain                               0x000046f1   Thumb Code    66  pbuf.o(i.pbuf_chain)
    pbuf_clen                                0x00004733   Thumb Code    18  pbuf.o(i.pbuf_clen)
    pbuf_copy                                0x00004745   Thumb Code   148  pbuf.o(i.pbuf_copy)
    pbuf_copy_partial                        0x000047d9   Thumb Code   112  pbuf.o(i.pbuf_copy_partial)
    pbuf_free                                0x00004849   Thumb Code    80  pbuf.o(i.pbuf_free)
    pbuf_header                              0x000048d1   Thumb Code   112  pbuf.o(i.pbuf_header)
    pbuf_realloc                             0x00004941   Thumb Code    60  pbuf.o(i.pbuf_realloc)
    pbuf_ref                                 0x0000497d   Thumb Code    28  pbuf.o(i.pbuf_ref)
    raw_bind                                 0x00004b71   Thumb Code    12  raw.o(i.raw_bind)
    raw_input                                0x00004b7d   Thumb Code   118  raw.o(i.raw_input)
    raw_new                                  0x00004bf9   Thumb Code    46  raw.o(i.raw_new)
    raw_recv                                 0x00004c2d   Thumb Code     6  raw.o(i.raw_recv)
    raw_remove                               0x00004c35   Thumb Code    40  raw.o(i.raw_remove)
    raw_send                                 0x00004c61   Thumb Code   196  raw.o(i.raw_send)
    raw_sendto                               0x00004d25   Thumb Code   190  raw.o(i.raw_sendto)
    readWriteByte                            0x00004de5   Thumb Code   400  simulator_spi.o(i.readWriteByte)
    rt_application_init                      0x000050e5   Thumb Code    36  components.o(i.rt_application_init)
    rt_components_board_init                 0x00005115   Thumb Code    24  components.o(i.rt_components_board_init)
    rt_device_control                        0x00005135   Thumb Code    14  device.o(i.rt_device_control)
    rt_device_init                           0x00005143   Thumb Code    44  device.o(i.rt_device_init)
    rt_device_register                       0x0000516f   Thumb Code   140  device.o(i.rt_device_register)
    rt_enter_critical                        0x000051fd   Thumb Code    22  scheduler.o(i.rt_enter_critical)
    rt_exit_critical                         0x00005219   Thumb Code   128  scheduler.o(i.rt_exit_critical)
    rt_free                                  0x000052a5   Thumb Code   164  mem.o(i.rt_free)
    rt_hw_board_init                         0x00005351   Thumb Code    62  board.o(i.rt_hw_board_init)
    rt_hw_hard_fault_exception               0x000053a1   Thumb Code    18  cpuport.o(i.rt_hw_hard_fault_exception)
    rt_hw_stack_init                         0x000053b9   Thumb Code    60  cpuport.o(i.rt_hw_stack_init)
    rt_hw_stm32_eth_init                     0x000053f9   Thumb Code   116  netconf.o(i.rt_hw_stm32_eth_init)
    rt_interrupt_enter                       0x000054a9   Thumb Code    22  irq.o(i.rt_interrupt_enter)
    rt_interrupt_get_nest                    0x000054c5   Thumb Code     6  irq.o(i.rt_interrupt_get_nest)
    rt_interrupt_leave                       0x000054d1   Thumb Code    22  irq.o(i.rt_interrupt_leave)
    rt_malloc                                0x000054ed   Thumb Code   270  mem.o(i.rt_malloc)
    rt_mb_create                             0x00005605   Thumb Code    74  ipc.o(i.rt_mb_create)
    rt_mb_delete                             0x00005651   Thumb Code   106  ipc.o(i.rt_mb_delete)
    rt_mb_init                               0x000056bb   Thumb Code    56  ipc.o(i.rt_mb_init)
    rt_mb_recv                               0x000056f5   Thumb Code   346  ipc.o(i.rt_mb_recv)
    rt_mb_send                               0x0000584f   Thumb Code     6  ipc.o(i.rt_mb_send)
    rt_mb_send_wait                          0x00005855   Thumb Code   336  ipc.o(i.rt_mb_send_wait)
    rt_memcpy                                0x000059a5   Thumb Code   114  kservice.o(i.rt_memcpy)
    rt_memset                                0x00005a19   Thumb Code    52  kservice.o(i.rt_memset)
    rt_object_allocate                       0x00005a4d   Thumb Code    80  object.o(i.rt_object_allocate)
    rt_object_delete                         0x00005a9d   Thumb Code    42  object.o(i.rt_object_delete)
    rt_object_detach                         0x00005ac7   Thumb Code    36  object.o(i.rt_object_detach)
    rt_object_get_information                0x00005aed   Thumb Code   110  object.o(i.rt_object_get_information)
    rt_object_init                           0x00005b61   Thumb Code    60  object.o(i.rt_object_init)
    rt_object_is_systemobject                0x00005b9d   Thumb Code    12  object.o(i.rt_object_is_systemobject)
    rt_schedule                              0x00005ba9   Thumb Code    96  scheduler.o(i.rt_schedule)
    rt_schedule_insert_thread                0x00005c15   Thumb Code    72  scheduler.o(i.rt_schedule_insert_thread)
    rt_schedule_remove_thread                0x00005c65   Thumb Code    70  scheduler.o(i.rt_schedule_remove_thread)
    rt_sem_create                            0x00005cb5   Thumb Code    34  ipc.o(i.rt_sem_create)
    rt_sem_delete                            0x00005cd9   Thumb Code    64  ipc.o(i.rt_sem_delete)
    rt_sem_detach                            0x00005d19   Thumb Code    64  ipc.o(i.rt_sem_detach)
    rt_sem_init                              0x00005d59   Thumb Code    32  ipc.o(i.rt_sem_init)
    rt_sem_release                           0x00005d79   Thumb Code    54  ipc.o(i.rt_sem_release)
    rt_sem_take                              0x00005db1   Thumb Code   208  ipc.o(i.rt_sem_take)
    rt_set_errno                             0x00005e81   Thumb Code    28  kservice.o(i.rt_set_errno)
    rt_show_version                          0x00005ea1   Thumb Code     2  kservice.o(i.rt_show_version)
    rt_snprintf                              0x00005ea3   Thumb Code    18  kservice.o(i.rt_snprintf)
    rt_stm32_eth_rx                          0x00005f41   Thumb Code   156  netconf.o(i.rt_stm32_eth_rx)
    rt_stm32_eth_tx                          0x00005fe5   Thumb Code   100  netconf.o(i.rt_stm32_eth_tx)
    rt_strncmp                               0x0000605f   Thumb Code    38  kservice.o(i.rt_strncmp)
    rt_strncpy                               0x00006085   Thumb Code    98  kservice.o(i.rt_strncpy)
    rt_system_heap_init                      0x000060e9   Thumb Code    86  mem.o(i.rt_system_heap_init)
    rt_system_scheduler_init                 0x00006151   Thumb Code    50  scheduler.o(i.rt_system_scheduler_init)
    rt_system_scheduler_start                0x00006191   Thumb Code    32  scheduler.o(i.rt_system_scheduler_start)
    rt_system_timer_init                     0x000061b9   Thumb Code     8  timer.o(i.rt_system_timer_init)
    rt_system_timer_thread_init              0x000061c5   Thumb Code    46  timer.o(i.rt_system_timer_thread_init)
    rt_thread_create                         0x0000620d   Thumb Code   154  thread.o(i.rt_thread_create)
    rt_thread_delay                          0x000062b1   Thumb Code   114  thread.o(i.rt_thread_delay)
    rt_thread_exit                           0x00006329   Thumb Code    88  thread.o(i.rt_thread_exit)
    rt_thread_idle_init                      0x00006409   Thumb Code    40  idle.o(i.rt_thread_idle_init)
    rt_thread_init                           0x00006445   Thumb Code   128  thread.o(i.rt_thread_init)
    rt_thread_resume                         0x000064cd   Thumb Code    72  thread.o(i.rt_thread_resume)
    rt_thread_self                           0x00006515   Thumb Code     6  thread.o(i.rt_thread_self)
    rt_thread_startup                        0x00006521   Thumb Code    88  thread.o(i.rt_thread_startup)
    rt_thread_suspend                        0x0000657d   Thumb Code    68  thread.o(i.rt_thread_suspend)
    rt_thread_timeout                        0x000065c1   Thumb Code    40  thread.o(i.rt_thread_timeout)
    rt_thread_yield                          0x0000668d   Thumb Code    92  thread.o(i.rt_thread_yield)
    rt_tick_get                              0x000066f1   Thumb Code     6  clock.o(i.rt_tick_get)
    rt_tick_increase                         0x000066fd   Thumb Code    38  clock.o(i.rt_tick_increase)
    rt_timer_check                           0x00006729   Thumb Code   120  timer.o(i.rt_timer_check)
    rt_timer_control                         0x000067a5   Thumb Code    50  timer.o(i.rt_timer_control)
    rt_timer_detach                          0x000067d7   Thumb Code    42  timer.o(i.rt_timer_detach)
    rt_timer_init                            0x00006801   Thumb Code    50  timer.o(i.rt_timer_init)
    rt_timer_start                           0x00006835   Thumb Code   210  timer.o(i.rt_timer_start)
    rt_timer_stop                            0x00006919   Thumb Code    58  timer.o(i.rt_timer_stop)
    rt_vsnprintf                             0x00006955   Thumb Code   860  kservice.o(i.rt_vsnprintf)
    spi_Init                                 0x00006d09   Thumb Code    52  simulator_spi.o(i.spi_Init)
    sys_arch_mbox_fetch                      0x00006d45   Thumb Code    62  sys_arch.o(i.sys_arch_mbox_fetch)
    sys_arch_mbox_tryfetch                   0x00006d83   Thumb Code    28  sys_arch.o(i.sys_arch_mbox_tryfetch)
    sys_arch_protect                         0x00006d9f   Thumb Code    16  sys_arch.o(i.sys_arch_protect)
    sys_arch_sem_wait                        0x00006daf   Thumb Code    52  sys_arch.o(i.sys_arch_sem_wait)
    sys_arch_timeouts                        0x00006de3   Thumb Code    28  sys_arch.o(i.sys_arch_timeouts)
    sys_arch_unprotect                       0x00006dff   Thumb Code    18  sys_arch.o(i.sys_arch_unprotect)
    sys_init                                 0x00006e11   Thumb Code     2  sys_arch.o(i.sys_init)
    sys_mbox_fetch                           0x00006e13   Thumb Code    98  sys.o(i.sys_mbox_fetch)
    sys_mbox_free                            0x00006e75   Thumb Code     4  sys_arch.o(i.sys_mbox_free)
    sys_mbox_new                             0x00006e79   Thumb Code    44  sys_arch.o(i.sys_mbox_new)
    sys_mbox_post                            0x00006eb9   Thumb Code     8  sys_arch.o(i.sys_mbox_post)
    sys_mbox_trypost                         0x00006ec1   Thumb Code    16  sys_arch.o(i.sys_mbox_trypost)
    sys_sem_free                             0x00006ed1   Thumb Code     4  sys_arch.o(i.sys_sem_free)
    sys_sem_new                              0x00006ed5   Thumb Code    44  sys_arch.o(i.sys_sem_new)
    sys_sem_signal                           0x00006f11   Thumb Code     4  sys_arch.o(i.sys_sem_signal)
    sys_sem_wait                             0x00006f15   Thumb Code    88  sys.o(i.sys_sem_wait)
    sys_thread_new                           0x00006f6d   Thumb Code    74  sys_arch.o(i.sys_thread_new)
    sys_timeout                              0x00006fb7   Thumb Code   118  sys.o(i.sys_timeout)
    sys_untimeout                            0x0000702d   Thumb Code    78  sys.o(i.sys_untimeout)
    task_led                                 0x0000707d   Thumb Code    54  main.o(i.task_led)
    tcp_abandon                              0x000070bd   Thumb Code   264  tcp.o(i.tcp_abandon)
    tcp_accept                               0x000071cd   Thumb Code     4  tcp.o(i.tcp_accept)
    tcp_alloc                                0x000071d9   Thumb Code   246  tcp.o(i.tcp_alloc)
    tcp_arg                                  0x000072dd   Thumb Code     4  tcp.o(i.tcp_arg)
    tcp_bind                                 0x000072e1   Thumb Code   332  tcp.o(i.tcp_bind)
    tcp_close                                0x00007431   Thumb Code   180  tcp.o(i.tcp_close)
    tcp_eff_send_mss                         0x0000796f   Thumb Code    38  tcp.o(i.tcp_eff_send_mss)
    tcp_enqueue                              0x00007995   Thumb Code   866  tcp_out.o(i.tcp_enqueue)
    tcp_err                                  0x00007cf7   Thumb Code     6  tcp.o(i.tcp_err)
    tcp_fasttmr                              0x00007cfd   Thumb Code   210  tcp.o(i.tcp_fasttmr)
    tcp_input                                0x00007dd5   Thumb Code  1332  tcp_in.o(i.tcp_input)
    tcp_keepalive                            0x0000830d   Thumb Code   176  tcp_out.o(i.tcp_keepalive)
    tcp_listen_with_backlog                  0x000083bd   Thumb Code   132  tcp.o(i.tcp_listen_with_backlog)
    tcp_new                                  0x0000844d   Thumb Code     6  tcp.o(i.tcp_new)
    tcp_output                               0x00008455   Thumb Code   644  tcp_out.o(i.tcp_output)
    tcp_pcb_purge                            0x000086e5   Thumb Code   144  tcp.o(i.tcp_pcb_purge)
    tcp_pcb_remove                           0x00008775   Thumb Code    90  tcp.o(i.tcp_pcb_remove)
    tcp_poll                                 0x000087d5   Thumb Code    10  tcp.o(i.tcp_poll)
    tcp_recv                                 0x00009495   Thumb Code     6  tcp.o(i.tcp_recv)
    tcp_recv_null                            0x0000949b   Thumb Code   128  tcp.o(i.tcp_recv_null)
    tcp_recved                               0x0000951b   Thumb Code   108  tcp.o(i.tcp_recved)
    tcp_rexmit                               0x00009587   Thumb Code    78  tcp_out.o(i.tcp_rexmit)
    tcp_rexmit_fast                          0x000095d5   Thumb Code   158  tcp_out.o(i.tcp_rexmit_fast)
    tcp_rexmit_rto                           0x00009673   Thumb Code    46  tcp_out.o(i.tcp_rexmit_rto)
    tcp_rst                                  0x000096a1   Thumb Code   188  tcp_out.o(i.tcp_rst)
    tcp_seg_copy                             0x0000975d   Thumb Code    44  tcp.o(i.tcp_seg_copy)
    tcp_seg_free                             0x00009789   Thumb Code    32  tcp.o(i.tcp_seg_free)
    tcp_segs_free                            0x000097a9   Thumb Code    50  tcp.o(i.tcp_segs_free)
    tcp_send_ctrl                            0x000097db   Thumb Code    28  tcp_out.o(i.tcp_send_ctrl)
    tcp_send_empty_ack                       0x000097f7   Thumb Code   192  tcp_out.o(i.tcp_send_empty_ack)
    tcp_sent                                 0x000098b7   Thumb Code     6  tcp.o(i.tcp_sent)
    tcp_setprio                              0x000098bd   Thumb Code     4  tcp.o(i.tcp_setprio)
    tcp_slowtmr                              0x000098c1   Thumb Code   644  tcp.o(i.tcp_slowtmr)
    tcp_timer_needed                         0x00009b55   Thumb Code    38  tcpip.o(i.tcp_timer_needed)
    tcp_tmr                                  0x00009b8d   Thumb Code    30  tcp.o(i.tcp_tmr)
    tcp_update_rcv_ann_wnd                   0x00009bb1   Thumb Code    58  tcp.o(i.tcp_update_rcv_ann_wnd)
    tcp_write                                0x00009beb   Thumb Code    66  tcp_out.o(i.tcp_write)
    tcp_zero_window_probe                    0x00009c2d   Thumb Code   274  tcp_out.o(i.tcp_zero_window_probe)
    tcpip_apimsg                             0x00009d41   Thumb Code    52  tcpip.o(i.tcpip_apimsg)
    tcpip_callback_with_block                0x00009d79   Thumb Code    92  tcpip.o(i.tcpip_callback_with_block)
    tcpip_init                               0x00009dd9   Thumb Code    44  tcpip.o(i.tcpip_init)
    tcpip_input                              0x00009eb9   Thumb Code    82  tcpip.o(i.tcpip_input)
    tcpip_netifapi                           0x00009f11   Thumb Code    80  tcpip.o(i.tcpip_netifapi)
    udp_bind                                 0x0000a289   Thumb Code    98  udp.o(i.udp_bind)
    udp_input                                0x0000a2f1   Thumb Code   392  udp.o(i.udp_input)
    udp_new                                  0x0000a47d   Thumb Code    38  udp.o(i.udp_new)
    udp_recv                                 0x0000a4a3   Thumb Code     6  udp.o(i.udp_recv)
    udp_remove                               0x0000a4a9   Thumb Code    40  udp.o(i.udp_remove)
    udp_send                                 0x0000a4d5   Thumb Code    42  udp.o(i.udp_send)
    udp_sendto                               0x0000a4ff   Thumb Code    42  udp.o(i.udp_sendto)
    udp_sendto_if                            0x0000a529   Thumb Code   346  udp.o(i.udp_sendto_if)
    __lowest_bit_bitmap                      0x0000a7cf   Data         256  kservice.o(.constdata)
    tcp_persist_backoff                      0x0000a92a   Data           7  tcp.o(.constdata)
    tcp_backoff                              0x0000a931   Data          13  tcp.o(.constdata)
    ip_addr_any                              0x0000a93e   Data           4  ip_addr.o(.constdata)
    ethbroadcast                             0x0000a942   Data           6  etharp.o(.constdata)
    ethzero                                  0x0000a948   Data           6  etharp.o(.constdata)
    __rt_init_rti_start                      0x0000aa04   Data           4  components.o(.rti_fn.0)
    __rt_init_rti_board_start                0x0000aa08   Data           4  components.o(.rti_fn.0.end)
    __rt_init_rti_board_end                  0x0000aa0c   Data           4  components.o(.rti_fn.1.end)
    __rt_init_rt_hw_stm32_eth_init           0x0000aa10   Data           4  netconf.o(.rti_fn.2)
    __rt_init_rti_end                        0x0000aa14   Data           4  components.o(.rti_fn.6.end)
    Region$$Table$$Base                      0x0000aa18   Number         0  anon$$obj.o(Region$$Table)
    Region$$Table$$Limit                     0x0000aa38   Number         0  anon$$obj.o(Region$$Table)
    SystemCoreClock                          0x20000000   Data           4  system_hhd32f1xx.o(.data)
    MainClock                                0x20000004   Data           4  system_hhd32f1xx.o(.data)
    APB1Clock                                0x20000008   Data           4  system_hhd32f1xx.o(.data)
    APB2Clock                                0x2000000c   Data           4  system_hhd32f1xx.o(.data)
    pins_table                               0x20000010   Data         380  main.o(.data)
    fpga                                     0x2000018c   Data           1  load_server_bsd.o(.data)
    fileLen                                  0x20000190   Data           4  load_server_bsd.o(.data)
    startaddr                                0x20000194   Data           4  load_server_bsd.o(.data)
    file_count                               0x20000198   Data           4  load_server_bsd.o(.data)
    sock                                     0x2000019c   Data           4  load_server_bsd.o(.data)
    connected                                0x200001a0   Data           4  load_server_bsd.o(.data)
    erase_sem                                0x200001a4   Data           4  load_server_bsd.o(.data)
    DMATxDescToSet                           0x200001a8   Data           4  hhd_eth.o(.data)
    DMARxDescToGet                           0x200001ac   Data           4  hhd_eth.o(.data)
    DMAPTPTxDescToSet                        0x200001b0   Data           4  hhd_eth.o(.data)
    DMAPTPRxDescToGet                        0x200001b4   Data           4  hhd_eth.o(.data)
    rt_interrupt_nest                        0x200001bc   Data           1  irq.o(.data)
    rt_current_priority                      0x20000244   Data           1  scheduler.o(.data)
    rt_current_thread                        0x20000248   Data           4  scheduler.o(.data)
    rt_thread_ready_priority_group           0x2000024c   Data           4  scheduler.o(.data)
    rt_thread_defunct                        0x20000250   Data           8  scheduler.o(.data)
    rt_interrupt_from_thread                 0x20000270   Data           4  cpuport.o(.data)
    rt_interrupt_to_thread                   0x20000274   Data           4  cpuport.o(.data)
    rt_thread_switch_interrupt_flag          0x20000278   Data           4  cpuport.o(.data)
    Mark                                     0x20000298   Data           1  sys_arch_init.o(.data)
    netif_list                               0x200002a0   Data           4  netif.o(.data)
    netif_default                            0x200002a4   Data           4  netif.o(.data)
    tcp_ticks                                0x200002b8   Data           4  tcp.o(.data)
    tcp_bound_pcbs                           0x200002bc   Data           4  tcp.o(.data)
    tcp_listen_pcbs                          0x200002c0   Data           4  tcp.o(.data)
    tcp_active_pcbs                          0x200002c4   Data           4  tcp.o(.data)
    tcp_tw_pcbs                              0x200002c8   Data           4  tcp.o(.data)
    tcp_tmp_pcb                              0x200002cc   Data           4  tcp.o(.data)
    tcp_state_str                            0x200002d0   Data          44  tcp.o(.data)
    tcp_input_pcb                            0x20000314   Data           4  tcp_in.o(.data)
    udp_pcbs                                 0x20000318   Data           4  udp.o(.data)
    current_netif                            0x20000320   Data           4  ip.o(.data)
    current_header                           0x20000324   Data           4  ip.o(.data)
    moreLen                                  0x20000350   Data           4  lib_xvc_v1_0.o(.data)
    stm32_eth_device                         0x20003f5c   Data         140  netconf.o(.bss)
    data_buff                                0x20004008   Data        2048  load_server_bsd.o(.bss)
    test_read                                0x20004808   Data        2048  load_server_bsd.o(.bss)
    rt_thread_priority_table                 0x20005188   Data         256  scheduler.o(.bss)
    __libspace_start                         0x2000c7d8   Data          96  libspace.o(.bss)
    __temporary_stack_top$libspace           0x2000c838   Data           0  libspace.o(.bss)
    Image$$RW_IRAM1$$ZI$$Limit               0x2000f838   Number         0  anon$$obj.o ABSOLUTE



==============================================================================

Memory Map of the image

  Image Entry point : 0x00000149

  Load Region LR_IROM1 (Base: 0x00000000, Size: 0x0000ad94, Max: 0x00020000, ABSOLUTE, COMPRESSED[0x0000ab38])

    Execution Region ER_IROM1 (Exec base: 0x00000000, Load base: 0x00000000, Size: 0x0000aa38, Max: 0x00020000, ABSOLUTE)

    Exec Addr    Load Addr    Size         Type   Attr      Idx    E Section Name        Object

    0x00000000   0x00000000   0x00000148   Data   RO           83    RESET               startup_hhd32f1xx_s.o
    0x00000148   0x00000148   0x00000008   Code   RO         5139  * !!!main             c_w.l(__main.o)
    0x00000150   0x00000150   0x00000034   Code   RO         5309    !!!scatter          c_w.l(__scatter.o)
    0x00000184   0x00000184   0x0000005a   Code   RO         5307    !!dczerorl2         c_w.l(__dczerorl2.o)
    0x000001de   0x000001de   0x00000002   PAD
    0x000001e0   0x000001e0   0x0000001c   Code   RO         5311    !!handler_zi        c_w.l(__scatter_zi.o)
    0x000001fc   0x000001fc   0x00000000   Code   RO         5130    .ARM.Collect$$_printf_percent$$00000000  c_w.l(_printf_percent.o)
    0x000001fc   0x000001fc   0x00000006   Code   RO         5129    .ARM.Collect$$_printf_percent$$00000009  c_w.l(_printf_d.o)
    0x00000202   0x00000202   0x00000004   Code   RO         5148    .ARM.Collect$$_printf_percent$$00000017  c_w.l(_printf_percent_end.o)
    0x00000206   0x00000206   0x00000002   Code   RO         5177    .ARM.Collect$$libinit$$00000000  c_w.l(libinit.o)
    0x00000208   0x00000208   0x00000000   Code   RO         5184    .ARM.Collect$$libinit$$00000002  c_w.l(libinit2.o)
    0x00000208   0x00000208   0x00000000   Code   RO         5186    .ARM.Collect$$libinit$$00000004  c_w.l(libinit2.o)
    0x00000208   0x00000208   0x00000000   Code   RO         5189    .ARM.Collect$$libinit$$0000000A  c_w.l(libinit2.o)
    0x00000208   0x00000208   0x00000000   Code   RO         5191    .ARM.Collect$$libinit$$0000000C  c_w.l(libinit2.o)
    0x00000208   0x00000208   0x00000000   Code   RO         5193    .ARM.Collect$$libinit$$0000000E  c_w.l(libinit2.o)
    0x00000208   0x00000208   0x00000000   Code   RO         5196    .ARM.Collect$$libinit$$00000011  c_w.l(libinit2.o)
    0x00000208   0x00000208   0x00000000   Code   RO         5198    .ARM.Collect$$libinit$$00000013  c_w.l(libinit2.o)
    0x00000208   0x00000208   0x00000000   Code   RO         5200    .ARM.Collect$$libinit$$00000015  c_w.l(libinit2.o)
    0x00000208   0x00000208   0x00000000   Code   RO         5202    .ARM.Collect$$libinit$$00000017  c_w.l(libinit2.o)
    0x00000208   0x00000208   0x00000000   Code   RO         5204    .ARM.Collect$$libinit$$00000019  c_w.l(libinit2.o)
    0x00000208   0x00000208   0x00000000   Code   RO         5206    .ARM.Collect$$libinit$$0000001B  c_w.l(libinit2.o)
    0x00000208   0x00000208   0x00000000   Code   RO         5208    .ARM.Collect$$libinit$$0000001D  c_w.l(libinit2.o)
    0x00000208   0x00000208   0x00000000   Code   RO         5210    .ARM.Collect$$libinit$$0000001F  c_w.l(libinit2.o)
    0x00000208   0x00000208   0x00000000   Code   RO         5212    .ARM.Collect$$libinit$$00000021  c_w.l(libinit2.o)
    0x00000208   0x00000208   0x00000000   Code   RO         5214    .ARM.Collect$$libinit$$00000023  c_w.l(libinit2.o)
    0x00000208   0x00000208   0x00000000   Code   RO         5216    .ARM.Collect$$libinit$$00000025  c_w.l(libinit2.o)
    0x00000208   0x00000208   0x00000000   Code   RO         5220    .ARM.Collect$$libinit$$0000002C  c_w.l(libinit2.o)
    0x00000208   0x00000208   0x00000000   Code   RO         5222    .ARM.Collect$$libinit$$0000002E  c_w.l(libinit2.o)
    0x00000208   0x00000208   0x00000000   Code   RO         5224    .ARM.Collect$$libinit$$00000030  c_w.l(libinit2.o)
    0x00000208   0x00000208   0x00000000   Code   RO         5226    .ARM.Collect$$libinit$$00000032  c_w.l(libinit2.o)
    0x00000208   0x00000208   0x00000002   Code   RO         5227    .ARM.Collect$$libinit$$00000033  c_w.l(libinit2.o)
    0x0000020a   0x0000020a   0x00000002   Code   RO         5247    .ARM.Collect$$libshutdown$$00000000  c_w.l(libshutdown.o)
    0x0000020c   0x0000020c   0x00000000   Code   RO         5260    .ARM.Collect$$libshutdown$$00000002  c_w.l(libshutdown2.o)
    0x0000020c   0x0000020c   0x00000000   Code   RO         5262    .ARM.Collect$$libshutdown$$00000004  c_w.l(libshutdown2.o)
    0x0000020c   0x0000020c   0x00000000   Code   RO         5265    .ARM.Collect$$libshutdown$$00000007  c_w.l(libshutdown2.o)
    0x0000020c   0x0000020c   0x00000000   Code   RO         5268    .ARM.Collect$$libshutdown$$0000000A  c_w.l(libshutdown2.o)
    0x0000020c   0x0000020c   0x00000000   Code   RO         5270    .ARM.Collect$$libshutdown$$0000000C  c_w.l(libshutdown2.o)
    0x0000020c   0x0000020c   0x00000000   Code   RO         5273    .ARM.Collect$$libshutdown$$0000000F  c_w.l(libshutdown2.o)
    0x0000020c   0x0000020c   0x00000002   Code   RO         5274    .ARM.Collect$$libshutdown$$00000010  c_w.l(libshutdown2.o)
    0x0000020e   0x0000020e   0x00000000   Code   RO         5141    .ARM.Collect$$rtentry$$00000000  c_w.l(__rtentry.o)
    0x0000020e   0x0000020e   0x00000000   Code   RO         5152    .ARM.Collect$$rtentry$$00000002  c_w.l(__rtentry2.o)
    0x0000020e   0x0000020e   0x00000006   Code   RO         5164    .ARM.Collect$$rtentry$$00000004  c_w.l(__rtentry4.o)
    0x00000214   0x00000214   0x00000000   Code   RO         5154    .ARM.Collect$$rtentry$$00000009  c_w.l(__rtentry2.o)
    0x00000214   0x00000214   0x00000004   Code   RO         5155    .ARM.Collect$$rtentry$$0000000A  c_w.l(__rtentry2.o)
    0x00000218   0x00000218   0x00000000   Code   RO         5157    .ARM.Collect$$rtentry$$0000000C  c_w.l(__rtentry2.o)
    0x00000218   0x00000218   0x00000008   Code   RO         5158    .ARM.Collect$$rtentry$$0000000D  c_w.l(__rtentry2.o)
    0x00000220   0x00000220   0x00000002   Code   RO         5181    .ARM.Collect$$rtexit$$00000000  c_w.l(rtexit.o)
    0x00000222   0x00000222   0x00000000   Code   RO         5229    .ARM.Collect$$rtexit$$00000002  c_w.l(rtexit2.o)
    0x00000222   0x00000222   0x00000004   Code   RO         5230    .ARM.Collect$$rtexit$$00000003  c_w.l(rtexit2.o)
    0x00000226   0x00000226   0x00000006   Code   RO         5231    .ARM.Collect$$rtexit$$00000004  c_w.l(rtexit2.o)
    0x0000022c   0x0000022c   0x00000040   Code   RO           84    .text               startup_hhd32f1xx_s.o
    0x0000026c   0x0000026c   0x000000f0   Code   RO         2831    .text               context_rvds.o
    0x0000035c   0x0000035c   0x00000028   Code   RO         5103    .text               c_w.l(noretval__2sprintf.o)
    0x00000384   0x00000384   0x00000068   Code   RO         5105    .text               c_w.l(__printf.o)
    0x000003ec   0x000003ec   0x00000078   Code   RO         5107    .text               c_w.l(_printf_dec.o)
    0x00000464   0x00000464   0x00000058   Code   RO         5131    .text               c_w.l(memcmp.o)
    0x000004bc   0x000004bc   0x0000008a   Code   RO         5133    .text               c_w.l(rt_memcpy_v6.o)
    0x00000546   0x00000546   0x0000004e   Code   RO         5135    .text               c_w.l(rt_memclr_w.o)
    0x00000594   0x00000594   0x00000006   Code   RO         5137    .text               c_w.l(heapauxi.o)
    0x0000059a   0x0000059a   0x000000b2   Code   RO         5142    .text               c_w.l(_printf_intcommon.o)
    0x0000064c   0x0000064c   0x00000030   Code   RO         5144    .text               c_w.l(_printf_char_common.o)
    0x0000067c   0x0000067c   0x0000000a   Code   RO         5146    .text               c_w.l(_sputc.o)
    0x00000686   0x00000686   0x00000064   Code   RO         5149    .text               c_w.l(rt_memcpy_w.o)
    0x000006ea   0x000006ea   0x0000004a   Code   RO         5168    .text               c_w.l(sys_stackheap_outer.o)
    0x00000734   0x00000734   0x00000012   Code   RO         5170    .text               c_w.l(exit.o)
    0x00000746   0x00000746   0x00000002   PAD
    0x00000748   0x00000748   0x00000008   Code   RO         5178    .text               c_w.l(libspace.o)
    0x00000750   0x00000750   0x0000000c   Code   RO         5239    .text               c_w.l(sys_exit.o)
    0x0000075c   0x0000075c   0x00000002   Code   RO         5250    .text               c_w.l(use_no_semi.o)
    0x0000075e   0x0000075e   0x00000000   Code   RO         5252    .text               c_w.l(indicate_semi.o)
    0x0000075e   0x0000075e   0x00000002   PAD
    0x00000760   0x00000760   0x00000050   Code   RO         1880    i.$Sub$$main        components.o
    0x000007b0   0x000007b0   0x00000002   Code   RO          137    i.BusFault_Handler  hhd32f10x_it.o
    0x000007b2   0x000007b2   0x00000002   PAD
    0x000007b4   0x000007b4   0x0000006c   Code   RO          138    i.CAN1_IRQHandler   hhd32f10x_it.o
    0x00000820   0x00000820   0x00000008   Code   RO          732    i.CAN_SetCMD        hhd_can.o
    0x00000828   0x00000828   0x00000004   Code   RO          468    i.Delay             main.o
    0x0000082c   0x0000082c   0x0000001c   Code   RO           89    i.Delay_1ms         hhd32f107.o
    0x00000848   0x00000848   0x0000000c   Code   RO         1200    i.ETH_DMAClearITPendingBit  hhd_eth.o
    0x00000854   0x00000854   0x00000018   Code   RO         1201    i.ETH_DMAITConfig   hhd_eth.o
    0x0000086c   0x0000086c   0x0000005c   Code   RO         1205    i.ETH_DMARxDescChainInit  hhd_eth.o
    0x000008c8   0x000008c8   0x00000012   Code   RO         1207    i.ETH_DMARxDescReceiveITConfig  hhd_eth.o
    0x000008da   0x000008da   0x00000002   PAD
    0x000008dc   0x000008dc   0x00000054   Code   RO         1213    i.ETH_DMATxDescChainInit  hhd_eth.o
    0x00000930   0x00000930   0x00000014   Code   RO         1255    i.ETH_GetSoftwareResetStatus  hhd_eth.o
    0x00000944   0x00000944   0x00000040   Code   RO          140    i.ETH_IRQHandler    hhd32f10x_it.o
    0x00000984   0x00000984   0x0000022c   Code   RO         1263    i.ETH_Init          hhd_eth.o
    0x00000bb0   0x00000bb0   0x0000001a   Code   RO         1266    i.ETH_MACAddressConfig  hhd_eth.o
    0x00000bca   0x00000bca   0x00000002   PAD
    0x00000bcc   0x00000bcc   0x0000005c   Code   RO         1283    i.ETH_ReadPHYRegister  hhd_eth.o
    0x00000c28   0x00000c28   0x00000010   Code   RO         1294    i.ETH_SoftwareReset  hhd_eth.o
    0x00000c38   0x00000c38   0x00000038   Code   RO         1295    i.ETH_Start         hhd_eth.o
    0x00000c70   0x00000c70   0x00000082   Code   RO         1296    i.ETH_StructInit    hhd_eth.o
    0x00000cf2   0x00000cf2   0x00000002   PAD
    0x00000cf4   0x00000cf4   0x0000005c   Code   RO         1298    i.ETH_WritePHYRegister  hhd_eth.o
    0x00000d50   0x00000d50   0x00000108   Code   RO           90    i.Ethernet_Configuration  hhd32f107.o
    0x00000e58   0x00000e58   0x00000038   Code   RO          414    i.FPGA_cmd_clean    fpga_manager.o
    0x00000e90   0x00000e90   0x00000038   Code   RO          416    i.FPGA_cmd_select_flash  fpga_manager.o
    0x00000ec8   0x00000ec8   0x00000038   Code   RO          417    i.FPGA_cmd_select_fpga  fpga_manager.o
    0x00000f00   0x00000f00   0x0000000a   Code   RO          809    i.GPIO_ConfigPinsAsInput  hhd_gpio.o
    0x00000f0a   0x00000f0a   0x00000008   Code   RO          810    i.GPIO_ConfigPinsAsOutput  hhd_gpio.o
    0x00000f12   0x00000f12   0x00000008   Code   RO          817    i.GPIO_ResetPin     hhd_gpio.o
    0x00000f1a   0x00000f1a   0x00000008   Code   RO          819    i.GPIO_SetPin       hhd_gpio.o
    0x00000f22   0x00000f22   0x00000002   PAD
    0x00000f24   0x00000f24   0x00000064   Code   RO          710    i.IO_init           io_init.o
    0x00000f88   0x00000f88   0x00000002   Code   RO          142    i.NMI_Handler       hhd32f10x_it.o
    0x00000f8a   0x00000f8a   0x00000002   PAD
    0x00000f8c   0x00000f8c   0x0000001c   Code   RO          906    i.RCC_APB2PeriphClockCmd  hhd_rcc.o
    0x00000fa8   0x00000fa8   0x000000d0   Code   RO          420    i.SPI_To_FPGA_Read  fpga_manager.o
    0x00001078   0x00001078   0x00000002   Code   RO          143    i.SVC_Handler       hhd32f10x_it.o
    0x0000107a   0x0000107a   0x00000012   Code   RO         1823    i.SysTick_Handler   board.o
    0x0000108c   0x0000108c   0x000000bc   Code   RO            2    i.SystemInit        system_hhd32f1xx.o
    0x00001148   0x00001148   0x00000002   Code   RO          144    i.UsageFault_Handler  hhd32f10x_it.o
    0x0000114a   0x0000114a   0x00000002   PAD
    0x0000114c   0x0000114c   0x000000e0   Code   RO          304    i.WriteByte         simulator_spi.o
    0x0000122c   0x0000122c   0x00000044   Code   RO         2284    i.__rt_ffs          kservice.o
    0x00001270   0x00001270   0x0000001c   Code   RO         2285    i._rt_errno         kservice.o
    0x0000128c   0x0000128c   0x0000016c   Code   RO         4267    i.accept_function   api_msg.o
    0x000013f8   0x000013f8   0x0000001c   Code   RO         4677    i.arp_timer         tcpip.o
    0x00001414   0x00001414   0x00000040   Code   RO          471    i.base_init         main.o
    0x00001454   0x00001454   0x00000054   Code   RO          737    i.can_write_back    hhd_can.o
    0x000014a8   0x000014a8   0x00000068   Code   RO         4268    i.do_bind           api_msg.o
    0x00001510   0x00001510   0x000000a8   Code   RO         4270    i.do_close_internal  api_msg.o
    0x000015b8   0x000015b8   0x00000068   Code   RO         4273    i.do_delconn        api_msg.o
    0x00001620   0x00001620   0x0000007e   Code   RO         4275    i.do_getaddr        api_msg.o
    0x0000169e   0x0000169e   0x00000002   PAD
    0x000016a0   0x000016a0   0x00000098   Code   RO         4276    i.do_listen         api_msg.o
    0x00001738   0x00001738   0x00000022   Code   RO         4482    i.do_netifapi_netif_common  netifapi.o
    0x0000175a   0x0000175a   0x0000001a   Code   RO         4483    i.do_netifapi_netif_set_addr  netifapi.o
    0x00001774   0x00001774   0x000000cc   Code   RO         4277    i.do_newconn        api_msg.o
    0x00001840   0x00001840   0x0000002e   Code   RO         4278    i.do_recv           api_msg.o
    0x0000186e   0x0000186e   0x00000074   Code   RO         4279    i.do_send           api_msg.o
    0x000018e2   0x000018e2   0x00000036   Code   RO         4280    i.do_write          api_msg.o
    0x00001918   0x00001918   0x000000ba   Code   RO         4281    i.do_writemore      api_msg.o
    0x000019d2   0x000019d2   0x00000002   PAD
    0x000019d4   0x000019d4   0x0000003c   Code   RO          647    i.erase_task        load_server_bsd.o
    0x00001a10   0x00001a10   0x00000062   Code   RO         4282    i.err_tcp           api_msg.o
    0x00001a72   0x00001a72   0x00000002   PAD
    0x00001a74   0x00001a74   0x0000007c   Code   RO         4773    i.eth_device_init   ethernetif.o
    0x00001af0   0x00001af0   0x0000000c   Code   RO         4775    i.eth_device_ready  ethernetif.o
    0x00001afc   0x00001afc   0x00000070   Code   RO         4777    i.eth_rx_thread_entry  ethernetif.o
    0x00001b6c   0x00001b6c   0x000000a4   Code   RO         4778    i.eth_system_device_init  ethernetif.o
    0x00001c10   0x00001c10   0x00000034   Code   RO         4779    i.eth_tx_thread_entry  ethernetif.o
    0x00001c44   0x00001c44   0x000000ec   Code   RO         4099    i.etharp_arp_input  etharp.o
    0x00001d30   0x00001d30   0x000000c4   Code   RO         4102    i.etharp_output     etharp.o
    0x00001df4   0x00001df4   0x000001e4   Code   RO         4103    i.etharp_query      etharp.o
    0x00001fd8   0x00001fd8   0x000000d0   Code   RO         4104    i.etharp_request    etharp.o
    0x000020a8   0x000020a8   0x0000004e   Code   RO         4105    i.etharp_send_ip    etharp.o
    0x000020f6   0x000020f6   0x00000002   PAD
    0x000020f8   0x000020f8   0x00000068   Code   RO         4106    i.etharp_tmr        etharp.o
    0x00002160   0x00002160   0x00000072   Code   RO         4107    i.ethernet_input    etharp.o
    0x000021d2   0x000021d2   0x00000002   PAD
    0x000021d4   0x000021d4   0x0000002c   Code   RO         4780    i.ethernetif_linkoutput  ethernetif.o
    0x00002200   0x00002200   0x0000010c   Code   RO         4523    i.event_callback    sockets.o
    0x0000230c   0x0000230c   0x0000017c   Code   RO         4108    i.find_entry        etharp.o
    0x00002488   0x00002488   0x000000a8   Code   RO          649    i.frame_consultation  load_server_bsd.o
    0x00002530   0x00002530   0x00000028   Code   RO          473    i.get_mark          main.o
    0x00002558   0x00002558   0x00000004   Code   RO         3929    i.htonl             inet.o
    0x0000255c   0x0000255c   0x00000004   Code   RO         3930    i.htons             inet.o
    0x00002560   0x00002560   0x0000006c   Code   RO         3905    i.icmp_dest_unreach  icmp.o
    0x000025cc   0x000025cc   0x00000152   Code   RO         3906    i.icmp_input        icmp.o
    0x0000271e   0x0000271e   0x0000006c   Code   RO         3907    i.icmp_time_exceeded  icmp.o
    0x0000278a   0x0000278a   0x0000000c   Code   RO         3977    i.inet_chksum       inet_chksum.o
    0x00002796   0x00002796   0x000000b2   Code   RO         3978    i.inet_chksum_pbuf  inet_chksum.o
    0x00002848   0x00002848   0x000000e4   Code   RO         3979    i.inet_chksum_pseudo  inet_chksum.o
    0x0000292c   0x0000292c   0x0000003e   Code   RO         4044    i.ip_addr_isbroadcast  ip_addr.o
    0x0000296a   0x0000296a   0x00000002   PAD
    0x0000296c   0x0000296c   0x00000148   Code   RO         4067    i.ip_frag           ip_frag.o
    0x00002ab4   0x00002ab4   0x00000188   Code   RO         4006    i.ip_input          ip.o
    0x00002c3c   0x00002c3c   0x00000074   Code   RO         4007    i.ip_output         ip.o
    0x00002cb0   0x00002cb0   0x000000e8   Code   RO         4008    i.ip_output_if      ip.o
    0x00002d98   0x00002d98   0x000002bc   Code   RO         4068    i.ip_reass          ip_frag.o
    0x00003054   0x00003054   0x0000010c   Code   RO         4069    i.ip_reass_remove_oldest_datagram  ip_frag.o
    0x00003160   0x00003160   0x0000001c   Code   RO         4678    i.ip_reass_timer    tcpip.o
    0x0000317c   0x0000317c   0x000000b4   Code   RO         4070    i.ip_reass_tmr      ip_frag.o
    0x00003230   0x00003230   0x0000004c   Code   RO         4009    i.ip_route          ip.o
    0x0000327c   0x0000327c   0x00000034   Code   RO         4835    i.jtag_Server_init  HHD1705_XVC_lib.lib(lib_xvc_v1_0.o)
    0x000032b0   0x000032b0   0x000001c0   Code   RO         4836    i.jtag_gpio_handle  HHD1705_XVC_lib.lib(lib_xvc_v1_0.o)
    0x00003470   0x00003470   0x0000006c   Code   RO         4837    i.jtag_task         HHD1705_XVC_lib.lib(lib_xvc_v1_0.o)
    0x000034dc   0x000034dc   0x00000038   Code   RO          651    i.load_server_init  load_server_bsd.o
    0x00003514   0x00003514   0x00000190   Code   RO         4524    i.lwip_accept       sockets.o
    0x000036a4   0x000036a4   0x00000084   Code   RO         4525    i.lwip_bind         sockets.o
    0x00003728   0x00003728   0x00000060   Code   RO         4526    i.lwip_close        sockets.o
    0x00003788   0x00003788   0x00000012   Code   RO         3111    i.lwip_init         init.o
    0x0000379a   0x0000379a   0x00000002   PAD
    0x0000379c   0x0000379c   0x00000074   Code   RO         4534    i.lwip_listen       sockets.o
    0x00003810   0x00003810   0x00000018   Code   RO         4536    i.lwip_recv         sockets.o
    0x00003828   0x00003828   0x000001bc   Code   RO         4537    i.lwip_recvfrom     sockets.o
    0x000039e4   0x000039e4   0x00000090   Code   RO         4540    i.lwip_send         sockets.o
    0x00003a74   0x00003a74   0x000000f4   Code   RO         4541    i.lwip_sendto       sockets.o
    0x00003b68   0x00003b68   0x000000dc   Code   RO         4545    i.lwip_socket       sockets.o
    0x00003c44   0x00003c44   0x0000001c   Code   RO         4546    i.lwip_socket_init  sockets.o
    0x00003c60   0x00003c60   0x00000060   Code   RO         3980    i.lwip_standard_chksum  inet_chksum.o
    0x00003cc0   0x00003cc0   0x00000094   Code   RO         3017    i.lwip_system_init  sys_arch_init.o
    0x00003d54   0x00003d54   0x0000003c   Code   RO          474    i.main              main.o
    0x00003d90   0x00003d90   0x00000024   Code   RO         1881    i.main_thread_entry  components.o
    0x00003db4   0x00003db4   0x00000028   Code   RO         3171    i.memp_free         memp.o
    0x00003ddc   0x00003ddc   0x00000064   Code   RO         3172    i.memp_init         memp.o
    0x00003e40   0x00003e40   0x00000030   Code   RO         3173    i.memp_malloc       memp.o
    0x00003e70   0x00003e70   0x00000024   Code   RO         4412    i.netbuf_delete     netbuf.o
    0x00003e94   0x00003e94   0x0000001c   Code   RO         4414    i.netbuf_free       netbuf.o
    0x00003eb0   0x00003eb0   0x00000044   Code   RO         4417    i.netbuf_ref        netbuf.o
    0x00003ef4   0x00003ef4   0x0000003a   Code   RO         4174    i.netconn_accept    api_lib.o
    0x00003f2e   0x00003f2e   0x00000082   Code   RO         4283    i.netconn_alloc     api_msg.o
    0x00003fb0   0x00003fb0   0x00000030   Code   RO         4175    i.netconn_bind      api_lib.o
    0x00003fe0   0x00003fe0   0x0000002c   Code   RO         4178    i.netconn_delete    api_lib.o
    0x0000400c   0x0000400c   0x0000006c   Code   RO         4284    i.netconn_free      api_msg.o
    0x00004078   0x00004078   0x00000034   Code   RO         4180    i.netconn_getaddr   api_lib.o
    0x000040ac   0x000040ac   0x00000028   Code   RO         4181    i.netconn_listen_with_backlog  api_lib.o
    0x000040d4   0x000040d4   0x00000048   Code   RO         4182    i.netconn_new_with_proto_and_callback  api_lib.o
    0x0000411c   0x0000411c   0x00000118   Code   RO         4183    i.netconn_recv      api_lib.o
    0x00004234   0x00004234   0x0000002c   Code   RO         4184    i.netconn_send      api_lib.o
    0x00004260   0x00004260   0x00000040   Code   RO         4186    i.netconn_write     api_lib.o
    0x000042a0   0x000042a0   0x000000d8   Code   RO         3219    i.netif_add         netif.o
    0x00004378   0x00004378   0x00000016   Code   RO         3018    i.netif_device_init  sys_arch_init.o
    0x0000438e   0x0000438e   0x0000000a   Code   RO         3222    i.netif_is_up       netif.o
    0x00004398   0x00004398   0x00000084   Code   RO         3224    i.netif_set_addr    netif.o
    0x0000441c   0x0000441c   0x0000000c   Code   RO         3225    i.netif_set_default  netif.o
    0x00004428   0x00004428   0x00000016   Code   RO         3230    i.netif_set_link_down  netif.o
    0x0000443e   0x0000443e   0x0000003c   Code   RO         3231    i.netif_set_link_up  netif.o
    0x0000447a   0x0000447a   0x00000044   Code   RO         3234    i.netif_set_up      netif.o
    0x000044be   0x000044be   0x00000002   PAD
    0x000044c0   0x000044c0   0x00000020   Code   RO         4485    i.netifapi_netif_common  netifapi.o
    0x000044e0   0x000044e0   0x00000028   Code   RO         4486    i.netifapi_netif_set_addr  netifapi.o
    0x00004508   0x00004508   0x00000004   Code   RO         3934    i.ntohl             inet.o
    0x0000450c   0x0000450c   0x00000004   Code   RO         3935    i.ntohs             inet.o
    0x00004510   0x00004510   0x000001b8   Code   RO         3327    i.pbuf_alloc        pbuf.o
    0x000046c8   0x000046c8   0x00000028   Code   RO         3328    i.pbuf_cat          pbuf.o
    0x000046f0   0x000046f0   0x00000042   Code   RO         3329    i.pbuf_chain        pbuf.o
    0x00004732   0x00004732   0x00000012   Code   RO         3330    i.pbuf_clen         pbuf.o
    0x00004744   0x00004744   0x00000094   Code   RO         3332    i.pbuf_copy         pbuf.o
    0x000047d8   0x000047d8   0x00000070   Code   RO         3333    i.pbuf_copy_partial  pbuf.o
    0x00004848   0x00004848   0x00000050   Code   RO         3335    i.pbuf_free         pbuf.o
    0x00004898   0x00004898   0x00000038   Code   RO         3336    i.pbuf_free_ooseq   pbuf.o
    0x000048d0   0x000048d0   0x00000070   Code   RO         3337    i.pbuf_header       pbuf.o
    0x00004940   0x00004940   0x0000003c   Code   RO         3338    i.pbuf_realloc      pbuf.o
    0x0000497c   0x0000497c   0x0000001c   Code   RO         3339    i.pbuf_ref          pbuf.o
    0x00004998   0x00004998   0x0000001a   Code   RO         4285    i.poll_tcp          api_msg.o
    0x000049b2   0x000049b2   0x00000002   PAD
    0x000049b4   0x000049b4   0x000001bc   Code   RO         2286    i.print_number      kservice.o
    0x00004b70   0x00004b70   0x0000000c   Code   RO         3430    i.raw_bind          raw.o
    0x00004b7c   0x00004b7c   0x0000007c   Code   RO         3432    i.raw_input         raw.o
    0x00004bf8   0x00004bf8   0x00000034   Code   RO         3433    i.raw_new           raw.o
    0x00004c2c   0x00004c2c   0x00000006   Code   RO         3434    i.raw_recv          raw.o
    0x00004c32   0x00004c32   0x00000002   PAD
    0x00004c34   0x00004c34   0x0000002c   Code   RO         3435    i.raw_remove        raw.o
    0x00004c60   0x00004c60   0x000000c4   Code   RO         3436    i.raw_send          raw.o
    0x00004d24   0x00004d24   0x000000be   Code   RO         3437    i.raw_sendto        raw.o
    0x00004de2   0x00004de2   0x00000002   PAD
    0x00004de4   0x00004de4   0x00000194   Code   RO          306    i.readWriteByte     simulator_spi.o
    0x00004f78   0x00004f78   0x00000096   Code   RO         4286    i.recv_raw          api_msg.o
    0x0000500e   0x0000500e   0x0000004e   Code   RO         4287    i.recv_tcp          api_msg.o
    0x0000505c   0x0000505c   0x00000086   Code   RO         4288    i.recv_udp          api_msg.o
    0x000050e2   0x000050e2   0x00000002   PAD
    0x000050e4   0x000050e4   0x00000030   Code   RO         1882    i.rt_application_init  components.o
    0x00005114   0x00005114   0x00000020   Code   RO         1883    i.rt_components_board_init  components.o
    0x00005134   0x00005134   0x0000000e   Code   RO         1947    i.rt_device_control  device.o
    0x00005142   0x00005142   0x0000002c   Code   RO         1951    i.rt_device_init    device.o
    0x0000516e   0x0000516e   0x0000008c   Code   RO         1955    i.rt_device_register  device.o
    0x000051fa   0x000051fa   0x00000002   PAD
    0x000051fc   0x000051fc   0x0000001c   Code   RO         2545    i.rt_enter_critical  scheduler.o
    0x00005218   0x00005218   0x0000008c   Code   RO         2546    i.rt_exit_critical  scheduler.o
    0x000052a4   0x000052a4   0x000000ac   Code   RO         2836    i.rt_free           mem.o
    0x00005350   0x00005350   0x00000050   Code   RO         1824    i.rt_hw_board_init  board.o
    0x000053a0   0x000053a0   0x00000018   Code   RO         2797    i.rt_hw_hard_fault_exception  cpuport.o
    0x000053b8   0x000053b8   0x00000040   Code   RO         2798    i.rt_hw_stack_init  cpuport.o
    0x000053f8   0x000053f8   0x000000b0   Code   RO          563    i.rt_hw_stm32_eth_init  netconf.o
    0x000054a8   0x000054a8   0x0000001c   Code   RO         2257    i.rt_interrupt_enter  irq.o
    0x000054c4   0x000054c4   0x0000000c   Code   RO         2258    i.rt_interrupt_get_nest  irq.o
    0x000054d0   0x000054d0   0x0000001c   Code   RO         2259    i.rt_interrupt_leave  irq.o
    0x000054ec   0x000054ec   0x00000118   Code   RO         2837    i.rt_malloc         mem.o
    0x00005604   0x00005604   0x0000004a   Code   RO         2077    i.rt_mb_create      ipc.o
    0x0000564e   0x0000564e   0x00000002   PAD
    0x00005650   0x00005650   0x0000006a   Code   RO         2078    i.rt_mb_delete      ipc.o
    0x000056ba   0x000056ba   0x00000038   Code   RO         2080    i.rt_mb_init        ipc.o
    0x000056f2   0x000056f2   0x00000002   PAD
    0x000056f4   0x000056f4   0x0000015a   Code   RO         2081    i.rt_mb_recv        ipc.o
    0x0000584e   0x0000584e   0x00000006   Code   RO         2082    i.rt_mb_send        ipc.o
    0x00005854   0x00005854   0x00000150   Code   RO         2083    i.rt_mb_send_wait   ipc.o
    0x000059a4   0x000059a4   0x00000072   Code   RO         2291    i.rt_memcpy         kservice.o
    0x00005a16   0x00005a16   0x00000002   PAD
    0x00005a18   0x00005a18   0x00000034   Code   RO         2293    i.rt_memset         kservice.o
    0x00005a4c   0x00005a4c   0x00000050   Code   RO         2485    i.rt_object_allocate  object.o
    0x00005a9c   0x00005a9c   0x0000002a   Code   RO         2486    i.rt_object_delete  object.o
    0x00005ac6   0x00005ac6   0x00000024   Code   RO         2487    i.rt_object_detach  object.o
    0x00005aea   0x00005aea   0x00000002   PAD
    0x00005aec   0x00005aec   0x00000074   Code   RO         2489    i.rt_object_get_information  object.o
    0x00005b60   0x00005b60   0x0000003c   Code   RO         2490    i.rt_object_init    object.o
    0x00005b9c   0x00005b9c   0x0000000c   Code   RO         2491    i.rt_object_is_systemobject  object.o
    0x00005ba8   0x00005ba8   0x0000006c   Code   RO         2547    i.rt_schedule       scheduler.o
    0x00005c14   0x00005c14   0x00000050   Code   RO         2548    i.rt_schedule_insert_thread  scheduler.o
    0x00005c64   0x00005c64   0x00000050   Code   RO         2549    i.rt_schedule_remove_thread  scheduler.o
    0x00005cb4   0x00005cb4   0x00000022   Code   RO         2092    i.rt_sem_create     ipc.o
    0x00005cd6   0x00005cd6   0x00000002   PAD
    0x00005cd8   0x00005cd8   0x00000040   Code   RO         2093    i.rt_sem_delete     ipc.o
    0x00005d18   0x00005d18   0x00000040   Code   RO         2094    i.rt_sem_detach     ipc.o
    0x00005d58   0x00005d58   0x00000020   Code   RO         2095    i.rt_sem_init       ipc.o
    0x00005d78   0x00005d78   0x00000036   Code   RO         2096    i.rt_sem_release    ipc.o
    0x00005dae   0x00005dae   0x00000002   PAD
    0x00005db0   0x00005db0   0x000000d0   Code   RO         2097    i.rt_sem_take       ipc.o
    0x00005e80   0x00005e80   0x00000020   Code   RO         2294    i.rt_set_errno      kservice.o
    0x00005ea0   0x00005ea0   0x00000002   Code   RO         2295    i.rt_show_version   kservice.o
    0x00005ea2   0x00005ea2   0x00000012   Code   RO         2296    i.rt_snprintf       kservice.o
    0x00005eb4   0x00005eb4   0x00000004   Code   RO          564    i.rt_stm32_eth_close  netconf.o
    0x00005eb8   0x00005eb8   0x00000024   Code   RO          565    i.rt_stm32_eth_control  netconf.o
    0x00005edc   0x00005edc   0x00000050   Code   RO          566    i.rt_stm32_eth_init  netconf.o
    0x00005f2c   0x00005f2c   0x00000004   Code   RO          567    i.rt_stm32_eth_open  netconf.o
    0x00005f30   0x00005f30   0x0000000e   Code   RO          568    i.rt_stm32_eth_read  netconf.o
    0x00005f3e   0x00005f3e   0x00000002   PAD
    0x00005f40   0x00005f40   0x000000a4   Code   RO          569    i.rt_stm32_eth_rx   netconf.o
    0x00005fe4   0x00005fe4   0x0000006c   Code   RO          570    i.rt_stm32_eth_tx   netconf.o
    0x00006050   0x00006050   0x0000000e   Code   RO          571    i.rt_stm32_eth_write  netconf.o
    0x0000605e   0x0000605e   0x00000026   Code   RO         2302    i.rt_strncmp        kservice.o
    0x00006084   0x00006084   0x00000062   Code   RO         2303    i.rt_strncpy        kservice.o
    0x000060e6   0x000060e6   0x00000002   PAD
    0x000060e8   0x000060e8   0x00000068   Code   RO         2840    i.rt_system_heap_init  mem.o
    0x00006150   0x00006150   0x00000040   Code   RO         2550    i.rt_system_scheduler_init  scheduler.o
    0x00006190   0x00006190   0x00000028   Code   RO         2551    i.rt_system_scheduler_start  scheduler.o
    0x000061b8   0x000061b8   0x0000000c   Code   RO         2707    i.rt_system_timer_init  timer.o
    0x000061c4   0x000061c4   0x00000048   Code   RO         2708    i.rt_system_timer_thread_init  timer.o
    0x0000620c   0x0000620c   0x000000a4   Code   RO         2612    i.rt_thread_create  thread.o
    0x000062b0   0x000062b0   0x00000078   Code   RO         2613    i.rt_thread_delay   thread.o
    0x00006328   0x00006328   0x00000060   Code   RO         2616    i.rt_thread_exit    thread.o
    0x00006388   0x00006388   0x00000080   Code   RO         2035    i.rt_thread_idle_entry  idle.o
    0x00006408   0x00006408   0x0000003c   Code   RO         2038    i.rt_thread_idle_init  idle.o
    0x00006444   0x00006444   0x00000088   Code   RO         2618    i.rt_thread_init    thread.o
    0x000064cc   0x000064cc   0x00000048   Code   RO         2619    i.rt_thread_resume  thread.o
    0x00006514   0x00006514   0x0000000c   Code   RO         2620    i.rt_thread_self    thread.o
    0x00006520   0x00006520   0x0000005c   Code   RO         2622    i.rt_thread_startup  thread.o
    0x0000657c   0x0000657c   0x00000044   Code   RO         2623    i.rt_thread_suspend  thread.o
    0x000065c0   0x000065c0   0x00000028   Code   RO         2624    i.rt_thread_timeout  thread.o
    0x000065e8   0x000065e8   0x000000a4   Code   RO         2709    i.rt_thread_timer_entry  timer.o
    0x0000668c   0x0000668c   0x00000064   Code   RO         2625    i.rt_thread_yield   thread.o
    0x000066f0   0x000066f0   0x0000000c   Code   RO         1844    i.rt_tick_get       clock.o
    0x000066fc   0x000066fc   0x0000002c   Code   RO         1845    i.rt_tick_increase  clock.o
    0x00006728   0x00006728   0x0000007c   Code   RO         2710    i.rt_timer_check    timer.o
    0x000067a4   0x000067a4   0x00000032   Code   RO         2711    i.rt_timer_control  timer.o
    0x000067d6   0x000067d6   0x0000002a   Code   RO         2714    i.rt_timer_detach   timer.o
    0x00006800   0x00006800   0x00000032   Code   RO         2715    i.rt_timer_init     timer.o
    0x00006832   0x00006832   0x00000002   PAD
    0x00006834   0x00006834   0x000000e4   Code   RO         2717    i.rt_timer_start    timer.o
    0x00006918   0x00006918   0x0000003a   Code   RO         2718    i.rt_timer_stop     timer.o
    0x00006952   0x00006952   0x00000002   PAD
    0x00006954   0x00006954   0x00000364   Code   RO         2306    i.rt_vsnprintf      kservice.o
    0x00006cb8   0x00006cb8   0x00000004   Code   RO         1885    i.rti_board_end     components.o
    0x00006cbc   0x00006cbc   0x00000004   Code   RO         1886    i.rti_board_start   components.o
    0x00006cc0   0x00006cc0   0x00000004   Code   RO         1887    i.rti_end           components.o
    0x00006cc4   0x00006cc4   0x00000004   Code   RO         1888    i.rti_start         components.o
    0x00006cc8   0x00006cc8   0x00000040   Code   RO         4289    i.sent_tcp          api_msg.o
    0x00006d08   0x00006d08   0x0000003c   Code   RO          307    i.spi_Init          simulator_spi.o
    0x00006d44   0x00006d44   0x0000003e   Code   RO         2881    i.sys_arch_mbox_fetch  sys_arch.o
    0x00006d82   0x00006d82   0x0000001c   Code   RO         2882    i.sys_arch_mbox_tryfetch  sys_arch.o
    0x00006d9e   0x00006d9e   0x00000010   Code   RO         2883    i.sys_arch_protect  sys_arch.o
    0x00006dae   0x00006dae   0x00000034   Code   RO         2884    i.sys_arch_sem_wait  sys_arch.o
    0x00006de2   0x00006de2   0x0000001c   Code   RO         2885    i.sys_arch_timeouts  sys_arch.o
    0x00006dfe   0x00006dfe   0x00000012   Code   RO         2886    i.sys_arch_unprotect  sys_arch.o
    0x00006e10   0x00006e10   0x00000002   Code   RO         2887    i.sys_init          sys_arch.o
    0x00006e12   0x00006e12   0x00000062   Code   RO         3493    i.sys_mbox_fetch    sys.o
    0x00006e74   0x00006e74   0x00000004   Code   RO         2888    i.sys_mbox_free     sys_arch.o
    0x00006e78   0x00006e78   0x00000040   Code   RO         2889    i.sys_mbox_new      sys_arch.o
    0x00006eb8   0x00006eb8   0x00000008   Code   RO         2890    i.sys_mbox_post     sys_arch.o
    0x00006ec0   0x00006ec0   0x00000010   Code   RO         2891    i.sys_mbox_trypost  sys_arch.o
    0x00006ed0   0x00006ed0   0x00000004   Code   RO         2892    i.sys_sem_free      sys_arch.o
    0x00006ed4   0x00006ed4   0x0000003c   Code   RO         2893    i.sys_sem_new       sys_arch.o
    0x00006f10   0x00006f10   0x00000004   Code   RO         2894    i.sys_sem_signal    sys_arch.o
    0x00006f14   0x00006f14   0x00000058   Code   RO         3495    i.sys_sem_wait      sys.o
    0x00006f6c   0x00006f6c   0x0000004a   Code   RO         2895    i.sys_thread_new    sys_arch.o
    0x00006fb6   0x00006fb6   0x00000076   Code   RO         3497    i.sys_timeout       sys.o
    0x0000702c   0x0000702c   0x0000004e   Code   RO         3498    i.sys_untimeout     sys.o
    0x0000707a   0x0000707a   0x00000002   PAD
    0x0000707c   0x0000707c   0x00000040   Code   RO          476    i.task_led          main.o
    0x000070bc   0x000070bc   0x00000110   Code   RO         3546    i.tcp_abandon       tcp.o
    0x000071cc   0x000071cc   0x00000004   Code   RO         3547    i.tcp_accept        tcp.o
    0x000071d0   0x000071d0   0x00000006   Code   RO         3548    i.tcp_accept_null   tcp.o
    0x000071d6   0x000071d6   0x00000002   PAD
    0x000071d8   0x000071d8   0x00000104   Code   RO         3549    i.tcp_alloc         tcp.o
    0x000072dc   0x000072dc   0x00000004   Code   RO         3550    i.tcp_arg           tcp.o
    0x000072e0   0x000072e0   0x00000150   Code   RO         3551    i.tcp_bind          tcp.o
    0x00007430   0x00007430   0x000000c0   Code   RO         3552    i.tcp_close         tcp.o
    0x000074f0   0x000074f0   0x00000070   Code   RO         4839    i.tcp_echoserver_accept  HHD1705_XVC_lib.lib(lib_xvc_v1_0.o)
    0x00007560   0x00007560   0x0000000a   Code   RO         4840    i.tcp_echoserver_error  HHD1705_XVC_lib.lib(lib_xvc_v1_0.o)
    0x0000756a   0x0000756a   0x000000a6   Code   RO         4841    i.tcp_echoserver_poll  HHD1705_XVC_lib.lib(lib_xvc_v1_0.o)
    0x00007610   0x00007610   0x000002c0   Code   RO         4842    i.tcp_echoserver_recv  HHD1705_XVC_lib.lib(lib_xvc_v1_0.o)
    0x000078d0   0x000078d0   0x0000009e   Code   RO         4843    i.tcp_echoserver_sent  HHD1705_XVC_lib.lib(lib_xvc_v1_0.o)
    0x0000796e   0x0000796e   0x00000026   Code   RO         3555    i.tcp_eff_send_mss  tcp.o
    0x00007994   0x00007994   0x00000362   Code   RO         3758    i.tcp_enqueue       tcp_out.o
    0x00007cf6   0x00007cf6   0x00000006   Code   RO         3556    i.tcp_err           tcp.o
    0x00007cfc   0x00007cfc   0x000000d8   Code   RO         3557    i.tcp_fasttmr       tcp.o
    0x00007dd4   0x00007dd4   0x00000538   Code   RO         3725    i.tcp_input         tcp_in.o
    0x0000830c   0x0000830c   0x000000b0   Code   RO         3759    i.tcp_keepalive     tcp_out.o
    0x000083bc   0x000083bc   0x00000090   Code   RO         3558    i.tcp_listen_with_backlog  tcp.o
    0x0000844c   0x0000844c   0x00000006   Code   RO         3559    i.tcp_new           tcp.o
    0x00008452   0x00008452   0x00000002   PAD
    0x00008454   0x00008454   0x00000290   Code   RO         3760    i.tcp_output        tcp_out.o
    0x000086e4   0x000086e4   0x00000090   Code   RO         3561    i.tcp_pcb_purge     tcp.o
    0x00008774   0x00008774   0x00000060   Code   RO         3562    i.tcp_pcb_remove    tcp.o
    0x000087d4   0x000087d4   0x0000000a   Code   RO         3563    i.tcp_poll          tcp.o
    0x000087de   0x000087de   0x00000002   PAD
    0x000087e0   0x000087e0   0x0000042a   Code   RO         3726    i.tcp_process       tcp_in.o
    0x00008c0a   0x00008c0a   0x00000002   PAD
    0x00008c0c   0x00008c0c   0x00000888   Code   RO         3727    i.tcp_receive       tcp_in.o
    0x00009494   0x00009494   0x00000006   Code   RO         3564    i.tcp_recv          tcp.o
    0x0000949a   0x0000949a   0x00000080   Code   RO         3565    i.tcp_recv_null     tcp.o
    0x0000951a   0x0000951a   0x0000006c   Code   RO         3566    i.tcp_recved        tcp.o
    0x00009586   0x00009586   0x0000004e   Code   RO         3761    i.tcp_rexmit        tcp_out.o
    0x000095d4   0x000095d4   0x0000009e   Code   RO         3762    i.tcp_rexmit_fast   tcp_out.o
    0x00009672   0x00009672   0x0000002e   Code   RO         3763    i.tcp_rexmit_rto    tcp_out.o
    0x000096a0   0x000096a0   0x000000bc   Code   RO         3764    i.tcp_rst           tcp_out.o
    0x0000975c   0x0000975c   0x0000002c   Code   RO         3567    i.tcp_seg_copy      tcp.o
    0x00009788   0x00009788   0x00000020   Code   RO         3568    i.tcp_seg_free      tcp.o
    0x000097a8   0x000097a8   0x00000032   Code   RO         3569    i.tcp_segs_free     tcp.o
    0x000097da   0x000097da   0x0000001c   Code   RO         3765    i.tcp_send_ctrl     tcp_out.o
    0x000097f6   0x000097f6   0x000000c0   Code   RO         3766    i.tcp_send_empty_ack  tcp_out.o
    0x000098b6   0x000098b6   0x00000006   Code   RO         3570    i.tcp_sent          tcp.o
    0x000098bc   0x000098bc   0x00000004   Code   RO         3571    i.tcp_setprio       tcp.o
    0x000098c0   0x000098c0   0x00000294   Code   RO         3572    i.tcp_slowtmr       tcp.o
    0x00009b54   0x00009b54   0x00000038   Code   RO         4682    i.tcp_timer_needed  tcpip.o
    0x00009b8c   0x00009b8c   0x00000024   Code   RO         3573    i.tcp_tmr           tcp.o
    0x00009bb0   0x00009bb0   0x0000003a   Code   RO         3574    i.tcp_update_rcv_ann_wnd  tcp.o
    0x00009bea   0x00009bea   0x00000042   Code   RO         3767    i.tcp_write         tcp_out.o
    0x00009c2c   0x00009c2c   0x00000112   Code   RO         3768    i.tcp_zero_window_probe  tcp_out.o
    0x00009d3e   0x00009d3e   0x00000002   PAD
    0x00009d40   0x00009d40   0x00000038   Code   RO         4683    i.tcpip_apimsg      tcpip.o
    0x00009d78   0x00009d78   0x00000060   Code   RO         4684    i.tcpip_callback_with_block  tcpip.o
    0x00009dd8   0x00009dd8   0x0000003c   Code   RO         4685    i.tcpip_init        tcpip.o
    0x00009e14   0x00009e14   0x000000a4   Code   RO         3020    i.tcpip_init_done_callback  sys_arch_init.o
    0x00009eb8   0x00009eb8   0x00000058   Code   RO         4686    i.tcpip_input       tcpip.o
    0x00009f10   0x00009f10   0x00000054   Code   RO         4687    i.tcpip_netifapi    tcpip.o
    0x00009f64   0x00009f64   0x00000038   Code   RO         4688    i.tcpip_tcp_timer   tcpip.o
    0x00009f9c   0x00009f9c   0x000000b8   Code   RO         4689    i.tcpip_thread      tcpip.o
    0x0000a054   0x0000a054   0x00000234   Code   RO          652    i.tcpserv           load_server_bsd.o
    0x0000a288   0x0000a288   0x00000068   Code   RO         3829    i.udp_bind          udp.o
    0x0000a2f0   0x0000a2f0   0x0000018c   Code   RO         3832    i.udp_input         udp.o
    0x0000a47c   0x0000a47c   0x00000026   Code   RO         3833    i.udp_new           udp.o
    0x0000a4a2   0x0000a4a2   0x00000006   Code   RO         3834    i.udp_recv          udp.o
    0x0000a4a8   0x0000a4a8   0x0000002c   Code   RO         3835    i.udp_remove        udp.o
    0x0000a4d4   0x0000a4d4   0x0000002a   Code   RO         3836    i.udp_send          udp.o
    0x0000a4fe   0x0000a4fe   0x0000002a   Code   RO         3837    i.udp_sendto        udp.o
    0x0000a528   0x0000a528   0x00000160   Code   RO         3838    i.udp_sendto_if     udp.o
    0x0000a688   0x0000a688   0x00000134   Code   RO         4109    i.update_arp_entry  etharp.o
    0x0000a7bc   0x0000a7bc   0x00000013   Data   RO          422    .constdata          fpga_manager.o
    0x0000a7cf   0x0000a7cf   0x00000122   Data   RO         2308    .constdata          kservice.o
    0x0000a8f1   0x0000a8f1   0x00000001   PAD
    0x0000a8f2   0x0000a8f2   0x00000038   Data   RO         3175    .constdata          memp.o
    0x0000a92a   0x0000a92a   0x00000014   Data   RO         3575    .constdata          tcp.o
    0x0000a93e   0x0000a93e   0x00000004   Data   RO         4045    .constdata          ip_addr.o
    0x0000a942   0x0000a942   0x0000000c   Data   RO         4111    .constdata          etharp.o
    0x0000a94e   0x0000a94e   0x00000002   PAD
    0x0000a950   0x0000a950   0x0000003c   Data   RO         4549    .constdata          sockets.o
    0x0000a98c   0x0000a98c   0x00000075   Data   RO         3576    .conststring        tcp.o
    0x0000aa01   0x0000aa01   0x00000003   PAD
    0x0000aa04   0x0000aa04   0x00000004   Data   RO         1890    .rti_fn.0           components.o
    0x0000aa08   0x0000aa08   0x00000004   Data   RO         1891    .rti_fn.0.end       components.o
    0x0000aa0c   0x0000aa0c   0x00000004   Data   RO         1892    .rti_fn.1.end       components.o
    0x0000aa10   0x0000aa10   0x00000004   Data   RO          573    .rti_fn.2           netconf.o
    0x0000aa14   0x0000aa14   0x00000004   Data   RO         1893    .rti_fn.6.end       components.o
    0x0000aa18   0x0000aa18   0x00000020   Data   RO         5305    Region$$Table       anon$$obj.o


    Execution Region RW_IRAM1 (Exec base: 0x20000000, Load base: 0x0000aa38, Size: 0x0000f838, Max: 0x00020000, ABSOLUTE, COMPRESSED[0x00000100])

    Exec Addr    Load Addr    Size         Type   Attr      Idx    E Section Name        Object

    0x20000000   COMPRESSED   0x00000010   Data   RW            3    .data               system_hhd32f1xx.o
    0x20000010   COMPRESSED   0x0000017c   Data   RW          477    .data               main.o
    0x2000018c   COMPRESSED   0x0000001c   Data   RW          654    .data               load_server_bsd.o
    0x200001a8   COMPRESSED   0x00000010   Data   RW         1302    .data               hhd_eth.o
    0x200001b8   COMPRESSED   0x00000004   Data   RW         1847    .data               clock.o
    0x200001bc   COMPRESSED   0x00000001   Data   RW         2260    .data               irq.o
    0x200001bd   COMPRESSED   0x00000003   PAD
    0x200001c0   COMPRESSED   0x00000004   Data   RW         2309    .data               kservice.o
    0x200001c4   COMPRESSED   0x00000080   Data   RW         2493    .data               object.o
    0x20000244   COMPRESSED   0x00000014   Data   RW         2553    .data               scheduler.o
    0x20000258   COMPRESSED   0x00000014   Data   RW         2720    .data               timer.o
    0x2000026c   COMPRESSED   0x00000004   Data   RW         2799    .data               cpuport.o
    0x20000270   COMPRESSED   0x00000004   Data   RW         2800    .data               cpuport.o
    0x20000274   COMPRESSED   0x00000004   Data   RW         2801    .data               cpuport.o
    0x20000278   COMPRESSED   0x00000004   Data   RW         2802    .data               cpuport.o
    0x2000027c   COMPRESSED   0x00000018   Data   RW         2842    .data               mem.o
    0x20000294   COMPRESSED   0x00000004   Data   RW         2896    .data               sys_arch.o
    0x20000298   COMPRESSED   0x00000001   Data   RW         3021    .data               sys_arch_init.o
    0x20000299   COMPRESSED   0x00000003   PAD
    0x2000029c   COMPRESSED   0x0000000c   Data   RW         3235    .data               netif.o
    0x200002a8   COMPRESSED   0x00000001   Data   RW         3341    .data               pbuf.o
    0x200002a9   COMPRESSED   0x00000003   PAD
    0x200002ac   COMPRESSED   0x00000004   Data   RW         3438    .data               raw.o
    0x200002b0   COMPRESSED   0x0000004c   Data   RW         3577    .data               tcp.o
    0x200002fc   COMPRESSED   0x0000001c   Data   RW         3729    .data               tcp_in.o
    0x20000318   COMPRESSED   0x00000004   Data   RW         3839    .data               udp.o
    0x2000031c   COMPRESSED   0x0000000c   Data   RW         4010    .data               ip.o
    0x20000328   COMPRESSED   0x00000008   Data   RW         4072    .data               ip_frag.o
    0x20000330   COMPRESSED   0x00000001   Data   RW         4112    .data               etharp.o
    0x20000331   COMPRESSED   0x00000003   PAD
    0x20000334   COMPRESSED   0x0000000c   Data   RW         4550    .data               sockets.o
    0x20000340   COMPRESSED   0x00000010   Data   RW         4692    .data               tcpip.o
    0x20000350   COMPRESSED   0x0000000c   Data   RW         4845    .data               HHD1705_XVC_lib.lib(lib_xvc_v1_0.o)
    0x2000035c        -       0x00003cac   Zero   RW          572    .bss                netconf.o
    0x20004008        -       0x00001000   Zero   RW          653    .bss                load_server_bsd.o
    0x20005008        -       0x00000180   Zero   RW         2039    .bss                idle.o
    0x20005188        -       0x00000100   Zero   RW         2552    .bss                scheduler.o
    0x20005288        -       0x00000280   Zero   RW         2719    .bss                timer.o
    0x20005508        -       0x00000020   Zero   RW         2841    .bss                mem.o
    0x20005528        -       0x00005cdf   Zero   RW         3174    .bss                memp.o
    0x2000b207   COMPRESSED   0x00000001   PAD
    0x2000b208        -       0x00000014   Zero   RW         3728    .bss                tcp_in.o
    0x2000b21c        -       0x000005e0   Zero   RW         4071    .bss                ip_frag.o
    0x2000b7fc        -       0x000000c8   Zero   RW         4110    .bss                etharp.o
    0x2000b8c4        -       0x000000c8   Zero   RW         4548    .bss                sockets.o
    0x2000b98c        -       0x000005a0   Zero   RW         4781    .bss                ethernetif.o
    0x2000bf2c        -       0x000008ac   Zero   RW         4844    .bss                HHD1705_XVC_lib.lib(lib_xvc_v1_0.o)
    0x2000c7d8        -       0x00000060   Zero   RW         5179    .bss                c_w.l(libspace.o)
    0x2000c838        -       0x00001000   Zero   RW           82    HEAP                startup_hhd32f1xx_s.o
    0x2000d838        -       0x00002000   Zero   RW           81    STACK               startup_hhd32f1xx_s.o


==============================================================================

Image component sizes


      Code (inc. data)   RO Data    RW Data    ZI Data      Debug   Object Name

       702         40          0          0          0      11005   api_lib.o
      2412         60          0          0          0      15805   api_msg.o
        98         18          0          0          0       1954   board.o
        56         12          0          4          0       1233   clock.o
       212         36         16          0          0       5092   components.o
       240         26          0          0          0        792   context_rvds.o
        88         10          0         16          0       3142   cpuport.o
       198          0          0          0          0       2860   device.o
      2108         40         12          1        200      14594   etharp.o
       508         98          0          0       1440       6289   ethernetif.o
       376         32         19          0          0       4460   fpga_manager.o
       292         14          0          0          0       2027   hhd32f107.o
       180         26          0          0          0      26772   hhd32f10x_it.o
        92          0          0          0          0       2118   hhd_can.o
      1218         90          0         16          0      10797   hhd_eth.o
        34          0          0          0          0       2709   hhd_gpio.o
        28          6          0          0          0        621   hhd_rcc.o
       554          0          0          0          0       3642   icmp.o
       188         24          0          0        384       4260   idle.o
        16          0          0          0          0       3186   inet.o
       514          0          0          0          0       4818   inet_chksum.o
        18          0          0          0          0      15093   init.o
       100          0          0          0          0       1302   io_init.o
       816         34          0         12          0       7662   ip.o
        62          0          4          0          0       5777   ip_addr.o
      1476         18          0          8       1504       7724   ip_frag.o
      1380          0          0          0          0      14422   ipc.o
        68         18          0          1          0       2078   irq.o
      1762         34        290          4          0      13597   kservice.o
       848         90          0         28       4096      11284   load_server_bsd.o
       232         36          0        380          0      21314   main.o
       556         36          0         24         32       3504   mem.o
       188         20         56          0      23775       6746   memp.o
       132          0          0          0          0       3379   netbuf.o
       600         98          4          0      15532       7855   netconf.o
       520         30          0         12          0       8061   netif.o
       132         10          0          0          0       3170   netifapi.o
       346          6          0        128          0       7184   object.o
      1160         20          0          1          0      14851   pbuf.o
       624         16          0          4          0       6593   raw.o
       540         70          0         20        256       7816   scheduler.o
       688         18          0          0          0       1831   simulator_spi.o
      2116        100         60         12        200      14632   sockets.o
        64         26        328          0      12288        984   startup_hhd32f1xx_s.o
       382          0          0          0          0       4070   sys.o
       440         36          0          4          0      15043   sys_arch.o
       334         44          0          1          0      10492   sys_arch_init.o
       188         20          0         16          0      94173   system_hhd32f1xx.o
      2866         92        137         76          0      29665   tcp.o
      4586         74          0         28         20      15764   tcp_in.o
      2728         12          0          0          0      12448   tcp_out.o
       736        100          0         16          0       7730   tcpip.o
       900         50          0          0          0      10527   thread.o
       800         58          0         20        640       9830   timer.o
      1024         20          0          4          0       9596   udp.o

    ----------------------------------------------------------------------
     39598       1718        964        848      60368     534373   Object Totals
         0          0         32          0          0          0   (incl. Generated)
        72          0          6         12          1          0   (incl. Padding)

    ----------------------------------------------------------------------

      Code (inc. data)   RO Data    RW Data    ZI Data      Debug   Library Member Name

      1758        118          0         12       2220      31380   lib_xvc_v1_0.o
        90          0          0          0          0          0   __dczerorl2.o
         8          0          0          0          0         68   __main.o
       104          0          0          0          0         84   __printf.o
         0          0          0          0          0          0   __rtentry.o
        12          0          0          0          0          0   __rtentry2.o
         6          0          0          0          0          0   __rtentry4.o
        52          8          0          0          0          0   __scatter.o
        28          0          0          0          0          0   __scatter_zi.o
        48          6          0          0          0         96   _printf_char_common.o
         6          0          0          0          0          0   _printf_d.o
       120         16          0          0          0         92   _printf_dec.o
       178          0          0          0          0         88   _printf_intcommon.o
         0          0          0          0          0          0   _printf_percent.o
         4          0          0          0          0          0   _printf_percent_end.o
        10          0          0          0          0         68   _sputc.o
        18          0          0          0          0         80   exit.o
         6          0          0          0          0        152   heapauxi.o
         0          0          0          0          0          0   indicate_semi.o
         2          0          0          0          0          0   libinit.o
         2          0          0          0          0          0   libinit2.o
         2          0          0          0          0          0   libshutdown.o
         2          0          0          0          0          0   libshutdown2.o
         8          4          0          0         96         68   libspace.o
        88          0          0          0          0         76   memcmp.o
        40          6          0          0          0         84   noretval__2sprintf.o
        78          0          0          0          0         80   rt_memclr_w.o
       138          0          0          0          0         68   rt_memcpy_v6.o
       100          0          0          0          0         80   rt_memcpy_w.o
         2          0          0          0          0          0   rtexit.o
        10          0          0          0          0          0   rtexit2.o
        12          4          0          0          0         68   sys_exit.o
        74          0          0          0          0         80   sys_stackheap_outer.o
         2          0          0          0          0         68   use_no_semi.o

    ----------------------------------------------------------------------
      3014        162          0         12       2316      32780   Library Totals
         6          0          0          0          0          0   (incl. Padding)

    ----------------------------------------------------------------------

      Code (inc. data)   RO Data    RW Data    ZI Data      Debug   Library Name

      1758        118          0         12       2220      31380   HHD1705_XVC_lib.lib
      1250         44          0          0         96       1400   c_w.l

    ----------------------------------------------------------------------
      3014        162          0         12       2316      32780   Library Totals

    ----------------------------------------------------------------------

==============================================================================


      Code (inc. data)   RO Data    RW Data    ZI Data      Debug   

     42612       1880        964        860      62684     549365   Grand Totals
     42612       1880        964        256      62684     549365   ELF Image Totals (compressed)
     42612       1880        964        256          0          0   ROM Totals

==============================================================================

    Total RO  Size (Code + RO Data)                43576 (  42.55kB)
    Total RW  Size (RW Data + ZI Data)             63544 (  62.05kB)
    Total ROM Size (Code + RO Data + RW Data)      43832 (  42.80kB)

==============================================================================

